14:29 2007-6-1
网址, 嵌入式, 字体
http://www.guobi.com/qy/company.htm
广东国笔科技有限公司，主要从事汉字输入法和多国语言开发及嵌入式文字整体解决方案

10:10 2007-06-02
Linux, 时间, timeval
POSIX 1003.1-2001支持这个函数, 但是时间的起点不知道(bamvor: 估计不是1970年1月1日, 查, 待做)
timeval的最大精度是微秒, 记录Linux系统从1970年1月1日开始的时间. 但是一般来说, Linux自身的精度是10毫秒左右, 如果需要更高实时性, 需要修改内核.
linux/time.h
struct timeval {
        time_t          tv_sec;         /* seconds */
        suseconds_t     tv_usec;        /* microseconds */
};
linux/types.h定义了Linux中的众多类型:
typedef __kernel_time_t         time_t;
typedef __kernel_suseconds_t    suseconds_t;
__kernel_time_t和__kernel_suseconds_t在"asm/posix_types.h"定义
typedef long                    __kernel_time_t;
typedef long                    __kernel_suseconds_t;

11:51 2007-06-02
待做
测试tos_mac_sub.c完成后, 将其编译为库文件.

12:05 2007-06-02
[root@localhost tosmac]# gcc -o tos_mac_sub_test tos_mac_sub_test.c -g
/tmp/ccUdnorB.o(.text+0x23): In function `main':
/usr/src/Imote2/SG2Initial/buildTree/platx/linux-2.6.14/drivers/tosmac/tos_mac_sub_test.c:10: undefined reference to `init_time_interval'
但是在tos_mac_sub_test.c和tos_mac_sub.c都加入了#include"tos_mac_sub.h"，后来想起要把tos_mac_sub.c一起编译：
[root@localhost tosmac]# gcc -o tos_mac_sub_test tos_mac_sub_test.c tos_mac_sub.c -g
编译通过

12:24 2007-06-02
待做
测试tos_mac_sub.h和tos_mac_sub.c, 上午测试出错的原因是init_time_interval函数使用不正确, 该函数原型是
void init_time_interval(struct timeval *tstart_ptr);
正确用法是
struct timeval mtt_tstart;
init_time_interval(&mtt_tstart);
原有用法是
struct timeval *mtt_tstart;
init_time_interval(mtt_tstart);
(23:33 2007-08-08)
其实这时发现的这个问题，背后没有理解的问题就是为什么传入指针就不行？当然表面原因是当时就想到的由于没有给指针分配空间，可实质问题是，如果指针是NULL，对NULL操作无意义也是不允许的。如果指针确实指向了一个有意义内存地址，这是一个野指针，对它的操作是非常危险的。

13:18 2007-06-06
待做, latex工具, 自法电佳亮博士
Texnic center是latex的一个IDE平台。图像可以使用ps格式或eps(enhance ps)格式，再一同转化为pdf文档。网址: http://www.toolscenter.org/
也有Linux平台的工具，尝试使用。这样跨平台的编辑比较方便。



15:13 2007-6-9
待做, 暑假计划, 毕业设计, vga, Snapgear Linux
snapgear-manual-1.33.0.pdf的6 PS/2 KEYBOARD AND VGA CONSOLE对于使用ps2键盘和vga concole有详细的说明，而且是针对GR-XC3S- 1500开发板的。问题是我现在还不会配置硬件。原来也找到过文档。打算趁毕设答辩先学学周中华和孔露毕设那两个板子。暑假开始做，但是只能利用业余时间。主要精力还是要放在2410板子，希望暑假最终把2.6内核跑通。这样才有真正做snapgear Linux的基础。
19:36 2007-06-11
太阳能项目, 路线图
1, 周毅, 贺明学习已有内容. 半个月;(提前复习单片机半个月, 同时张旺, 建辉整理资料). 包括把周中华, 孔露程序利用上. 
2, 改进代码(例如: 改善结构, 改进光敏电阻, 使用太阳能与蓄电池压差判断天亮天黑, 加入时钟调整)
另外, 如果遇到张元华, 问他当时用的什么继电器.

18:08 2007-06-13
提示函数参数类型不完全符合要求：
test_tos_mac.c: In function `main':
test_tos_mac.c:119: warning: char format, void arg (arg 3)
test_tos_mac.c: In function `time_accuracy_test':
test_tos_mac.c:158: warning: int format, long int arg (arg 2)
main:
            for ( i = 0; i < sizeof(function)/sizeof(function[0]); i++ ) {
                printf("%2d: %s\n", i,(char*)function[i][1]); 
            }
function数组是void指针类型，加入了"(char*)"
time_accuracy_test:
printf("average sleep time is %ld ms.\n", total_sleep_time / times)

23:07 2007-06-13
待做.
test_tos_mac.c: (i++)%65535
看刘淼书, 键盘驱动部分, 取余的方法. 
去年兼职的时候也遇到过这个问题. 没有印象了.


23:59 2007-6-14
实习信息
http://www.51mentor.com/job/article.php?tid=9064926a39ede3627d76ffcc643bd773
西门子实习，好像是通信的，要求pspice。
http://www.hiall.com.cn/bbs/viewthread.php?tid=110716&extra=page%3D2
intel FPGA和硬件各招一人
http://www.hiall.com.cn/bbs/viewthread.php?tid=110298&extra=page%3D7
Red Logic工作室招聘实习学生(FPGA/DSP)，这个是10号的。
14:48 2007-06-15
Linux, NFS, 文件系统
[root@Imote2-18 /mnt]#mount 192.168.99.100:/usr/src/Imote2/NFS nfs
mount: 192.168.99.100:/usr/src/Imote2/NFS failed, reason given by server: Permission denied
在RHEL4中, 如果"/etc/exports"没有写明ip地址, 就会有上面的提示, 但是在FC6下面没有这个问题. 查原因, 待做.

16:05 2007-06-15
C语言能力严重退化, 经验.
1, 下午. 把16位地址写入无负号字符数组, 开始一直把”&”写成了“&&”. 
        *send_buf = ( dst_mac_addr >> 8 ) & 0xff;
        *(send_buf+1) = dst_mac_addr & 0xff;
所以写入的数据不是0就是1. 
2, 上午把原来家璐写的邻居表, 用了20分钟才完成, 错误1, 忘记了邻居表中需要命令行输入参数, 而且在”test_tos_mac.c”中输入参数是全局变量. 错误2, 注释上写write周期以ms为单位. 但实际是s. 与单位有关的注释必须要准确.  
改进: 函数的输入, 输出参数, 功能, 和是否使用了外部变量必须说明. 
3, 调试
#define A 0x23;//test
void my_test(const unsigned char my_input);
......
my_test(A);
430编译器提示my_test的A前面缺少”)”. 一直没有找到原因.
后来想到使用430中已经定义好的BIT0等常量, 发现编译通过.
这时同学才注意到多了括号. 后来才想起, 由于多了分号,
所以分号前面的括号没有配对. 
还是不善于根据已有信息分析问题. 

18:20 2007-06-15
MSP430单片机开发板
给郭跃从easyARM开发板中拿了一跟串口线。

18:55 2007-06-15
家璐代码中是一次读出MAC addr和fisco包头，没有考虑fisco有负载数据的情况。

21:03 2007-06-15
FISCO开始
21:50 2007-06-15

10:50 2007-06-16
编译错误
FISCO_FIFO_test.c: In function `s_pid_process':
FISCO_FIFO_test.c:281: error: invalid operands to binary -
        FDPRINT(FINFO, "PTLw: the size of dest MAC addr is ",
                ( fisco_head_ptr - fifo_data ) );
指针类型不正确. 应该是
        FDPRINT(FINFO, "PTLw: the size of dest MAC addr is ",
                ( (unsigned char*)fisco_head_ptr - fifo_data ) );

14:26 2007-06-16
Linux, bash脚本, 编译错误
[root@Imote2-18 tosmac_tools]#tos_mac_tools.sh nfs
/root/tosmac_tools//tos_mac_tools.sh: line 51: syntax error near unexpected token `)'
/root/tosmac_tools//tos_mac_tools.sh: line 51: `    *)'
代码如下: 
    nfs)
        #...
        cd /mnt/nfs
    *)                #line 51
错误原因是"nfs)"这个case没有加入";;"作为结束.

15:04 2007-06-16
编程基础问题
法电实习
开始是没有设置TOS_Msg.length, 后来设置后, 没有考虑要加入magic bit造成fisco负载数据没有发送. 

16:34 2007-06-16
法电实习
6.11-6.17工作总结
由于长时间没有编写代码, 代码质量很低. 本周工作严重延时.
完成工作:
6.13-6.14下午2点完成变长数据发送, 最大发送长度是50. 测试的数据长度是40-60,
结果都正确. 6.14 14点到16点, 接收FIFO完成. 6.14-6.16
16点(有效工作时间6.14:<1h, 6.15: 2-3h, 6.16: 2h20', 共6h). 发送FIFO,
发送一字节负载数据完成. 

15:18 2007-06-17
学习信号, 定时器和curses.h
代码见"linuxDoc/UnixProgramming/Unix_Linux Programming A Guide to Theory and
Practice/bounceld.c"
遇到的编译错误
[root@localhost Unix_Linux Programming A Guide to Theory and Practice]# gcc bouncceld.c set_ticker.c -o bouncceld -g -Wall -lcurses
bouncceld.c: In function `set_ticker':
bouncceld.c:27: warning: 'main' is usually a function
bouncceld.c:27: error: syntax error before '{' token
bouncceld.c:34: error: syntax error before "initscr"
该文件包含了set_ticker.h, 但是set_ticker.h中函数原型没有以";"结尾, 所以编译器报出上述错误. 

16:23 2007-06-17
昨天guo yue 说的发送完成中断没有置位的问题是由于使用的仿真器, 没有用硬件,
奇怪. 查文档. 待做. 

16:34 2007-06-17
1, 确定时钟频率.
2, SPI Enable.
SPI注意事项:
SPI mode is selected when the SYNC bit is set and the I2C bit is cleared
14-3框图, 未完成, 如果郭跃明天没有解决问题, 看代码和手册, 待做. .

22:47 2007-6-19^M
PPT主体完成，现在主要缺少嵌入式和普通PC开发区别等嵌入式介绍。^M
00:16 2007-06-20
1, UCLK向后推迟半个周期. 关键是SPI协议规定的时序.
2,


14:31 2007-6-20
待做, 下载, 郭跃
下开发板资料的网址：http://www.lierda.com/reward/index.html
下 “1、EZ430 USB型开发工具”，第二个我已经下了

下瑞星升级包的网址：http://www.fuwu.net.cn/rising/rising.htm
下瑞星升级包，如果有流量的话再帮我下一个瑞星安装包和防火墙包

13:57 2007-06-21
写fisco_PTL.c的r_pid_process的过滤低信号强度信号部分时. 没有使用无符号整数, 所以把输入的大于127的数字, 保存成了负数. 昨天错过一次, 今天又错了....

15:35 2007-06-21
c语言学习, logic_op_test.c
test the logic result for a integer.
result: a non-zero number is seen as "1". so 123&&34=1, 123||-34=1, !123=0


13:31 2007-06-25
Linux, cdrom(光驱)
Linux光驱的设备名称, 通用名称是/dev/cd*, cd光驱是/dev/cdrom, 刻录是cdrw和cdwriter。根据光驱类型的不同，生成到实际的设备文件的符号链接。例如IDE光驱，设备文件是/dev/hdx，但是不会有硬盘或优盘的分区编号。公司Dell的USB光驱是/dev/scd0。
但是不明白为什么公司Del笔记本FC6下还有/dev/cdrom-sr0, /dev/cdrw-sr0, /dev/cdwriter-sr0这些设备。

16:18 2007-06-25
遇到下面编译错误：
[root@localhost fisco]# arm-linux-gcc MTL_sniffer.c fisco_framework.c fisco_FIFO.c fisco_utils.c -o MTL_sniffer -g -Wall
MTL_sniffer.c:8:20: warning: extra tokens at end of #include directive
In file included from fisco_framework.h:5,
                 from MTL_sniffer.c:9:
fisco.h:100: error: parse error before "time_t"
fisco.h:100: warning: no semicolon at end of struct or union
fisco.h:103: error: parse error before '}' token
fisco.h:103: warning: type defaults to `int' in declaration of `fisco_buf_t'
fisco.h:103: warning: data definition has no type or storage class
开始以为是大括号没有匹配。后来才想起可能是time_t没有定义。
于是在fisco.h中加入"#include <time.h>"，问题解决。原有的fisco.c或fisco_PTL中都有头文件定义了"time_t"，所以没有发现这个问题。现在编程总体上还是没有进入状态。


15:54 2007-06-26
In file included from MTL_tools.c:13:
tos_mac_sub.h:30: warning: "struct timeval" declared inside parameter list
tos_mac_sub.h:30: warning: its scope is only this definition or declaration, which is probably not what you want
tos_mac_sub.h:39: warning: "struct timeval" declared inside parameter list
第30行是: 
void init_time_interval(struct timeval *tstart_ptr);
不知道为什么不正确. 待做.

16:25 2007-06-26
连续多个错误. 
1, 使用strlen, 只是把结尾加入了'\0', 但是没有考虑到STRENGTH定义是0. 修改debug_t后解决. 
2, 没有在fisco_pack中写入负载数据的长度.
修改这两个错误的代码是"fisco_06261630.tar.gz"
17:14 2007-06-26
fiscoMsg2Str无法正常转换MSG_DEBG为字符串. 
后来查到的原因是程序会把i >= message_num的信息认为是非法的, 直接返回了NULL. 把下面两句移动到"if (i < 0 || i >= message_num)"即可. 还是方法问题, 改别人的程序却没有静下心来, 完整已有的代码.
        if ( i == MSG_DEBG )
                return message_str[message_num-1];

        if (i < 0 || i >= message_num)
                return NULL;

        return message_str[i];
3, (17:45 2007-06-26)
修正了前面错误后, 发现fisco_PTL_0626_quiry对于信号强度的过滤有问题. 但是fisco_PTL_0625_decmac没有问题. 查变化
(18:01 2007-06-26)
把tosmac_0625.tar.gz解压缩, 重新编译, 信号强度的判断没有问题.  
经检查fisco_PTL_0626_quiry的strength设置正确, 但是real_strength总是255, 这是不正确的. (fisco_PTL_0626_quiry启动时没有加参数.)
10:28 2007-06-28
从查如何获得进程状态到实际在节点上运行成功. 用了将近70分钟.
"read_process_state, get_pstate"
找方法用了不到10分钟, 效率还可以, 说明我对于Linux使用还算基本熟练. 
但是编写在PC机上运行的测试函数用了50分钟, 编程中出现了大量错误: 头文件不全2次, fprintf函数拼写错误4次, 变量未定义2次. 
函数使用错误:
ps_fp = fopen(ps_filename, "r" );
写成了
ps_fp = fopen(ps_filename, "w" );
由于fgets没有错误号, 
仅仅是我自己写的错误提示信息:
read the 1st line of process status file fail.
后来是重新检查代码, 才发现是文件打开方式有错误. 
read函数有错误号, 可能更适合使用. 晚上改为使用read, 并且查open, read, write, 和.fopen等文件操作 各自的优缺点. 待做***.
bamvor: 编程能力啊, 研二第一学期代码写的太少了...

12:02 2007-06-28
继续调试fisco_PTL.c

14:21 2007-06-28
需要使用usleep, 否则太快了, MTL还没有退出.
if写成了IF. 

16:37 2007-06-28
在fisco_PTL.c中加入配置文件, 用了两个小时. 效率太低了, 难道输入代码的速度也太慢了? 

