.LOG
09:03 2015-01-01
张蕾:
后台OpenERP, 前台app开发，电子商务用.

bamvor:
昨天大致看了看。不太清楚你老公想了解啥。软件方面看看能不能帮上忙：
服务器搭建，维护方式的选择。
软件使用风险。社区成熟程度。
开源对商业应用的风险。
app开发的难易程度。
。。。

08:52 2015-1-3
software skill, SCM, git
dirstat
git diff --dirstat=0.2 v3.18..for-next

Top 20 contributors by patch count (no merges):

$ git log --format=%an --no-merges v3.18..for-next  | sort | uniq -c  |sort -nr | head -n 20
56 Geert Uytterhoeven
48 Maxime Ripard

9:08 2015-1-3
linaro, kernel, arm, arm64
[arm-soc contents merged into 3.19](http://www.linaro.org/blog/core-dump/arm-soc-contents-merged-3-19/)
By Arnd Bergmann Posted December 23, 2014  In Core Dump
ARM: SoC/iommu configuration for 3.19
Commit 6f51ee709e4c

09:17 2015-1-3
community, lwn, arm64
The device mapper "thin provisioning" target has seen some significant performance improvements, mostly having to do with aggregating I/O operations to the same block before issuing them to the underlying device. 


The iommu-config branch contains work from Will Deacon, quoting his description:

“This series adds automatic IOMMU and DMA-mapping configuration for OF-based DMA masters described using the generic IOMMU devicetree bindings. Although there is plenty of future work around splitting up iommu_ops, adding default IOMMU domains and sorting out automatic IOMMU group creation for the platform_bus, this is already useful enough for people to port over their IOMMU drivers and start using the new probing infrastructure (indeed, Marek has patches queued for the Exynos IOMMU)”.

19:00 2014-1-3
年度计划
1, 工作
1), ilp32落地和容器软硬件协同。
2), 提高工作效率。
(1), 高效及时获得社区邮件：
更好的利用kindle看邮件。
一定要自己做么？

2, 家庭

19:19 2015-1-5
diy, hardware, arm, linux
1, 反思：rk3288这个平板买的着急了，当时没想清楚能做什么。现在如果买nexus 9，肯定暂时就不考虑linaro的板了。
要评估几方面：
1), 刷linux是否容易，是否需要大量硬件工作。
目前看nexus需要自己做一根串口线。技术上应该可以实现。
(19:22 2015-1-13)
目前考虑rk3288平板 chroot到arm64看看行不行。

19:24 2015-1-13
目前的工作日志需要提炼，要考虑写文档。原来做ilp32时的很多想法都忘了。

08:24 2015-1-20
filesystem, btrfs, lvm, iSCSI
1, https://www.mail-archive.com/linux-btrfs@vger.kernel.org/msg02298.html
> >> However, with btrfs, I'm not sure about:
> >>
> >> - what happens if SAN machine crashes while the iSCSI file images were 
> >> being written to; with LVM and its block devices, I'm somehow more 
> >> confident it wouldn't make more data loss than necessary
> > 
> > If iscsi is writing with O_DIRECT|O_SYNC it should work.
> 
> What if it doesn't?
> 

Writes would go to the page cache only (not O_DIRECT) and the metadata
wouldn't get flushed with each write (not O_SYNC).

-chris

8:57 2015-01-21
distribution, fedora, fedora 23; arm64; wayland
fedora23变化很大啊，计划只支持64位架构（包括arm64）[1]，使用wayland代替X做为默认显示服务[2]。 
wayland介绍[3]：
Wayland的“直接渲染架构”彻底结束了传统X Window在渲染图形时需要不停的向Server请求、确认再绘制这个繁琐的过程，理论上响应速度有了“爆发式”增长；
Wayland从根本上消除了“Server+Compositor”的重复劳动，仅有且只需要有一个“Compositor”合成器而已。

[1] http://www.phoronix.com/scan.php?page=news_item&px=Fedora-23-64-bit-Proposal
[2] http://www.phoronix.com/scan.php?page=news_item&px=Fedora-Workstation-22-Features
[3] http://imtx.me/archives/1574.html

08:55 2015-01-22
系统调用时间
系统cpu 3G
开了selinux, auditing: 75ns / 0.33
off 42ns / 0.33
也就是说在这个架构的系统调用时间是126cycle, 225cycle。

08:54 2015-01-23
set -g set-titles-string   '#W#F             #T'

14:01 2015-01-30
markdown, format
日期用一级标题：=========，这样自动生成文档时直接去掉日期加总标题。
关键字和题目用二级标题：--------------，将来的工搜索工具可以按标题级别搜索。

09:34 2015-01-31
Virtualbox已经两年没新版本，据说oracle内部只有四个人在做。和kvm相比唯一的优势可能是openGL.


09:42 2015-02-07
software skill, tmux
多电脑登录时如何修改X显示在哪个屏幕？
原来我是在希望显示的屏幕重新ssh -X。今天想到可以修改DISPLAY. 例如当前windows ssh的DISPLAY是localhost:10.0，本地DISPLAY是“:0”

14:35 2015-02-07
vim
开始用strlen发现unicode长度和显示长度不同。
from stackoverflow 5054128.
function! s:LogAssistant_insertSharp
let loc = line('.') - 1
let len = strdisplaywidth(getline(loc))
exe ":normal a" . repeat('-', len)
endfunction

20:44 2015-03-14
software skill, rpm, queryformat
> rpm -q --qf "%{disturl}\n" gcc48
obs://build.opensuse.org/openSUSE:13.2/standard/6d3710092c7fe8023ebfd4f6a9d03462-gcc48

17:14 2015-04-15
software, skill, vpn, NetworkManager
1.  之前用NetworkManager配置PPTP vpn总是不行，今天android手机上配置对比了下，是没有选择MPPE加密造成的。

17:16 2015-04-16
software skill, SCM, git, diff, MS office, ppt, pptx; libreoffice, odp, fodp
1.  现有基本是两个方案， 一个是利用MS自带的diff/merge工具; 一个是利用pptx和odp的特点，直接解包diff. 后一种方法是可以的, 但是我只能得到zip包文件变更, 没有得到具体文件的差异, 应该还是参数用的不对.
<http://xcafebabe.blogspot.mx/2012/09/sexy-comparison-of-word-documents-with.html>
<https://gist.github.com/shuhei/504b5abdd8c27363d02f>
<https://code.google.com/p/tortoisegit/source/browse/contrib/diff-scripts/diff-ppt.js?r=f1639d27e22169c24d23fc89f4d9d678f096f6e9>

MS自带的merge工具, 从2007开始就没有了. 所以只有解包这一条路, 如果不希望解包, 也可以转为fodp, 就是直接用一个XML格式而不是zip包的多个XML.
2.  结论: git保存ms office和libreoffice并没有我原来想象的保存二进制文件那样查的感觉, 后续如果遇到需要保存这类文档, 也是可以考虑的.

16:55 2015-04-18
zypper 1.9.3-1.1
两次Ctrl+C

qemu-system-aarch64 -machine virt -cpu cortex-a57 --nographic -m 1024 -smp 1 --kernel /home/bamvor/works/source/kernel/linux/arch/arm64/boot/Image --append "console=ttyAMA0 root=/dev/vda2 rw" --drive if=none,file=/home/bamvor/works/software/opensuse/openSUSE-13.1-ARM-JeOS-vexpress64.aarch64-1.12.1-Build37.15.raw,id=fs -device virtio-blk-device,drive=fs -net user -netdev user,id=net0,net=192.168.76.0/24,dhcpstart=192.168.76.9 -device virtio-net-device,netdev=net0 -s

15:40 2015-05-06
software skill, distribution, security, signature
1.  how does opensuse sign the package
    https://en.opensuse.org/openSUSE:Build_Service_Signer
    1.  opensuse repoinfo
        https://en.opensuse.org/openSUSE:Standards_RepoInfo
    2.  example
        wget http://download.opensuse.org/repositories/home:/bamvor:/branches:/devel:/gcc/openSUSE_13.2/home:bamvor:branches:devel:gcc.repo

        [home_bamvor_branches_devel_gcc]
        name=Branch project for package gcc48 (openSUSE_13.2)
        type=rpm-md
        baseurl=http://download.opensuse.org/repositories/home:/bamvor:/branches:/devel:/gcc/openSUSE_13.2/
        gpgcheck=1
        gpgkey=http://download.opensuse.org/repositories/home:/bamvor:/branches:/devel:/gcc/openSUSE_13.2/repodata/repomd.xml.key
        enabled=1

        wget http://download.opensuse.org/repositories/home:/bamvor:/branches:/devel:/gcc/openSUSE_13.2/repodata/repomd.xml.key

        cat repomd.xml.key
-----BEGIN PGP PUBLIC KEY BLOCK-----
Version: GnuPG v2.0.15 (GNU/Linux)

mQENBFP+0PQBCADMmjsf73yU0Yqufp+6o8lZAzRqmNcmHhQW6fWoBUa7xEWNf6q7
B93FrS0/+YbKsUu2j+XZlVqBmop53rlIGJ4OGCCpFqvcw6DtvFMCzMM6F39nkhQE
avzJ/p5UUei4PwGIgRSafLh3FLIF6X2bAlFFAbA2re97NAfo6/VM2N6znd/IdYSM
xNrux86ksqYJE0aDBRve2QsUvbD6FElqbC59rreSzKGIlK1n8jzqEAPEKosL2tgS
596CsWYvYYMdKbQ2l5IyQVZSq1n3wFxqjEU9KRh1nGQ5vOZ1RoFAXz+MRKKCIp55
tO6avkbzpEsB+OmCXDQyyxmKKKWN470aG6ptABEBAAG0OGhvbWU6YmFtdm9yIE9C
UyBQcm9qZWN0IDxob21lOmJhbXZvckBidWlsZC5vcGVuc3VzZS5vcmc+iQE+BBMB
AgAoBQJT/tD0AhsDBQkEHrAABgsJCAcDAgYVCAIJCgsEFgIDAQIeAQIXgAAKCRCe
5yr0Ki1RRDvPCACEjSAyMtW/jkEJbGsmdHgGQTBhHp2bVa6jNfvbYrl2pYJrjTAR
XmIdqVldpKueCdNi9Of5ux/YJto3jE+XZSKslM/e1Mv7oK2TTr48nSV66xfXsula
u450lTYyyDaOp2oqiC+m1DTamB9Q6KHdK19KtXCsk+Gebl9WYaAgjPEmfjjBViRU
K2aNV6Ocx/iv6eIQw3PXRrPh/lItuquu8LkT2X/OolcdL/jniGyQXdb91WDk1qe3
Dc56HlGRtpZ7TwT+a1TTqFakHMbYpD85MMHWv+O1OQXrvb5kEyQoG5A0ZUxt4VUb
lx5cv+QVUxLnOk1TMMsLrq7g3QzXS/UO2HXviEYEExECAAYFAlP+0PQACgkQOzAR
t2udZSOrngCeLGgioiB4e7S9opDPBRMhiuE0sZEAoItLKEaj8miOnibR6OiDTPrL
zDj/
=ENjo
-----END PGP PUBLIC KEY BLOCK-----

2.  iso
    https://tr.opensuse.org/SDB:Check_the_validity_of_a_SUSE_RPM_or_ISO_file
3.  install
    https://en.opensuse.org/SDB:Secure_installation_sources
4.  http://unix.stackexchange.com/questions/132836/where-does-zypper-install-the-repository-or-package-signing-keys 

14:50 2015-05-14
  84     68  sysdeps/unix/sysv/linux/mq_notify.c <<GLOBAL>>
             static pthread_barrier_t notify_barrier;
  87     26  nptl/pthread_barrier_destroy.c <<pthread_barrier_destroy>>
             pthread_barrier_t *barrier;
  88     33  nptl/pthread_barrier_init.c <<pthread_barrier_init>>
             pthread_barrier_t *barrier;
  89     28  nptl/pthread_barrier_wait.c <<pthread_barrier_wait>>
             pthread_barrier_t *barrier;
 115   1070  sysdeps/nptl/pthread.h <<pthread_barrier_init>>
             extern int pthread_barrier_init (pthread_barrier_t *__restrict __barrier,
 116   1076  sysdeps/nptl/pthread.h <<pthread_barrier_destroy>>
             extern int pthread_barrier_destroy (pthread_barrier_t *__barrier)
 117   1080  sysdeps/nptl/pthread.h <<pthread_barrier_wait>>
             extern int pthread_barrier_wait (pthread_barrier_t *__barrier)
2.  sysdeps/nptl/internaltypes.h
/* Barrier data structure.  */
struct pthread_barrier
{
  unsigned int curr_event;
  int lock;
  unsigned int left;
  unsigned int init_count;
  int private;
};
从这个数据结构看，pthread的barrier是通过内核futex实现的。

15:44 2015-05-14
software skill, mail client, thunderbird, gmail imap slow
1.  <http://superuser.com/questions/437117/thunderbird-very-slow-with-gmail>
>   unsubscribe the "All Mail" folder for each gmail account. if subscribed you are doubling the download size
2.  <http://www.ghacks.net/2013/09/07/fix-gmail-imap-slows-thunderbird-mails-arriving-timely-fashion/>
    set mail.server.default.use_condstore to false.
3.  other reference:
    <http://kb.mozillazine.org/Performance_(Thunderbird)>

18:46 2015-05-14
fedora, aarch64, qemu
https://fedoraproject.org/wiki/Architectures/AArch64/Install_with_QEMU
1.  https://www.kraxel.org/repos/jenkins/edk2/edk2.git-aarch64-0-20150512.b1001.g30cfc3d.noarch.rpm

11:43 2015-05-15
software skill, systemd, service
1.  man systemd.service
2.  ExecStop, ExecStopPost
3.  systemd的命令必须是绝对目录，同时不能直接用shell内建命令。
4.  systemd中命令的log可以通过"systemctl status your.service"查看。
    如果命令本身没有log, 似乎也没地方查命令是否执行.

18:25 2015-06-05
software skill, pdf, split, 拆分, pdftk
pdf文件拆分: http://linuxcommando.blogspot.jp/2013/02/splitting-up-is-easy-for-pdf-file.html
提取pdf文件前10页:
pdftk origin.pdf cat 1-10 output 1.pdf

16:54 2015-06-07
身份证, 户口本, 收入证明, 在职证明, 工资卡流水, 信用卡流水(?).
邀请函, 个人简历, 行程计划.

16:04 2015-06-11
ilp32, 素材
bamvor@linux-j170:~> LD_DEBUG=all ls 2>&1 | grep file.*need
      9966:     file=libselinux.so.1 [0];  needed by ls [0]
      9966:     file=libcap.so.2 [0];  needed by ls [0]
      9966:     file=libacl.so.1 [0];  needed by ls [0]
      9966:     file=libc.so.6 [0];  needed by ls [0]
      9966:     file=libpcre.so.1 [0];  needed by /lib64/libselinux.so.1 [0]
      9966:     file=libdl.so.2 [0];  needed by /lib64/libselinux.so.1 [0]
      9966:     file=libattr.so.1 [0];  needed by /lib64/libacl.so.1 [0]
      9966:     file=libpthread.so.0 [0];  needed by /usr/lib64/libpcre.so.1 [0]
bamvor@linux-j170:~> LD_TRACE_LOADED_OBJECTS=1 ls
        linux-vdso.so.1 (0x00007ffeea87d000)
        libselinux.so.1 => /lib64/libselinux.so.1 (0x00007efcccba5000)
        libcap.so.2 => /lib64/libcap.so.2 (0x00007efccc9a0000)
        libacl.so.1 => /lib64/libacl.so.1 (0x00007efccc797000)
        libc.so.6 => /lib64/libc.so.6 (0x00007efccc3f0000)
        libpcre.so.1 => /usr/lib64/libpcre.so.1 (0x00007efccc184000)
        libdl.so.2 => /lib64/libdl.so.2 (0x00007efccbf80000)
        /lib64/ld-linux-x86-64.so.2 (0x00007efcccdc9000)
        libattr.so.1 => /lib64/libattr.so.1 (0x00007efccbd7b000)
        libpthread.so.0 => /lib64/libpthread.so.0 (0x00007efccbb5e000)

16:15 2015-06-11
类似的命令
1.  type, which, whereis
bamvor@linux-j170:~> type ll
ll is aliased to `ls -l'
bamvor@linux-j170:~> type ls
ls is aliased to `_ls'
bamvor@linux-j170:~> type _ls
_ls is a function
_ls ()
{
    local IFS=' ';
    command ls $LS_OPTIONS ${1+"$@"}
}

08:55 2015-06-16
轻薄笔记本都没有光驱, 有些硬盘小.
无电源的使用时间.
能否装8G内存
U比M发热更小.

Mac air 2015似乎不支持win7. 暂时不考虑了.

x240 20AMA449CD 1.47kg, win7, 4G内存, 最大支持8G, 支持ssd. 将来如果性能不够可以通过换内存和加ssd解决.
x250 1.4kg 4G内存6299, 8G内存6999. 如果买4G自己换8G内存是加360, 便宜250元.
thinkpad e450c 1.81kg 4200

B470 2.2kg.

win7, win8如何用ssd做缓存
http://blog.sina.com.cn/s/blog_584f1e690102v93n.html
https://forums.lenovo.com/t5/Lenovo-P-Y-and-Z-series/Y500-How-do-I-tell-if-automatic-SSD-cache-is-working/td-p/989349

11:35 2015-06-16
软件技巧, hexdump, xxd, 16进制转为二进制文件
http://nwsmith.blogspot.com/2012/07/convert-hex-dump-to-binary-data-with.html
In my last blog post, I demonstarted how to dump a binary file, using either 'hexdump' or 'xxd'.
In summary, we can do this:
# ls -l hash-file.bin
-rw-r--r-- 1 root root 20 Jul 4 10:05 hash-file.bin
# xxd -p hash-file.bin
57443a4c052350a44638835d64fd66822f813319

Ok, what if we want to do the reverse of this.
That is to take a string of hex characters and create a binary file!
The utility 'xxd' can also do this.
To demonstrate, lets first save the hex representation into a separate file:

# xxd -p hash-file.bin > hash-file.hex
# ls -l hash-file.hex
-rw-r--r-- 1 root root 41 Jul 4 12:04 hash-file.hex
# cat hash-file.hex
57443a4c052350a44638835d64fd66822f813319

18:49 2015-06-18
二手房
http://esf.fang.com/newsecond/news/12172942_999.htm
http://mall.fang.com/mall/201401/esfsf.html

购易贷
http://njcb.com.cn/col/col2061/index.html
1+易贷
http://njcb.com.cn/col/col2521/index.html

15:28 2015-06-26
shawn
https://github.com/citypw

17:02 2015-06-27
software skill, SCM, git
1.  git add -p
2.  git diff --staged
    reference: http://stackoverflow.com/questions/3527856/show-git-diff-on-file-in-staging-area

13:16 2015-06-30
software skill, x-windows, xfce, disable automount
[Disable automount under xfce](http://www.linuxquestions.org/questions/debian-26/disable-automount-under-xfce-867299/)
```
menu, settings, xfce-settings-manger, file-manager, advanced: untick enable volume management.
```

09:45 2015-07-02
GTD
1.  today
    1.  y2038 sound timer.

1.  home
    1.  修下水和上水漏水
    2.  买新衣柜, 整理芸芸衣服

13:26 2015-07-04
arm, cortex-a17, rk3288, chromebook
1. ArchLinux Hisense Chromebook C11
http://archlinuxarm.org/platforms/armv7/rockchip/hisense-chromebook-c11#qt-platform_tabs-ui-tabs2
2.  chromebook内核和标准Linux一样，所以复制原有内核，下载文件系统即可。

15:43 2015-07-06
windows7 OEM
288064 197491 195415 687370 158432 685236 844732 931414

15:49 2015-07-06
GTD, TODO
1.  todo
    1.  解决e440 ACPI和触摸板问题：目前是内核签名不对，uefi拒绝运行。
    2.  rk3368跑Linux.

14:18 2015-07-08
GTD
1.  today, todo
    1.  找游泳东西 DONE
    1.  买房间隔音条 DONE

10:02 2015-07-09
GTD
1.  today
    1.  linaro ppdev邮件.

20:49 2015-07-11
huawei, open source, kernel
http://emui.huawei.com/
这里面有刷机包和源代码可选.

10:26 2015-07-13
GTD
1.  today
    1.  linaro ppdev邮件.
    2.  linaro sound timer patch.

11:44 2015-07-13
# hdparm -I /dev/sdb | grep TRIM
           *    Data Set Management TRIM supported (limit 8 blocks)
           *    Deterministic read ZEROs after TRIM

11:22 2015-07-17
software skill, SCM, git
git format-patch -n2 HEAD~1 --cover-letter --subject-prefix="[RFD PATCH]"

10:26 2015-07-13
GTD
1.  today
    1.  send year 2038 patches for timer.

07:46 2015-07-18
1.  Unless otherwise stated, support means
● Support in the relevant project’s repositories, for example the Linux kernel git
repositories at git.kernel.org
● Source and binary code packages available to download1

1 Linaro provides an open ‘community portal’ at 96Boards.org for 96Boards Certified products where users
may go for support, software upgrades etc

2.  There is no suse and its variant:
●kernel.org mainline, stable or longterm (latest two releases) kernel Operating system
The latest released (stable) version of one or more of the following open source
distributions shall be made available for a 96Boards EE compliant design:
○ Debian
○ Ubuntu
○ Fedora
○ Red Hat
○ A Linaro or vendor supported Linux using the OpenEmbedded/Yocto build
system

14:12 2015-07-21
software skill, signature, gpg, verify
https://rg3.github.io/youtube-dl/download.html
To check the signature, type:
sudo wget https://yt-dl.org/downloads/2015.07.18/youtube-dl.sig -O youtube-dl.sig
gpg --verify youtube-dl.sig /usr/local/bin/youtube-dl
rm youtube-dl.sig

14:13 2015-07-21
software skill, video downloader, youtube
https://rg3.github.io/youtube-dl/download.html

16:35 2015-07-21
git send-email --thread --no-chain-reply-to --annotate --to buildroot@busybox.net --cc thomas.petazzoni@free-electrons.com --cc gustavo.zacarias@free-electrons.com

10:53 2015-07-22
GTD
1.  today

07:08 2015-07-23
GTD
1.  today
    1.  setup ssd for building.

2.  next
    2.  门隔音.
    3.  装格子。
    4.  张凡一玩具整理.
    5.  门口东西收拾.

07:08 2015-07-23
opensuse, aarch64
1.  install /usr/share/qemu/qemu-uefi-aarch64.bin
    sudo zypper ar  -c -f -r http://download.opensuse.org/repositories/Virtualization/openSUSE_13.2/Virtualization.repo
    sudo zypper in qemu-uefi-aarch64

2.  qemu-system-aarch64 commandline: change Factory to Tumbleweed?

2.  must enable kvm for multicpu?

07:47 2015-07-23
1.  first boot
> qemu-system-aarch64 -m 2048 -cpu cortex-a57 -smp 2 -M virt -bios /usr/share/qemu/qemu-uefi-aarch64.bin -serial stdio -devic
e virtio-net-device,vlan=0,id=net0,mac=52:54:00:09:a4:37 -net user,vlan=0,name=hostnet0 -drive if=none,file=openSUSE-Tumbleweed-ARM-JeOS-efi.aarch64-1.12.1-Build296.1.r
aw,id=hd0  -device virtio-blk-device,drive=hd0
WARNING: Image format was not specified for 'openSUSE-Tumbleweed-ARM-JeOS-efi.aarch64-1.12.1-Build296.1.raw' and probing guessed raw.
         Automatically detecting the format is dangerous for raw images, write operations on block 0 will be restricted.
         Specify the 'raw' format explicitly to remove the restrictions.
The default boot selection will start in   1 seconds
Welcome to GRUB!

error: terminal `gfxterm' isn't found.
error: no suitable video mode found.
error: can't find command `terminal'.
error: file `/boot/grub2/themes/openSUSE/ascii.pf2' not found.

                          GNU GRUB  version 2.02~beta2

 /----------------------------------------------------------------------------\
 |*openSUSE-Tumbleweed-ARM-JeOS-efi [ VMX ]                                   |
 | Failsafe -- openSUSE-Tumbleweed-ARM-JeOS-efi [ VMX ]                       |
 |                                                                            |
 |                                                                            |
 |                                                                            |
 |                                                                            |
 |                                                                            |
 |                                                                            |
 |                                                                            |
 |                                                                            |
 |                                                                            |
 |                                                                            |
 |                                                                            |
 \----------------------------------------------------------------------------/

      Use the ^ and v keys to select which entry is highlighted.
      Press enter to boot the selected OS, `e' to edit the commands
      before booting or `c' for a command-line.


Loading linux.vmx...
Loading initrd.vmx...
EFI stub: Booting Linux Kernel...
EFI stub: Using DTB from configuration table
EFI stub: Exiting boot services and installing virtual address map...
[    0.000000] Booting Linux on physical CPU 0x0
[    0.000000] Initializing cgroup subsys cpuset
[    0.000000] Initializing cgroup subsys cpu
[    0.000000] Initializing cgroup subsys cpuacct
[    0.000000] Linux version 4.0.0-1-default (geeko@buildhost) (gcc version 4.8.3 20141208 [gcc-4_8-branch revision 218481] (SUSE Linux) ) #1 SMP Fri Apr 24 12:39:28 UTC 2015 (27299c0)
[    0.000000] CPU: AArch64 Processor [411fd070] revision 0
[    0.000000] Detected PIPT I-cache on CPU0
[    0.000000] efi: Getting EFI parameters from FDT:
[    0.000000] EFI v2.50 by QEMU EFI Jul 13 2015 09:13:06
[    0.000000] efi:
[    0.000000] psci: probing for conduit method from DT.
[    0.000000] psci: PSCIv0.2 detected in firmware.
[    0.000000] psci: Using standard PSCI v0.2 function IDs
[    0.000000] PERCPU: Embedded 2 pages/cpu @fffffe007ff60000 s86336 r8192 d36544 u131072
[    0.000000] Built 1 zonelists in Zone order, mobility grouping off.  Total pages: 32736
[    0.000000] Kernel command line: BOOT_IMAGE=/boot/linux.vmx plymouth.enable=0 console=ttyAMA0,115200n8 showopts
[    0.000000] PID hash table entries: 4096 (order: -1, 32768 bytes)
[    0.000000] Dentry cache hash table entries: 262144 (order: 5, 2097152 bytes)
[    0.000000] Inode-cache hash table entries: 131072 (order: 4, 1048576 bytes)
[    0.000000] software IO TLB [mem 0xbb140000-0xbf140000] (64MB) mapped at [fffffe007b140000-fffffe007f13ffff]
[    0.000000] Memory: 1937472K/2097152K available (5972K kernel code, 846K rwdata, 4224K rodata, 704K init, 1460K bss, 159680K reserved, 0K cma-reserved)
[    0.000000] Virtual kernel memory layout:
[    0.000000]     vmalloc : 0xfffffc0000000000 - 0xfffffdfedfff0000   (  2043 GB)
[    0.000000]     vmemmap : 0xfffffdfee0000000 - 0xfffffdffe0000000   (     4 GB maximum)
[    0.000000]               0xfffffdfee0100000 - 0xfffffdfee0300000   (     2 MB actual)
[    0.000000]     fixed   : 0xfffffdfffabe0000 - 0xfffffdfffac00000   (   128 KB)
[    0.000000]     PCI I/O : 0xfffffdfffae00000 - 0xfffffdfffbe00000   (    16 MB)
[    0.000000]     modules : 0xfffffdfffc000000 - 0xfffffe0000000000   (    64 MB)
[    0.000000]     memory  : 0xfffffe0000000000 - 0xfffffe0080000000   (  2048 MB)
[    0.000000]       .init : 0xfffffe0000a90000 - 0xfffffe0000b40000   (   704 KB)
[    0.000000]       .text : 0xfffffe0000080000 - 0xfffffe0000a85194   ( 10261 KB)
[    0.000000]       .data : 0xfffffe0000b50000 - 0xfffffe0000c23800   (   846 KB)
[    0.000000] Hierarchical RCU implementation.
[    0.000000]  RCU dyntick-idle grace-period acceleration is enabled.
[    0.000000]  RCU restricting CPUs from NR_CPUS=64 to nr_cpu_ids=2.
[    0.000000] RCU: Adjusting geometry for rcu_fanout_leaf=16, nr_cpu_ids=2
[    0.000000] NR_IRQS:64 nr_irqs:64 0
[    0.000000]  Offload RCU callbacks from all CPUs
[    0.000000]  Offload RCU callbacks from CPUs: 0-1.
[    0.000000] Architected cp15 timer(s) running at 62.50MHz (virt).
[    0.000152] sched_clock: 56 bits at 62MHz, resolution 16ns, wraps every 2199023255552ns
[    0.004039] Console: colour dummy device 80x25
[    0.004418] Calibrating delay loop (skipped), value calculated using timer frequency.. 125.00 BogoMIPS (lpj=625000)
[    0.004527] pid_max: default: 32768 minimum: 301
[    0.005195] Security Framework initialized
[    0.007331] AppArmor: AppArmor initialized
[    0.008708] Mount-cache hash table entries: 8192 (order: 0, 65536 bytes)
[    0.008739] Mountpoint-cache hash table entries: 8192 (order: 0, 65536 bytes)
[    0.022306] Initializing cgroup subsys blkio
[    0.022379] Initializing cgroup subsys memory
[    0.022609] Initializing cgroup subsys devices
[    0.022685] Initializing cgroup subsys freezer
[    0.022776] Initializing cgroup subsys net_cls
[    0.022843] Initializing cgroup subsys perf_event
[    0.022899] Initializing cgroup subsys net_prio
[    0.022959] Initializing cgroup subsys hugetlb
[    0.023282] ftrace: allocating 21215 entries in 6 pages
[    0.327663] hw perfevents: no hardware support available
[    0.327902] Remapping and enabling EFI services.
[    0.327998]   EFI remap 0x0000000004000000 => 0000000040000000
[    0.328152]   EFI remap 0x0000000009010000 => 0000000044000000
[    0.328172]   EFI remap 0x00000000b6eb0000 => 0000000044010000
[    0.328193]   EFI remap 0x00000000b6f10000 => 0000000044070000
[    0.328206]   EFI remap 0x00000000b6f20000 => 0000000044080000
[    0.328215]   EFI remap 0x00000000b6fb0000 => 0000000044110000
[    0.328224]   EFI remap 0x00000000b6fc0000 => 0000000044120000
[    0.328233]   EFI remap 0x00000000b6fd0000 => 0000000044130000
[    0.328242]   EFI remap 0x00000000b7030000 => 0000000044170000
[    0.328250]   EFI remap 0x00000000b7090000 => 00000000441d0000
[    0.328259]   EFI remap 0x00000000b70a0000 => 00000000441e0000
[    0.328268]   EFI remap 0x00000000b7130000 => 0000000044270000
[    0.328277]   EFI remap 0x00000000b7140000 => 0000000044280000
[    0.328286]   EFI remap 0x00000000b7150000 => 0000000044290000
[    0.328295]   EFI remap 0x00000000bf140000 => 0000000044320000
[    0.328304]   EFI remap 0x00000000bf170000 => 0000000044350000
[    0.328313]   EFI remap 0x00000000bf1d0000 => 00000000443b0000
[    0.328322]   EFI remap 0x00000000bf220000 => 0000000044400000
[    0.328330]   EFI remap 0x00000000bf230000 => 0000000044410000
[    0.328339]   EFI remap 0x00000000bf280000 => 0000000044460000
[    0.328348]   EFI remap 0x00000000bf290000 => 0000000044470000
[    0.328357]   EFI remap 0x00000000bf550000 => 0000000044700000
[    0.344475] CPU1: Booted secondary processor
[    0.344579] Detected PIPT I-cache on CPU1
[    0.346822] Brought up 2 CPUs
[    0.346874] SMP: Total of 2 processors activated.
[    0.395149] devtmpfs: initialized
[    0.408614] DMI not present or invalid.
[    0.418742] pinctrl core: initialized pinctrl subsystem
[    0.429529] NET: Registered protocol family 16
[    0.457400] cpuidle: using governor ladder
[    0.478115] cpuidle: using governor menu
[    0.478434] vdso: 2 pages (1 code @ fffffe0000b70000, 1 data @ fffffe0000b60000)
[    0.478807] hw-breakpoint: found 6 breakpoint and 4 watchpoint registers.
[    0.488232] DMA: preallocated 256 KiB pool for atomic allocations
[    0.488740] Serial: AMBA PL011 UART driver
[    0.503634] 9000000.pl011: ttyAMA0 at MMIO 0x9000000 (irq = 37, base_baud = 0) is a PL011 rev1
[    0.516562] console [ttyAMA0] enabled
[    0.574876] vgaarb: loaded
[    0.579352] SCSI subsystem initialized
[    0.585575] NetLabel: Initializing
[    0.585701] NetLabel:  domain hash size = 128
[    0.585815] NetLabel:  protocols = UNLABELED CIPSOv4
[    0.586789] NetLabel:  unlabeled traffic allowed by default
[    0.597861] Switched to clocksource arch_sys_counter
[    0.671543] AppArmor: AppArmor Filesystem Enabled
[    0.741278] NET: Registered protocol family 2
[    0.745414] TCP established hash table entries: 16384 (order: 1, 131072 bytes)
[    0.745882] TCP bind hash table entries: 16384 (order: 2, 262144 bytes)
[    0.746447] TCP: Hash tables configured (established 16384 bind 16384)
[    0.746944] TCP: reno registered
[    0.747135] UDP hash table entries: 2048 (order: 0, 65536 bytes)
[    0.747467] UDP-Lite hash table entries: 2048 (order: 0, 65536 bytes)
[    0.752332] NET: Registered protocol family 1
[    0.756209] Unpacking initramfs...
[    6.020586] Freeing initrd memory: 66560K (fffffe0052e20000 - fffffe0056f20000)
[    6.021758] kvm [1]: HYP mode not available
[    6.033700] futex hash table entries: 512 (order: -1, 32768 bytes)
[    6.034563] audit: initializing netlink subsys (disabled)
[    6.035389] audit: type=2000 audit(5.760:1): initialized
[    6.038476] HugeTLB registered 512 MB page size, pre-allocated 0 pages
[    6.039243] zpool: loaded
[    6.039349] zbud: loaded
[    6.042591] VFS: Disk quotas dquot_6.5.2
[    6.051323] VFS: Dquot-cache hash table entries: 8192 (order 0, 65536 bytes)
[    6.161912] Key type big_key registered
[    6.167767] Key type asymmetric registered
[    6.167964] Asymmetric key parser 'x509' registered
[    6.171294] Block layer SCSI generic (bsg) driver version 0.4 loaded (major 252)
[    6.172171] io scheduler noop registered
[    6.172331] io scheduler deadline registered
[    6.181188] io scheduler cfq registered (default)
[    6.183531] pci_hotplug: PCI Hot Plug PCI Core version: 0.5
[    6.183802] pciehp: PCI Express Hot Plug Controller Driver version: 0.4
[    6.184424] PCI host bridge /pcie@10000000 ranges:
[    6.184900]    IO 0x3eff0000..0x3effffff -> 0x00000000
[    6.185240]   MEM 0x10000000..0x3efeffff -> 0x10000000
[    6.187072] pci-host-generic 3f000000.pcie: PCI host bridge to bus 0000:00
[    6.187503] pci_bus 0000:00: root bus resource [bus 00-0f]
[    6.187728] pci_bus 0000:00: root bus resource [io  0x0000-0xffff]
[    6.187937] pci_bus 0000:00: root bus resource [mem 0x10000000-0x3efeffff]
[    6.189191] pci 0000:00:00.0: IOMMU is currently not supported for PCI
[    6.189979] pci 0000:00:00.0: of_irq_parse_pci() failed with rc=-19
[    6.193142] Serial: 8250/16550 driver, 4 ports, IRQ sharing disabled
[    6.196182] Serial: AMBA driver
[    6.196608] uart-pl011 9000000.pl011: no DMA platform data
[    6.214433] mousedev: PS/2 mouse device common for all mice
[    6.218400] rtc-efi rtc-efi: rtc core: registered rtc-efi as rtc0
[    6.220867] ledtrig-cpu: registered to indicate activity on CPUs
[    6.221784] EFI Variables Facility v0.08 2004-May-17
[    6.226023] hidraw: raw HID events driver (C) Jiri Kosina
[    6.227059] TCP: cubic registered
[    6.271326] NET: Registered protocol family 10
[    6.285177] registered taskstats version 1
[    6.286869] AppArmor: AppArmor sha1 policy hashing enabled
[    6.291429] rtc-efi rtc-efi: setting system clock to 2015-07-22 23:38:10 UTC (1437608290)
[    6.324617] Freeing unused kernel memory: 704K (fffffe0000a90000 - fffffe0000b40000)
setterm: cannot (un)set powersave mode: Inappropriate ioctl for device
[   11.847728] systemd-udevd[198]: starting version 219
[   11.859318] random: systemd-udevd urandom read with 2 bits of entropy available
[   12.924601] GPT:Primary header thinks Alt. header is not at the end of the disk.
[   12.924850] GPT:2553855 != 23525375
[   12.924966] GPT:Alternate GPT header not at the end of the disk.
[   12.925135] GPT:2553855 != 23525375
[   12.925243] GPT: Use GNU Parted to correct GPT errors.
[   12.925761]  vda: vda1 vda2
[   15.004558] brd: module loaded
[   15.211266] device-mapper: uevent: version 1.0.3
[   15.222174] device-mapper: ioctl: 4.30.0-ioctl (2014-12-22) initialised: dm-devel@redhat.com
[   15.523878] loop: module loaded
[   15.633012] squashfs: version 4.0 (2009/01/31) Phillip Lougher
[    9.277736] Including oem partition info file
[   10.065922] Searching for boot device...
[   21.501369] st: Version 20101219, fixed bufsize 32768, s/g segs 256
[   18.520853] Found boot device: /dev/vda
[   36.271925] GPT:Primary header thinks Alt. header is not at the end of the disk.
[   36.272310] GPT:2553855 != 23525375
[   36.272449] GPT:Alternate GPT header not at the end of the disk.
[   36.272603] GPT:2553855 != 23525375
[   36.272706] GPT: Use GNU Parted to correct GPT errors.
[   36.272930]  vda: vda1 vda2
[   36.323242] GPT:Primary header thinks Alt. header is not at the end of the disk.
[   36.323455] GPT:2553855 != 23525375
[   36.323559] GPT:Alternate GPT header not at the end of the disk.
[   36.323701] GPT:2553855 != 23525375
[   36.323806] GPT: Use GNU Parted to correct GPT errors.
[   36.323983]  vda: vda1 vda2
[   27.181280] Updating GPT metadata...
[   37.222163] GPT:Primary header thinks Alt. header is not at the end of the disk.
[   37.222381] GPT:2553855 != 23525375
[   37.222484] GPT:Alternate GPT header not at the end of the disk.
[   37.222647] GPT:2553855 != 23525375
[   37.222742] GPT: Use GNU Parted to correct GPT errors.
[   37.222941]  vda: vda1 vda2
[   37.596521]  vda:
[   38.466053]  vda: vda1
[   38.989553]  vda: vda1
[   39.097146]  vda: vda1
[   40.038064]  vda: vda1
[   30.738630] Partition the disk according to real geometry [ parted ]
[   41.139891]  vda: vda1 vda2
[   43.431483]  vda: vda1 vda2
[   44.729163]  vda: vda1 vda2
[   45.170688]  vda: vda1
[   45.753977]  vda: vda1
[   49.054585]  vda: vda1 vda2
[   50.188201]  vda: vda1 vda2
[   50.220511]  vda: vda1 vda2
[   53.164759]  vda: vda1 vda2
[   54.491617]  vda: vda1 vda2
[   54.558308]  vda: vda1 vda2
[   45.636758] Partition the disk according to real geometry [ parted ]
[   56.030398]  vda: vda1 vda2
[   57.595222]  vda: vda1 vda2
[   58.274556]  vda: vda1 vda2
[   59.041877]  vda: vda1 vda2 vda3
[   59.107049]  vda: vda1 vda2 vda3
[   60.222874]  vda: vda1 vda2 vda3
[   61.903380]  vda: vda1 vda2 vda3
[   55.834816] Creating swap space on /dev/vda3
[   56.035332] Filesystem of OEM system is: ext4 -> /dev/vda2
[   56.448765] Checking ext4 filesystem on /dev/vda2...
/dev/vda2: clean, 24683/67104 files, 241874/267504 blocks
[   56.676976] Resizing ext4 filesystem on /dev/vda2...
Resizing the filesystem on /dev/vda2 to 2761664 (4k) blocks.
The filesystem on /dev/vda2 is now 2761664 (4k) blocks long.

[   70.254310] EXT4-fs (vda2): mounted filesystem with ordered data mode. Opts: (null)
/dev/vda1: SEC_TYPE="msdos" LABEL="EFI" UUID="75C6-B71F" TYPE="vfat" PARTLABEL="UEFI" PARTUUID="466b0895-fc95-43fe-b8f6-09398d071682"
[   64.685755] Creating boot loader configuration
[   75.366598] Activating Image: [/dev/vda2]
[   77.270913] Preparing preinit phase...

[   78.529895] Booting System:
[    0.669511] Calling pre-init stage in system image
[   99.766966] systemd-udevd[1451]: starting version 219
[  110.266075] random: nonblocking pool is initialized
[   15.743920] Creating dracut based initrd
[  372.001731] device-mapper: core: cleaned up
[  376.952132] device-mapper: uevent: version 1.0.3
[  376.967950] device-mapper: ioctl: 4.30.0-ioctl (2014-12-22) initialised: dm-devel@redhat.com
[  296.697797] No bootloader installaton required
skiped writing MBR ID for aarch64
[  397.828937] systemd[1]: systemd 219 running in system mode. (+PAM +AUDIT +SELINUX -IMA +APPARMOR -SMACK +SYSVINIT +UTMP +LIBCRYPTSETUP +GCRYPT +GNUTLS +ACL +XZ -LZ4 -SECCOMP +BLKID -ELFUTILS +KMOD +IDN)
[  397.831685] systemd[1]: Detected architecture 'arm64'.

Welcome to openSUSE 20150428 (Tumbleweed) (aarch64)!

[  397.834722] systemd[1]: Set hostname to <linux>.
[  398.442742] systemd-sysv-generator[6689]: Overwriting existing symlink /run/systemd/generator.late/raw.service with real service
[  398.444825] systemd-sysv-generator[6689]: Overwriting existing symlink /run/systemd/generator.late/after.local.service with real service
[  398.445627] systemd-sysv-generator[6689]: Overwriting existing symlink /run/systemd/generator.late/local.service with real service
[  398.446375] systemd-sysv-generator[6689]: Overwriting existing symlink /run/systemd/generator.late/halt.local.service with real service
[  398.447147] systemd-sysv-generator[6689]: Overwriting existing symlink /run/systemd/generator.late/rpmconfigcheck.service with real service
[  398.493107] systemd[1]: Unit type .busname is not supported on this system.
[  398.674365] systemd[1]: [/usr/lib/systemd/system/after-local.service:18] Support for option SysVStartPriority= has been removed and it is ignored
[  398.707895] systemd[1]: Dependency Before=nss-lookup.target dropped from unit nss-lookup.target
[  398.753061] systemd[1]: Found device /dev/disk/by-partuuid/466b0895-fc95-43fe-b8f6-09398d071682.
[  398.754315] systemd[1]: Mounted /.
[  398.755799] systemd[1]: Found device /dev/disk/by-partlabel/lxswap.
[  398.756064] systemd[1]: Found device /sys/devices/platform/a003c00.virtio_mmio/virtio0/block/vda/vda1.
[  398.756535] systemd[1]: Found device /dev/disk/by-uuid/75C6-B71F.
[  398.756797] systemd[1]: Found device /dev/disk/by-partuuid/e72b2367-7aba-41d2-87b8-3189503e388e.
[  398.757117] systemd[1]: Found device /dev/disk/by-path/platform-a003c00.virtio_mmio-part1.
[  398.757426] systemd[1]: Found device /dev/disk/by-label/EFI.
[  398.757730] systemd[1]: Found device /dev/disk/by-uuid/d0f12c2c-39f7-47ee-b1b9-ae140d599eac.
[  398.758068] systemd[1]: Found device /dev/disk/by-partlabel/UEFI.
[  398.758295] systemd[1]: Found device /sys/devices/platform/a003c00.virtio_mmio/virtio0/block/vda/vda3.
[  398.768088] systemd[1]: Cannot add dependency job for unit display-manager.service, ignoring: Unit display-manager.service failed to load: No such file or directory.
[  398.778618] systemd[1]: Started Dispatch Password Requests to Console Directory Watch.
[  398.779150] systemd[1]: Starting Dispatch Password Requests to Console Directory Watch.
[  OK  ] Reached target Paths.
[  398.781621] systemd[1]: Reached target Paths.
[  398.781855] systemd[1]: Starting Paths.
[  OK  ] Set up automount Arbitrary Executab...ats File System Automount Point.
[  398.786271] systemd[1]: Set up automount Arbitrary Executable File Formats File System Automount Point.
[  398.786659] systemd[1]: Starting Arbitrary Executable File Formats File System Automount Point.
[  OK  ] Created slice Root Slice.
[  398.790617] systemd[1]: Created slice Root Slice.
[  398.790852] systemd[1]: Starting Root Slice.
[  OK  ] Listening on udev Kernel Socket.
[  398.793207] systemd[1]: Listening on udev Kernel Socket.
[  398.793468] systemd[1]: Starting udev Kernel Socket.
[  OK  ] Listening on Journal Socket.
[  398.795056] systemd[1]: Listening on Journal Socket.
[  398.795313] systemd[1]: Starting Journal Socket.
[  OK  ] Created slice User and Session Slice.
[  398.798831] systemd[1]: Created slice User and Session Slice.
[  398.799080] systemd[1]: Starting User and Session Slice.
[  OK  ] Listening on Journal Socket (/dev/log).
[  398.800288] systemd[1]: Listening on Journal Socket (/dev/log).
[  398.800531] systemd[1]: Starting Journal Socket (/dev/log).
[  OK  ] Listening on udev Control Socket.
[  398.802154] systemd[1]: Listening on udev Control Socket.
[  398.802390] systemd[1]: Starting udev Control Socket.
[  OK  ] Listening on /dev/initctl Compatibility Named Pipe.
[  398.803913] systemd[1]: Listening on /dev/initctl Compatibility Named Pipe.
[  398.804168] systemd[1]: Starting /dev/initctl Compatibility Named Pipe.
[  OK  ] Listening on Delayed Shutdown Socket.
[  398.805202] systemd[1]: Listening on Delayed Shutdown Socket.
[  398.805432] systemd[1]: Starting Delayed Shutdown Socket.
[  OK  ] Listening on Journal Audit Socket.
[  398.806685] systemd[1]: Listening on Journal Audit Socket.
[  398.806919] systemd[1]: Starting Journal Audit Socket.
[  OK  ] Listening on LVM2 metadata daemon socket.
[  398.807920] systemd[1]: Listening on LVM2 metadata daemon socket.
[  398.808153] systemd[1]: Starting LVM2 metadata daemon socket.
[  OK  ] Created slice System Slice.
[  398.810440] systemd[1]: Created slice System Slice.
[  398.810717] systemd[1]: Starting System Slice.
[  398.819958] systemd[1]: Starting Setup Virtual Console...
         Starting Setup Virtual Console...
[  398.833127] systemd[1]: Mounting Huge Pages File System...
         Mounting Huge Pages File System...
[  398.895865] systemd[1]: Starting Create list of required static device nodes for the current kernel...
         Starting Create list of required st... nodes for the current kernel...
[  OK  ] Reached target Slices.
[  398.922578] systemd[1]: Reached target Slices.
[  398.922838] systemd[1]: Starting Slices.
[  398.929345] systemd[1]: Mounting /sys/kernel/debug...
         Mounting /sys/kernel/debug...
[  OK  ] Created slice system-serial\x2dgetty.slice.
[  398.949870] systemd[1]: Created slice system-serial\x2dgetty.slice.
[  398.950142] systemd[1]: Starting system-serial\x2dgetty.slice.
[  398.956971] systemd[1]: Starting Journal Service...
         Starting Journal Service...
[  399.003074] systemd[1]: Starting Load Kernel Modules...
         Starting Load Kernel Modules...
[  399.072769] systemd[1]: Mounting POSIX Message Queue File System...
         Mounting POSIX Message Queue File System...
[  399.151930] systemd[1]: Started File System Check on Root Device.
[  399.231652] systemd[1]: Starting Remount Root and Kernel File Systems...
         Starting Remount Root and Kernel File Systems...
[  399.281571] systemd[1]: Started Set Up Additional Binary Formats.
[  399.288777] systemd[1]: Starting Rule generator for /dev/root symlink...
         Starting Rule generator for /dev/root symlink...
[  399.338297] systemd[1]: Activating swap /dev/vda3...
         Activating swap /dev/vda3...
[  OK  ] Created slice system-getty.slice.
[  399.412047] systemd[1]: Created slice system-getty.slice.
[  399.412338] systemd[1]: Starting system-getty.slice.
[  OK  ] Mounted POSIX Message Queue File System.
[  399.631583] systemd[1]: Mounted POSIX Message Queue File System.
[  OK  ] Mounted /sys/kernel/debug.
[  399.683105] systemd[1]: Mounted /sys/kernel/debug.
[  399.777037] systemd-journald[6701]: Failed to set file attributes: Inappropriate ioctl for device
[  OK  ] Mounted Huge Pages File System.
[  399.834455] systemd[1]: Mounted Huge Pages File System.
[  OK  ] Started Create list of required sta...ce nodes for the current kernel.
[  399.941880] Adding 508800k swap on /dev/vda3.  Priority:-1 extents:1 across:508800k FS
[  399.961532] systemd[1]: Started Create list of required static device nodes for the current kernel.
[  399.964804] audit: type=1130 audit(1437608684.170:2): pid=1 uid=0 auid=4294967295 ses=4294967295 msg='unit=kmod-static-nodes comm="systemd" exe="/usr/lib/systemd/systemd" hostname=? addr=? terminal=? res=success'
[  OK  ] Started Load Kernel Modules.
[  400.137390] EXT4-fs (vda2): re-mounted. Opts: nobarrier
[  400.172551] systemd[1]: Started Load Kernel Modules.
[  400.180146] audit: type=1130 audit(1437608684.380:3): pid=1 uid=0 auid=4294967295 ses=4294967295 msg='unit=systemd-modules-load comm="systemd" exe="/usr/lib/systemd/systemd" hostname=? addr=? terminal=? res=success'
[  OK  ] Started Rule generator for /dev/root symlink.
[  400.226074] systemd[1]: Started Rule generator for /dev/root symlink.
[  400.226546] audit: type=1130 audit(1437608684.430:4): pid=1 uid=0 auid=4294967295 ses=4294967295 msg='unit=systemd-udev-root-symlink comm="systemd" exe="/usr/lib/systemd/systemd" hostname=? addr=? terminal=? res=success'
[  OK  ] Activated swap /dev/vda3.
[  400.253582] systemd[1]: Activated swap /dev/vda3.
[  OK  ] Started Remount Root and Kernel File Systems.
[  400.314967] systemd[1]: Started Remount Root and Kernel File Systems.
[  400.315419] audit: type=1130 audit(1437608684.520:5): pid=1 uid=0 auid=4294967295 ses=4294967295 msg='unit=systemd-remount-fs comm="systemd" exe="/usr/lib/systemd/systemd" hostname=? addr=? terminal=? res=success'
[  400.510032] systemd[1]: Starting Load/Save Random Seed...
         Starting Load/Save Random Seed...
[  400.622402] systemd[1]: Started First Boot Wizard.
[  400.641642] systemd[1]: Starting Create System Users...
         Starting Create System Users...
[  400.668750] systemd[1]: Starting Rebuild Dynamic Linker Cache...
         Starting Rebuild Dynamic Linker Cache...
[  400.696102] systemd[1]: Starting Rebuild Hardware Database...
         Starting Rebuild Hardware Database...
[  OK  ] Reached target Swap.
[  400.716352] systemd[1]: Reached target Swap.
[  400.716924] systemd[1]: Starting Swap.
[  400.728791] systemd[1]: Starting Apply Kernel Variables...
         Starting Apply Kernel Variables...
[  400.754947] systemd[1]: Mounted FUSE Control File System.
[  400.756253] systemd[1]: Mounted Configuration File System.
[  OK  ] Started Setup Virtual Console.
[  401.147343] systemd[1]: Started Setup Virtual Console.
[  401.151303] audit: type=1130 audit(1437608685.350:6): pid=1 uid=0 auid=4294967295 ses=4294967295 msg='unit=systemd-vconsole-setup comm="systemd" exe="/usr/lib/systemd/systemd" hostname=? addr=? terminal=? res=success'
[  OK  ] Started Load/Save Random Seed.
[  401.211554] systemd[1]: Started Load/Save Random Seed.
[  401.212399] audit: type=1130 audit(1437608685.420:7): pid=1 uid=0 auid=4294967295 ses=4294967295 msg='unit=systemd-random-seed comm="systemd" exe="/usr/lib/systemd/systemd" hostname=? addr=? terminal=? res=success'
[  OK  ] Started Create System Users.
[  401.220526] systemd[1]: Started Create System Users.
[  401.221578] audit: type=1130 audit(1437608685.430:8): pid=1 uid=0 auid=4294967295 ses=4294967295 msg='unit=systemd-sysusers comm="systemd" exe="/usr/lib/systemd/systemd" hostname=? addr=? terminal=? res=success'
[  OK  ] Started Apply Kernel Variables.
[  401.354129] systemd[1]: Started Apply Kernel Variables.
[  401.354774] audit: type=1130 audit(1437608685.560:9): pid=1 uid=0 auid=4294967295 ses=4294967295 msg='unit=systemd-sysctl comm="systemd" exe="/usr/lib/systemd/systemd" hostname=? addr=? terminal=? res=success'
[  401.460196] systemd[1]: Starting Create Static Device Nodes in /dev...
         Starting Create Static Device Nodes in /dev...
[  401.486978] systemd[1]: Starting udev Coldplug all Devices...
         Starting udev Coldplug all Devices...
[  OK  ] Started Create Static Device Nodes in /dev.
[  402.138337] systemd[1]: Started Create Static Device Nodes in /dev.
[  402.138943] audit: type=1130 audit(1437608686.340:10): pid=1 uid=0 auid=4294967295 ses=4294967295 msg='unit=systemd-tmpfiles-setup-dev comm="systemd" exe="/usr/lib/systemd/systemd" hostname=? addr=? terminal=? res=success'
[  OK  ] Reached target Local File Systems (Pre).
[  402.161595] systemd[1]: Reached target Local File Systems (Pre).
[  402.161930] systemd[1]: Starting Local File Systems (Pre).
[  402.168169] systemd[1]: Mounting /boot/efi...
         Mounting /boot/efi...
[  402.191738] systemd[1]: Mounted Lock Directory.
[  402.198728] systemd[1]: Starting udev Kernel Device Manager...
         Starting udev Kernel Device Manager...
[  OK  ] Started udev Coldplug all Devices.
[  402.551937] systemd[1]: Started udev Coldplug all Devices.
[  402.552472] audit: type=1130 audit(1437608686.760:11): pid=1 uid=0 auid=4294967295 ses=4294967295 msg='unit=systemd-udev-trigger comm="systemd" exe="/usr/lib/systemd/systemd" hostname=? addr=? terminal=? res=success'
[  402.566259] systemd[1]: Starting udev Wait for Complete Device Initialization...
         Starting udev Wait for Complete Device Initialization...
[  OK  ] Mounted /boot/efi.
[  402.942549] systemd[1]: Mounted /boot/efi.
[  OK  ] Started udev Kernel Device Manager.
[  403.067563] systemd[1]: Started udev Kernel Device Manager.
[  OK  ] Started udev Wait for Complete Device Initialization.
[  403.301524] systemd[1]: Started udev Wait for Complete Device Initialization.
[  403.369420] systemd[1]: Starting Activation of LVM2 logical volumes...
         Starting Activation of LVM2 logical volumes...
[  OK  ] Started Activation of LVM2 logical volumes.
[  405.362333] systemd[1]: Started Activation of LVM2 logical volumes.
[  405.363171] audit_printk_skb: 6 callbacks suppressed
[  405.363305] audit: type=1130 audit(1437608689.570:14): pid=1 uid=0 auid=4294967295 ses=4294967295 msg='unit=lvm2-activation-early comm="systemd" exe="/usr/lib/systemd/systemd" hostname=? addr=? terminal=? res=success'
[  405.363966] audit: type=1131 audit(1437608689.570:15): pid=1 uid=0 auid=4294967295 ses=4294967295 msg='unit=lvm2-activation-early comm="systemd" exe="/usr/lib/systemd/systemd" hostname=? addr=? terminal=? res=success'
[  OK  ] Reached target Encrypted Volumes.
[  405.391783] systemd[1]: Reached target Encrypted Volumes.
[  405.392110] systemd[1]: Starting Encrypted Volumes.
[  405.398779] systemd[1]: Starting Activation of LVM2 logical volumes...
         Starting Activation of LVM2 logical volumes...
[  OK  ] Started Activation of LVM2 logical volumes.
[  406.773089] systemd[1]: Started Activation of LVM2 logical volumes.
[  406.775007] audit: type=1130 audit(1437608690.980:16): pid=1 uid=0 auid=4294967295 ses=4294967295 msg='unit=lvm2-activation comm="systemd" exe="/usr/lib/systemd/systemd" hostname=? addr=? terminal=? res=success'
[  406.775768] audit: type=1131 audit(1437608690.980:17): pid=1 uid=0 auid=4294967295 ses=4294967295 msg='unit=lvm2-activation comm="systemd" exe="/usr/lib/systemd/systemd" hostname=? addr=? terminal=? res=success'
[  OK  ] Reached target Local File Systems.
[  406.801644] systemd[1]: Reached target Local File Systems.
[  406.802011] systemd[1]: Starting Local File Systems.
[  406.808509] systemd[1]: Starting Rebuild Journal Catalog...
         Starting Rebuild Journal Catalog...
[  406.832260] systemd[1]: Started Commit a transient machine-id on disk.
[  OK  ] Started Journal Service.
[  408.018133] systemd[1]: Started Journal Service.
[  408.019013] audit: type=1130 audit(1437608692.220:18): pid=1 uid=0 auid=4294967295 ses=4294967295 msg='unit=systemd-journald comm="systemd" exe="/usr/lib/systemd/systemd" hostname=? addr=? terminal=? res=success'
         Starting Flush Journal to Persistent Storage...
[  OK  ] Started Rebuild Journal Catalog.
[  408.138055] audit: type=1130 audit(1437608692.340:19): pid=1 uid=0 auid=4294967295 ses=4294967295 msg='unit=systemd-journal-catalog-update comm="systemd" exe="/usr/lib/systemd/systemd" hostname=? addr=? terminal=? res=success'
[  OK  ] Started Rebuild Dynamic Linker Cache.
[  408.332522] audit: type=1130 audit(1437608692.540:20): pid=1 uid=0 auid=4294967295 ses=4294967295 msg='unit=ldconfig comm="systemd" exe="/usr/lib/systemd/systemd" hostname=? addr=? terminal=? res=success'
[  408.426739] systemd-journald[6701]: Received request to flush runtime journal from PID 1
[  OK  ] Started Flush Journal to Persistent Storage.
[  408.522198] audit: type=1130 audit(1437608692.730:21): pid=1 uid=0 auid=4294967295 ses=4294967295 msg='unit=systemd-journal-flush comm="systemd" exe="/usr/lib/systemd/systemd" hostname=? addr=? terminal=? res=success'
         Starting Create Volatile Files and Directories...
[  OK  ] Started Create Volatile Files and Directories.
[  408.764436] audit: type=1130 audit(1437608692.970:22): pid=1 uid=0 auid=4294967295 ses=4294967295 msg='unit=systemd-tmpfiles-setup comm="systemd" exe="/usr/lib/systemd/systemd" hostname=? addr=? terminal=? res=success'
         Starting Update UTMP about System Boot/Shutdown...
[  408.929704] audit: type=1127 audit(1437608693.130:23): pid=6815 uid=0 auid=4294967295 ses=4294967295 msg=' comm="systemd-update-utmp" exe="/usr/lib/systemd/systemd-update-utmp" hostname=? addr=? terminal=? res=success'
[  OK  ] Started Update UTMP about System Boot/Shutdown.
[  OK  ] Started Rebuild Hardware Database.
         Starting Update is Completed...
[  OK  ] Started Update is Completed.
[  OK  ] Reached target System Initialization.
         Starting Restore Sound Card State...
[  OK  ] Listening on D-Bus System Message Bus Socket.
[  OK  ] Reached target Sockets.
[  OK  ] Reached target Timers.
[  OK  ] Reached target Basic System.
         Starting Purge old kernels...
         Starting Permit User Sessions...
         Starting Login Service...
         Starting /etc/init.d/boot.local Compatibility...
[  OK  ] Started D-Bus System Message Bus.
[  410.639860] audit_printk_skb: 9 callbacks suppressed
[  410.640030] audit: type=1130 audit(1437608694.840:27): pid=1 uid=0 auid=4294967295 ses=4294967295 msg='unit=dbus comm="systemd" exe="/usr/lib/systemd/systemd" hostname=? addr=? terminal=? res=success'
         Starting D-Bus System Message Bus...
         Starting wicked DHCPv4 supplicant service...
         Starting wicked DHCPv6 supplicant service...
         Starting wicked AutoIPv4 supplicant service...
[  OK  ] Started Restore Sound Card State.
[  410.816354] audit: type=1130 audit(1437608695.020:28): pid=1 uid=0 auid=4294967295 ses=4294967295 msg='unit=alsa-restore comm="systemd" exe="/usr/lib/systemd/systemd" hostname=? addr=? terminal=? res=success'
[  410.816999] audit: type=1131 audit(1437608695.020:29): pid=1 uid=0 auid=4294967295 ses=4294967295 msg='unit=alsa-restore comm="systemd" exe="/usr/lib/systemd/systemd" hostname=? addr=? terminal=? res=success'
[  OK  ] Started Permit User Sessions.
[  410.918860] audit: type=1130 audit(1437608695.120:30): pid=1 uid=0 auid=4294967295 ses=4294967295 msg='unit=systemd-user-sessions comm="systemd" exe="/usr/lib/systemd/systemd" hostname=? addr=? terminal=? res=success'
[  OK  ] Started /etc/init.d/boot.local Compatibility.
[  410.937863] audit: type=1130 audit(1437608695.140:31): pid=1 uid=0 auid=4294967295 ses=4294967295 msg='unit=rc-local comm="systemd" exe="/usr/lib/systemd/systemd" hostname=? addr=? terminal=? res=success'
[  411.276777] NET: Registered protocol family 17
[  OK  ] Started wicked DHCPv6 supplicant service.
[  411.411255] audit: type=1130 audit(1437608695.610:32): pid=1 uid=0 auid=4294967295 ses=4294967295 msg='unit=wickedd-dhcp6 comm="systemd" exe="/usr/lib/systemd/systemd" hostname=? addr=? terminal=? res=success'
[  OK  ] Started Login Service.
[  411.569431] audit: type=1130 audit(1437608695.770:33): pid=1 uid=0 auid=4294967295 ses=4294967295 msg='unit=systemd-logind comm="systemd" exe="/usr/lib/systemd/systemd" hostname=? addr=? terminal=? res=success'
[  OK  ] Started wicked AutoIPv4 supplicant service.
[  411.622108] audit: type=1130 audit(1437608695.830:34): pid=1 uid=0 auid=4294967295 ses=4294967295 msg='unit=wickedd-auto4 comm="systemd" exe="/usr/lib/systemd/systemd" hostname=? addr=? terminal=? res=success'
[  OK  ] Started wicked DHCPv4 supplicant service.
[  411.671276] audit: type=1130 audit(1437608695.870:35): pid=1 uid=0 auid=4294967295 ses=4294967295 msg='unit=wickedd-dhcp4 comm="systemd" exe="/usr/lib/systemd/systemd" hostname=? addr=? terminal=? res=success'
         Starting wicked network management service daemon...
[  OK  ] Started Getty on tty1.
[  411.886851] audit: type=1130 audit(1437608696.090:36): pid=1 uid=0 auid=4294967295 ses=4294967295 msg='unit=getty@tty1 comm="systemd" exe="/usr/lib/systemd/systemd" hostname=? addr=? terminal=? res=success'
         Starting Getty on tty1...
[  OK  ] Started Serial Getty on ttyAMA0.
         Starting Serial Getty on ttyAMA0...
[  OK  ] Reached target Login Prompts.
[  OK  ] Started /etc/init.d/after.local Compatibility.
         Starting /etc/init.d/after.local Compatibility...
[  OK  ] Started wicked network management service daemon.
         Starting wicked network nanny service...
[  OK  ] Started wicked network nanny service.
         Starting wicked managed network interfaces...
[  418.346368] audit_printk_skb: 12 callbacks suppressed
[  418.346575] audit: type=1130 audit(1437608702.550:41): pid=1 uid=0 auid=4294967295 ses=4294967295 msg='unit=purge-kernels comm="systemd" exe="/usr/lib/systemd/systemd" hostname=? addr=? terminal=? res=success'
[  418.347207] audit: type=1131 audit(1437608702.550:42): pid=1 uid=0 auid=4294967295 ses=4294967295 msg='unit=purge-kernels comm="systemd" exe="/usr/lib/systemd/systemd" hostname=? addr=? terminal=? res=success'

Welcome to openSUSE 20150428 "Tumbleweed" - Kernel 4.0.0-1-default (ttyAMA0).


linux login: [  443.723249] audit: type=1130 audit(1437608727.930:43): pid=1 uid=0 auid=4294967295 ses=4294967295 msg='unit=wicked comm="systemd" exe="/usr/lib/systemd/systemd" hostname=? addr=? terminal=? res=success'
[  449.740234] audit: type=1130 audit(1437608733.940:44): pid=1 uid=0 auid=4294967295 ses=4294967295 msg='unit=ntpd comm="systemd" exe="/usr/lib/systemd/systemd" hostname=? addr=? terminal=? res=success'
[  450.302642] Unable to handle kernel paging request at virtual address bf1d0818
[  450.302926] pgd = fffffe0000dc0000
[  450.303121] [bf1d0818] *pgd=0000000000000000, *pud=0000000000000000, *pmd=0000000000000000
[  450.303904] Internal error: Oops: 94000006 [#1] SMP
[  450.304203] Modules linked in: af_packet aes_ce_blk ablk_helper cryptd aes_ce_cipher ghash_ce sha2_ce sha1_ce uio_pdrv_genirq uio efivarfs dm_mod nls_iso8859_1 nls_cp437 vfat fat sg st sr_mod cdrom squashfs loop brd virtio_net virtio_blk virtio_mmio virtio_ring virtio [last unloaded: dm_mod]
[  450.305386] CPU: 1 PID: 16 Comm: kworker/1:0 Not tainted 4.0.0-1-default #1
[  450.305551] Hardware name: linux,dummy-virt (DT)
[  450.306256] Workqueue: events_power_efficient sync_cmos_clock
[  450.306455] task: fffffe002027bbc0 ti: fffffe002039c000 task.ti: fffffe002039c000
[  450.306895] PC is at 0x44359d64
[  450.307071] LR is at 0x44359d54
[  450.307174] pc : [<0000000044359d64>] lr : [<0000000044359d54>] pstate: 600001c5
[  450.307342] sp : fffffe002039fa90
[  450.307449] x29: fffffe002039fc30 x28: 0000000040040000
[  450.307644] x27: 000000004470f2d8 x26: 00000000443b0848
[  450.307819] x25: 00000000443b16e0 x24: 0000000000000002
[  450.307960] x23: 00000000441e0060 x22: fffffe002039fc9c
[  450.308099] x21: 00000000441d0f80 x20: 00000000441e0060
[  450.308239] x19: 0000000000000007 x18: 000003ff87573c28
[  450.308378] x17: 000003ff87b9b5b8 x16: fffffe0000137448
[  450.308517] x15: 000003ff87572894 x14: fffffe00200119a8
[  450.308656] x13: fffffe0000b80000 x12: 0000020000000000
[  450.308800] x11: 0000000000000020 x10: 0101010101010101
[  450.308963] x9 : fffffe00006d9550 x8 : 7f7f7f7f7f7f7f7f
[  450.309106] x7 : 0000000000000017 x6 : 0000000000000000
[  450.309245] x5 : fffffe002039fb70 x4 : 0000000000000000
[  450.309384] x3 : fffffe002039fb70 x2 : fffffe002039fb30
[  450.309524] x1 : 00000000441e0060 x0 : 00000000bf1d0800
[  450.309665]
[  450.309749] Process kworker/1:0 (pid: 16, stack limit = 0xfffffe002039c028)
[  450.310043] Stack: (0xfffffe002039fa90 to 0xfffffe00203a0000)
[  450.310331] fa80:                                     441d0f80 00000000 00000000 00000000
[  450.310575] faa0: 00000007 00000000 00000002 00000000 441e0060 00000000 2039fc9c fffffe00
[  450.310770] fac0: 443b16e0 00000000 443b0848 00000000 4470f2d8 00000000 40040000 00000000
[  450.310967] fae0: 44354fd0 00000000 2039fc9c fffffe00 443b16e0 00000000 443b0848 00000000
[  450.311160] fb00: 4470f2d8 00000000 44354fa4 00000000 443b16e0 00000000 4435270c 00000000
[  450.311353] fb20: 44357c0c 00000000 443b0848 00000000 00000000 00000000 00000000 00000000
[  450.311545] fb40: 00000000 00000000 00000000 00000000 00000000 00000000 00000000 00000000
[  450.311739] fb60: 00000000 00000000 00000000 00000000 00c159b0 fffffe00 00000015 00000000
[  450.311935] fb80: 2039fc90 fffffe00 441e0060 00000000 441e00c0 00000000 7ff93780 fffffe00
[  450.312128] fba0: 7ff9ea00 fffffe00 00000000 00000000 00000000 00000000 00c159b0 fffffe00
[  450.312320] fbc0: 7ff93780 fffffe00 7ff93798 fffffe00 441d0d34 00000000 00623fc8 fffffe00
[  450.312512] fbe0: 2039fbf0 fffffe00 442d0224 00000000 00000000 00000000 44310018 00000000
[  450.312705] fc00: 442d007c 00000000 000a3d00 fffffe00 00d81a88 fffffe00 00d81a90 fffffe00
[  450.312929] fc20: 2039fc90 fffffe00 004edb6c fffffe00 2039fc70 fffffe00 004d8f30 fffffe00
[  450.313122] fc40: 3924a800 fffffe00 2039fd08 fffffe00 3924aae0 fffffe00 2039fd08 fffffe00
[  450.313315] fc60: 7ff93780 fffffe00 00000140 00000000 2039fca0 fffffe00 004d6c8c fffffe00
[  450.313507] fc80: 2039fca0 fffffe00 2039fd08 fffffe00 160707df ff232d17 00000000 000007ff
[  450.313696] fca0: 2039fcd0 fffffe00 004d5aa8 fffffe00 3924a800 fffffe00 2039fd08 fffffe00
[  450.313889] fcc0: 7ff93780 fffffe00 008924e8 fffffe00 2039fd30 fffffe00 0012ac78 fffffe00
[  450.314078] fce0: 00ba0000 fffffe00 00000000 00000000 7ff93780 fffffe00 1dee4b30 00000000
[  450.314268] fd00: 7ff9ea00 fffffe00 00000023 0000002d 00000017 00000016 00000006 00000073
[  450.314456] fd20: 00000003 000000cb 00000000 fffffe00 2039fd80 fffffe00 000daf10 fffffe00
[  450.314645] fd40: 00ba0cb8 fffffe00 20046e00 fffffe00 2039fd80 fffffe00 000daed8 fffffe00
[  450.314836] fd60: 55b02b1e 00000000 1dee4b30 00000000 7ff93780 fffffe00 00ba0cb8 fffffe00
[  450.315025] fd80: 2039fdd0 fffffe00 000dba70 fffffe00 20046e00 fffffe00 7ff93798 fffffe00
[  450.315215] fda0: 7ff93780 fffffe00 20046e30 fffffe00 2039c000 fffffe00 00c15275 fffffe00
[  450.315403] fdc0: 008349d8 fffffe00 00000008 00000000 2039fe30 fffffe00 000e0b28 fffffe00
[  450.315592] fde0: 2002a040 fffffe00 00c530f0 fffffe00 00831c88 fffffe00 20046e00 fffffe00
[  450.315781] fe00: 000db930 fffffe00 00000000 00000000 00000000 00000000 00000000 00000000
[  450.315996] fe20: 00000000 00000000 00000000 00000000 00000000 00000000 00093bb0 fffffe00
[  450.316186] fe40: 000e0a44 fffffe00 2002a040 fffffe00 00000000 00000000 00000000 00000000
[  450.316374] fe60: 00000000 00000000 2002a040 fffffe00 00000000 00000000 00000000 00000000
[  450.316562] fe80: 00000000 00000000 20046e00 fffffe00 00000000 00000000 00000000 00000000
[  450.316751] fea0: 2039fea0 fffffe00 2039fea0 fffffe00 00000000 fffffe00 00000000 00000000
[  450.316943] fec0: 2039fec0 fffffe00 2039fec0 fffffe00 00000000 00000000 00000000 00000000
[  450.317132] fee0: 00000000 00000000 00000000 00000000 00000000 00000000 00000000 00000000
[  450.317321] ff00: 00000000 00000000 00000000 00000000 00000000 00000000 00000000 00000000
[  450.317508] ff20: 00000000 00000000 00000000 00000000 00000000 00000000 00000000 00000000
[  450.317697] ff40: 00000000 00000000 00000000 00000000 00000000 00000000 00000000 00000000
[  450.317889] ff60: 00000000 00000000 00000000 00000000 00000000 00000000 00000000 00000000
[  450.318079] ff80: 00000000 00000000 00000000 00000000 00000000 00000000 00000000 00000000
[  450.318267] ffa0: 00000000 00000000 00000000 00000000 00000000 00000000 00000000 00000000
[  450.318456] ffc0: 00000000 00000000 00000000 00000000 00000000 00000000 00000005 00000000
[  450.318644] ffe0: 00000000 00000000 00000000 00000000 00000000 00000000 00000000 00000000
[  450.318945] Call trace:
[  450.319235] [<0000000044359d64>] 0x44359d64
[  450.319505] [<fffffe00004d8f2c>] efi_set_time+0x7c/0x94
[  450.319655] [<fffffe00004d6c88>] rtc_set_time+0x64/0xe0
[  450.319789] [<fffffe00004d5aa4>] rtc_set_ntp_time+0x6c/0xb4
[  450.319927] [<fffffe000012ac74>] sync_cmos_clock+0x94/0x150
[  450.320065] [<fffffe00000daf0c>] process_one_work+0x164/0x3b0
[  450.320203] [<fffffe00000dba6c>] worker_thread+0x13c/0x470
[  450.320337] [<fffffe00000e0b24>] kthread+0xe0/0xf8
[  450.320595] Code: 58001420 aa1403e1 f9400000 910283e2 (f9400c03)
[  450.321407] ---[ end trace ee2b561b1ed12989 ]---
[  450.341269] Unable to handle kernel paging request at virtual address ffffffffffffffd8
[  450.341475] pgd = fffffe0032d80000
[  450.341558] [ffffffffffffffd8] *pgd=0000000062eb0003, *pud=0000000062eb0003, *pmd=0000000062eb0003, *pte=0000000000000000
[  450.341873] Internal error: Oops: 94000006 [#2] SMP
[  450.341985] Modules linked in: af_packet aes_ce_blk ablk_helper cryptd aes_ce_cipher ghash_ce sha2_ce sha1_ce uio_pdrv_genirq uio efivarfs dm_mod nls_iso8859_1 nls_cp437 vfat fat sg st sr_mod cdrom squashfs loop brd virtio_net virtio_blk virtio_mmio virtio_ring virtio [last unloaded: dm_mod]
[  450.342816] CPU: 1 PID: 16 Comm: kworker/1:0 Tainted: G      D         4.0.0-1-default #1
[  450.342990] Hardware name: linux,dummy-virt (DT)
[  450.343222] task: fffffe002027bbc0 ti: fffffe002039c000 task.ti: fffffe002039c000
[  450.343402] PC is at kthread_data+0x20/0x2c
[  450.343504] LR is at wq_worker_sleeping+0x24/0xe4
[  450.343610] pc : [<fffffe00000e11e0>] lr : [<fffffe00000dbe60>] pstate: 800001c5
[  450.343764] sp : fffffe002039f640
[  450.343845] x29: fffffe002039f640 x28: 0000000040040000
[  450.343973] x27: fffffe002027bbc0 x26: fffffe0000b82000
[  450.344098] x25: 0000000000000001 x24: 000000007f460000
[  450.344222] x23: fffffe002027c110 x22: fffffe002027bbc0
[  450.344347] x21: fffffe007ff93f80 x20: fffffe0000b33f80
[  450.344472] x19: fffffe002027bbc0 x18: fffffe00006c9ed0
[  450.344597] x17: 000000000000000e x16: 0000000000000007
[  450.344721] x15: 0000000000000001 x14: 0000000000000007
[  450.344848] x13: 000000000000000e x12: 0000000000000013
[  450.344972] x11: 000000003a65c6c5 x10: 00000000250208de
[  450.345096] x9 : 000000003b6e20c8 x8 : fffffe007ff94d98
[  450.345220] x7 : fffffe007ff94da0 x6 : 0000000000000000
[  450.345343] x5 : 0000000000000140 x4 : 0000000000001400
[  450.345467] x3 : 000000000000000b x2 : 000000000000000f
[  450.345591] x1 : 0000000000000001 x0 : 0000000000000000
[  450.345713]
[  450.345762] Process kworker/1:0 (pid: 16, stack limit = 0xfffffe002039c028)
[  450.345917] Stack: (0xfffffe002039f640 to 0xfffffe00203a0000)
[  450.346057] f640: 2039f660 fffffe00 000dbe60 fffffe00 2027bbc0 fffffe00 2027bbc0 fffffe00
[  450.346238] f660: 2039f690 fffffe00 0062cba8 fffffe00 00b33f80 fffffe00 0062c79c fffffe00
[  450.346418] f680: 00000001 00000000 00000001 00000000 2039f700 fffffe00 0062cf24 fffffe00
[  450.346597] f6a0: 2039c000 fffffe00 2027c008 fffffe00 2039f790 fffffe00 00000000 00000000
[  450.346776] f6c0: 00000001 00000000 00b80080 fffffe00 94000006 00000000 202789c0 fffffe00
[  450.346959] f6e0: 2027bbc0 fffffe00 00b80080 fffffe00 94000006 00000000 202789c0 fffffe00
[  450.347138] f700: 2039f720 fffffe00 000c5370 fffffe00 2039f310 fffffe00 000c5334 fffffe00
[  450.347317] f720: 2039f7a0 fffffe00 00098884 fffffe00 00c50100 fffffe00 00000001 00000000
[  450.347497] f740: 0082d600 fffffe00 2039f970 fffffe00 2039c000 fffffe00 2027bbc0 fffffe00
[  450.347677] f760: 94000006 00000000 443b0848 00000000 4470f2d8 00000000 40040000 00000000
[  450.347859] f780: 00c50100 fffffe00 00b9d360 fffffe00 2039f790 fffffe00 2039f790 fffffe00
[  450.348038] f7a0: 2039f7e0 fffffe00 00626634 fffffe00 bf1d0818 00000000 94000006 00000000
[  450.348216] f7c0: 00000000 00000000 2039f970 fffffe00 bf1d0818 00000000 00000025 00000000
[  450.348394] f7e0: 2039f810 fffffe00 000a4ca0 fffffe00 2039f970 fffffe00 00000000 00000000
[  450.348573] f800: 2027bbc0 fffffe00 00b8d168 fffffe00 2039f880 fffffe00 000a4da4 fffffe00
[  450.348751] f820: bf1d0818 00000000 2039f970 fffffe00 94000006 00000000 00b8d168 fffffe00
[  450.348933] f840: 600001c5 00000000 00000025 00000000 443b16e0 00000000 443b0848 00000000
[  450.349112] f860: 4470f2d8 00000000 40040000 00000000 2039f8a0 fffffe00 000f4ebc fffffe00
[  450.349291] f880: 2039f8c0 fffffe00 000902b4 fffffe00 94000006 00000000 bf1d0818 00000000
[  450.349469] f8a0: 2039f970 fffffe00 00b8d168 fffffe00 600001c5 00000000 000f5fa8 fffffe00
[  450.349647] f8c0: 2039fc30 fffffe00 00093428 fffffe00 00000007 00000000 441e0060 00000000
[  450.349829] f8e0: 2039fa90 fffffe00 44359d64 00000000 7ff93f80 fffffe00 00b33f80 fffffe00
[  450.350008] f900: 2039f950 fffffe00 000ec500 fffffe00 2039f9a0 fffffe00 00122cf0 fffffe00
[  450.350186] f920: 2027bbc0 fffffe00 00000000 00000000 7ff81038 fffffe00 7ff80ba8 fffffe00
[  450.350364] f940: 7ff80bf0 fffffe00 00132cbc fffffe00 2039f980 fffffe00 003c4aa0 fffffe00
[  450.350542] f960: 00010000 00000000 003c4a28 fffffe00 bf1d0800 00000000 441e0060 00000000
[  450.350720] f980: 2039fb30 fffffe00 2039fb70 fffffe00 00000000 00000000 2039fb70 fffffe00
[  450.350900] f9a0: 00000000 00000000 00000017 00000000 7f7f7f7f 7f7f7f7f 006d9550 fffffe00
[  450.351236] f9c0: 01010101 01010101 00000020 00000000 00000000 00000200 00b80000 fffffe00
[  450.351442] f9e0: 200119a8 fffffe00 87572894 000003ff 00137448 fffffe00 87b9b5b8 000003ff
[  450.351646] fa00: 87573c28 000003ff 00000007 00000000 441e0060 00000000 441d0f80 00000000
[  450.351854] fa20: 2039fc9c fffffe00 441e0060 00000000 00000002 00000000 443b16e0 00000000
[  450.352057] fa40: 443b0848 00000000 4470f2d8 00000000 40040000 00000000 2039fc30 fffffe00
[  450.352260] fa60: 44359d54 00000000 2039fa90 fffffe00 44359d64 00000000 600001c5 00000000
[  450.352462] fa80: 00000002 00000000 443b0750 00000000 441d0f80 00000000 00000000 00000000
[  450.352665] faa0: 00000007 00000000 00000002 00000000 441e0060 00000000 2039fc9c fffffe00
[  450.352872] fac0: 443b16e0 00000000 443b0848 00000000 4470f2d8 00000000 40040000 00000000
[  450.353075] fae0: 44354fd0 00000000 2039fc9c fffffe00 443b16e0 00000000 443b0848 00000000
[  450.353277] fb00: 4470f2d8 00000000 44354fa4 00000000 443b16e0 00000000 4435270c 00000000
[  450.353479] fb20: 44357c0c 00000000 443b0848 00000000 00000000 00000000 00000000 00000000
[  450.353683] fb40: 00000000 00000000 00000000 00000000 00000000 00000000 00000000 00000000
[  450.353889] fb60: 00000000 00000000 00000000 00000000 00c159b0 fffffe00 00000015 00000000
[  450.354093] fb80: 2039fc90 fffffe00 441e0060 00000000 441e00c0 00000000 7ff93780 fffffe00
[  450.354297] fba0: 7ff9ea00 fffffe00 00000000 00000000 00000000 00000000 00c159b0 fffffe00
[  450.354500] fbc0: 7ff93780 fffffe00 7ff93798 fffffe00 441d0d34 00000000 00623fc8 fffffe00
[  450.354703] fbe0: 2039fbf0 fffffe00 442d0224 00000000 00000000 00000000 44310018 00000000
[  450.354911] fc00: 442d007c 00000000 000a3d00 fffffe00 00d81a88 fffffe00 00d81a90 fffffe00
[  450.355116] fc20: 2039fc90 fffffe00 004edb6c fffffe00 2039fc70 fffffe00 004d8f30 fffffe00
[  450.355321] fc40: 3924a800 fffffe00 2039fd08 fffffe00 3924aae0 fffffe00 2039fd08 fffffe00
[  450.355525] fc60: 7ff93780 fffffe00 00000140 00000000 2039fca0 fffffe00 004d6c8c fffffe00
[  450.355729] fc80: 2039fca0 fffffe00 2039fd08 fffffe00 160707df ff232d17 00000000 000007ff
[  450.355936] fca0: 2039fcd0 fffffe00 004d5aa8 fffffe00 3924a800 fffffe00 2039fd08 fffffe00
[  450.356141] fcc0: 7ff93780 fffffe00 008924e8 fffffe00 2039fd30 fffffe00 0012ac78 fffffe00
[  450.356345] fce0: 00ba0000 fffffe00 00000000 00000000 7ff93780 fffffe00 1dee4b30 00000000
[  450.356548] fd00: 7ff9ea00 fffffe00 00000023 0000002d 00000017 00000016 00000006 00000073
[  450.356750] fd20: 00000003 000000cb 00000000 fffffe00 2039fd80 fffffe00 000daf10 fffffe00
[  450.356955] fd40: 00ba0cb8 fffffe00 20046e00 fffffe00 2039fd80 fffffe00 000daed8 fffffe00
[  450.357157] fd60: 55b02b1e 00000000 1dee4b30 00000000 7ff93780 fffffe00 00ba0cb8 fffffe00
[  450.357360] fd80: 2039fdd0 fffffe00 000dba70 fffffe00 20046e00 fffffe00 7ff93798 fffffe00
[  450.357562] fda0: 7ff93780 fffffe00 20046e30 fffffe00 2039c000 fffffe00 00c15275 fffffe00
[  450.357765] fdc0: 008349d8 fffffe00 00000008 00000000 2039fe30 fffffe00 000e0b28 fffffe00
[  450.357971] fde0: 2002a040 fffffe00 00c530f0 fffffe00 00831c88 fffffe00 20046e00 fffffe00
[  450.358174] fe00: 000db930 fffffe00 00000000 00000000 00000000 00000000 00000000 00000000
[  450.358376] fe20: 00000000 00000000 00000000 00000000 00000000 00000000 00093bb0 fffffe00
[  450.358578] fe40: 000e0a44 fffffe00 2002a040 fffffe00 00000000 00000000 00000000 00000000
[  450.358780] fe60: 00000000 00000000 2002a040 fffffe00 00000000 00000000 00000000 00000000
[  450.358985] fe80: 00000000 00000000 20046e00 fffffe00 00000000 00000000 00000000 00000000
[  450.359189] fea0: 2039fea0 fffffe00 2039fea0 fffffe00 00000001 fffffe00 00010001 00000000
[  450.359391] fec0: 2039fec0 fffffe00 2039fec0 fffffe00 00000000 00000000 00000000 00000000
[  450.359595] fee0: 00000000 00000000 00000000 00000000 00000000 00000000 00000000 00000000
[  450.359800] ff00: 00000000 00000000 00000000 00000000 00000000 00000000 00000000 00000000
[  450.360003] ff20: 00000000 00000000 00000000 00000000 00000000 00000000 00000000 00000000
[  450.360205] ff40: 00000000 00000000 00000000 00000000 00000000 00000000 00000000 00000000
[  450.360409] ff60: 00000000 00000000 00000000 00000000 00000000 00000000 00000000 00000000
[  450.360612] ff80: 00000000 00000000 00000000 00000000 00000000 00000000 00000000 00000000
[  450.360818] ffa0: 00000000 00000000 00000000 00000000 00000000 00000000 00000000 00000000
[  450.361117] ffc0: 00000000 00000000 00000000 00000000 00000000 00000000 00000005 00000000
[  450.361321] ffe0: 00000000 00000000 00000000 00000000 00000000 00000000 00000000 00000000
[  450.361505] Call trace:
[  450.361601] [<fffffe00000e11e0>] kthread_data+0x20/0x2c
[  450.361740] [<fffffe00000dbe5c>] wq_worker_sleeping+0x20/0xe4
[  450.361897] [<fffffe000062cba4>] __schedule+0x4bc/0x800
[  450.362034] [<fffffe000062cf20>] schedule+0x38/0x94
[  450.362167] [<fffffe00000c536c>] do_exit+0x684/0xa20
[  450.362301] [<fffffe0000098880>] die+0x1ac/0x1c8
[  450.362430] [<fffffe0000626630>] __do_kernel_fault.part.7+0x7c/0x94
[  450.362590] [<fffffe00000a4c9c>] do_page_fault+0x290/0x2c4
[  450.362733] [<fffffe00000a4da0>] do_translation_fault+0xd0/0x104
[  450.362888] [<fffffe00000902b0>] do_mem_abort+0x4c/0xb0
[  450.363032] Exception stack(0xfffffe002039f8d0 to 0xfffffe002039f9f0)
[  450.363196] f8c0:                                     00000007 00000000 441e0060 00000000
[  450.363399] f8e0: 2039fa90 fffffe00 44359d64 00000000 7ff93f80 fffffe00 00b33f80 fffffe00
[  450.363600] f900: 2039f950 fffffe00 000ec500 fffffe00 2039f9a0 fffffe00 00122cf0 fffffe00
[  450.363804] f920: 2027bbc0 fffffe00 00000000 00000000 7ff81038 fffffe00 7ff80ba8 fffffe00
[  450.364007] f940: 7ff80bf0 fffffe00 00132cbc fffffe00 2039f980 fffffe00 003c4aa0 fffffe00
[  450.364208] f960: 00010000 00000000 003c4a28 fffffe00 bf1d0800 00000000 441e0060 00000000
[  450.364409] f980: 2039fb30 fffffe00 2039fb70 fffffe00 00000000 00000000 2039fb70 fffffe00
[  450.364610] f9a0: 00000000 00000000 00000017 00000000 7f7f7f7f 7f7f7f7f 006d9550 fffffe00
[  450.364814] f9c0: 01010101 01010101 00000020 00000000 00000000 00000200 00b80000 fffffe00
[  450.365009] f9e0: 200119a8 fffffe00 87572894 000003ff
[  450.365243] [<fffffe0000093424>] el1_da+0x14/0x70
[  450.365377] [<fffffe00004d8f2c>] efi_set_time+0x7c/0x94
[  450.365516] [<fffffe00004d6c88>] rtc_set_time+0x64/0xe0
[  450.365653] [<fffffe00004d5aa4>] rtc_set_ntp_time+0x6c/0xb4
[  450.365805] [<fffffe000012ac74>] sync_cmos_clock+0x94/0x150
[  450.365951] [<fffffe00000daf0c>] process_one_work+0x164/0x3b0
[  450.366099] [<fffffe00000dba6c>] worker_thread+0x13c/0x470
[  450.366242] [<fffffe00000e0b24>] kthread+0xe0/0xf8
[  450.366376] Code: aa1e03e0 d503201f f9427e60 f9400bf3 (f85d8000)

2.  second boot
Loading Linux 4.0.0-1-default ...
Loading initial ramdisk ...
EFI stub: Booting Linux Kernel...
EFI stub: Using DTB from configuration table
EFI stub: Exiting boot services and installing virtual address map...
[    4.154728] kvm [1]: HYP mode not available
[    4.311534] pci 0000:00:00.0: IOMMU is currently not supported for PCI
[    4.312232] pci 0000:00:00.0: of_irq_parse_pci() failed with rc=-19

Welcome to openSUSE 20150428 "Tumbleweed" - Kernel 4.0.0-1-default (ttyAMA0).


linux login: root
Password:
Have a lot of fun...
linux:~ # [   57.409686] Unable to handle kernel paging request at virtual address bf1d0818
[   57.410253] pgd = fffffe0000dc0000
[   57.410422] [bf1d0818] *pgd=0000000000000000, *pud=0000000000000000, *pmd=0000000000000000
[   57.411037] Internal error: Oops: 94000006 [#1] SMP
[   57.411273] Modules linked in: af_packet nls_iso8859_1 nls_cp437 vfat fat aes_ce_blk ablk_helper cryptd aes_ce_cipher ghash_ce sha2_ce sha1_ce virtio_net uio_pdrv_genirq uio efivarfs virtio_blk virtio_mmio virtio_ring virtio sg
[   57.412106] CPU: 0 PID: 99 Comm: kworker/0:2 Not tainted 4.0.0-1-default #1
[   57.412276] Hardware name: linux,dummy-virt (DT)
[   57.412794] Workqueue: events_power_efficient sync_cmos_clock
[   57.412997] task: fffffe0020c1a340 ti: fffffe0023bb4000 task.ti: fffffe0023bb4000
[   57.413277] PC is at 0x44359d64
[   57.413391] LR is at 0x44359d54
[   57.413479] pc : [<0000000044359d64>] lr : [<0000000044359d54>] pstate: 600001c5
[   57.413643] sp : fffffe0023bb7a90
[   57.413736] x29: fffffe0023bb7c30 x28: 0000000040040000
[   57.413894] x27: 000000004470f2d8 x26: 00000000443b0848
[   57.414024] x25: 00000000443b16e0 x24: 0000000000000002
[   57.414153] x23: 00000000441e0060 x22: fffffe0023bb7c9c
[   57.414280] x21: 00000000441d0f80 x20: 00000000441e0060
[   57.414415] x19: 0000000000000007 x18: 000003ff9f573c28
[   57.414539] x17: 0000000000002710 x16: fffffe000051ab04
[   57.414664] x15: 000003ff9f6cf538 x14: 000003ffe6aa09a0
[   57.414788] x13: 000003ffe6aa08d8 x12: 0000000000000030
[   57.414917] x11: 0000000000000020 x10: 0101010101010101
[   57.415058] x9 : fffffe00006d9550 x8 : 7f7f7f7f7f7f7f7f
[   57.415186] x7 : 0000000000000017 x6 : 0000000000000000
[   57.415310] x5 : fffffe0023bb7b70 x4 : 0000000000000000
[   57.415439] x3 : fffffe0023bb7b70 x2 : fffffe0023bb7b30
[   57.415772] x1 : 00000000441e0060 x0 : 00000000bf1d0800
[   57.415933]
[   57.416013] Process kworker/0:2 (pid: 99, stack limit = 0xfffffe0023bb4028)
[   57.416222] Stack: (0xfffffe0023bb7a90 to 0xfffffe0023bb8000)
[   57.416441] 7a80:                                     441d0f80 00000000 00000000 00000000
[   57.416667] 7aa0: 00000007 00000000 00000002 00000000 441e0060 00000000 23bb7c9c fffffe00
[   57.416888] 7ac0: 443b16e0 00000000 443b0848 00000000 4470f2d8 00000000 40040000 00000000
[   57.417101] 7ae0: 44354fd0 00000000 23bb7c9c fffffe00 443b16e0 00000000 443b0848 00000000
[   57.417314] 7b00: 4470f2d8 00000000 44354fa4 00000000 443b16e0 00000000 4435270c 00000000
[   57.417528] 7b20: 44357c0c 00000000 443b0848 00000000 00000000 00000000 00000000 00000000
[   57.417741] 7b40: 00000000 00000000 00000000 00000000 00000000 00000000 00000000 00000000
[   57.417984] 7b60: 00000000 00000000 00000000 00000000 23bb7bb0 fffffe00 00090474 fffffe00
[   57.418198] 7b80: 23bb7c90 fffffe00 441e0060 00000000 441e00c0 00000000 7ff73780 fffffe00
[   57.418411] 7ba0: 7ff7e900 fffffe00 00000000 00000000 00000000 00000000 00c159b0 fffffe00
[   57.418622] 7bc0: 7ff73780 fffffe00 00000000 00000000 441d0d34 00000000 00623fc8 fffffe00
[   57.418833] 7be0: 23bb7bf0 fffffe00 442d0224 00000000 00000000 00000000 44310018 00000000
[   57.418992] 7c00: 442d007c 00000000 000a3d00 fffffe00 00d81a88 fffffe00 00d81a90 fffffe00
[   57.419098] 7c20: 23bb7c90 fffffe00 004edb6c fffffe00 23bb7c70 fffffe00 004d8f30 fffffe00
[   57.419200] 7c40: 204b1800 fffffe00 23bb7d08 fffffe00 204b1ae0 fffffe00 23bb7d08 fffffe00
[   57.419302] 7c60: 7ff73780 fffffe00 00000140 00000000 23bb7ca0 fffffe00 004d6c8c fffffe00
[   57.419404] 7c80: 23bb7ca0 fffffe00 23bb7d08 fffffe00 160707df ff193217 00000000 000007ff
[   57.419506] 7ca0: 23bb7cd0 fffffe00 004d5aa8 fffffe00 204b1800 fffffe00 23bb7d08 fffffe00
[   57.419609] 7cc0: 7ff73780 fffffe00 008924e8 fffffe00 23bb7d30 fffffe00 0012ac78 fffffe00
[   57.419711] 7ce0: 00ba0000 fffffe00 00000000 00000000 7ff73780 fffffe00 1d6cc8e0 00000000
[   57.419814] 7d00: 7ff7e900 fffffe00 00000019 00000032 00000017 00000016 00000006 00000073
[   57.419926] 7d20: 00000003 000000cb 00000000 00000000 23bb7d80 fffffe00 000daf10 fffffe00
[   57.420029] 7d40: 00ba0cb8 fffffe00 23a40380 fffffe00 23bb7d80 fffffe00 000daed8 fffffe00
[   57.420131] 7d60: 55b02c41 00000000 1d6cc8e0 00000000 7ff73780 fffffe00 00ba0cb8 fffffe00
[   57.420233] 7d80: 23bb7dd0 fffffe00 000dba70 fffffe00 23a40380 fffffe00 7ff73798 fffffe00
[   57.420335] 7da0: 7ff73780 fffffe00 23a403b0 fffffe00 23bb4000 fffffe00 00c15275 fffffe00
[   57.420437] 7dc0: 008349d8 fffffe00 00000008 00000000 23bb7e30 fffffe00 000e0b28 fffffe00
[   57.420539] 7de0: 20aed2c0 fffffe00 00c530f0 fffffe00 00831c88 fffffe00 23a40380 fffffe00
[   57.420641] 7e00: 000db930 fffffe00 00000000 00000000 00000000 00000000 00000000 00000000
[   57.420744] 7e20: 00000000 00000000 00000000 00000000 00000000 00000000 00093bb0 fffffe00
[   57.420847] 7e40: 000e0a44 fffffe00 20aed2c0 fffffe00 00000000 00000000 00000000 00000000
[   57.420977] 7e60: 00000000 00000000 20aed2c0 fffffe00 00000000 00000000 00000000 00000000
[   57.421080] 7e80: 00000000 00000000 23a40380 fffffe00 00000000 00000000 00000000 000003ff
[   57.421182] 7ea0: 23bb7ea0 fffffe00 23bb7ea0 fffffe00 00000000 fffffe00 00000000 fffffe00
[   57.421284] 7ec0: 23bb7ec0 fffffe00 23bb7ec0 fffffe00 00000000 00000000 00000000 00000000
[   57.421386] 7ee0: 00000000 00000000 00000000 00000000 00000000 00000000 00000000 00000000
[   57.421488] 7f00: 00000000 00000000 00000000 00000000 00000000 00000000 00000000 00000000
[   57.421590] 7f20: 00000000 00000000 00000000 00000000 00000000 00000000 00000000 00000000
[   57.421692] 7f40: 00000000 00000000 00000000 00000000 00000000 00000000 00000000 00000000
[   57.421794] 7f60: 00000000 00000000 00000000 00000000 00000000 00000000 00000000 00000000
[   57.421917] 7f80: 00000000 00000000 00000000 00000000 00000000 00000000 00000000 00000000
[   57.422035] 7fa0: 00000000 00000000 00000000 00000000 00000000 00000000 00000000 00000000
[   57.422137] 7fc0: 00000000 00000000 00000000 00000000 00000000 00000000 00000005 00000000
[   57.422239] 7fe0: 00000000 00000000 00000000 00000000 00000000 00000000 00000000 00000000
[   57.422380] Call trace:
[   57.422489] [<0000000044359d64>] 0x44359d64
[   57.422651] [<fffffe00004d8f2c>] efi_set_time+0x7c/0x94
[   57.422737] [<fffffe00004d6c88>] rtc_set_time+0x64/0xe0
[   57.422813] [<fffffe00004d5aa4>] rtc_set_ntp_time+0x6c/0xb4
[   57.422919] [<fffffe000012ac74>] sync_cmos_clock+0x94/0x150
[   57.423000] [<fffffe00000daf0c>] process_one_work+0x164/0x3b0
[   57.423079] [<fffffe00000dba6c>] worker_thread+0x13c/0x470
[   57.423155] [<fffffe00000e0b24>] kthread+0xe0/0xf8
[   57.423291] Code: 58001420 aa1403e1 f9400000 910283e2 (f9400c03)
[   57.423879] ---[ end trace 6fb3aba6fc841bef ]---
[   57.429615] Unable to handle kernel paging request at virtual address ffffffffffffffd8
[   57.429827] pgd = fffffe0029b50000
[   57.429921] [ffffffffffffffd8] *pgd=0000000069b80003, *pud=0000000069b80003, *pmd=0000000069b80003, *pte=0000000000000000
[   57.430232] Internal error: Oops: 94000006 [#2] SMP
[   57.430351] Modules linked in: af_packet nls_iso8859_1 nls_cp437 vfat fat aes_ce_blk ablk_helper cryptd aes_ce_cipher ghash_ce sha2_ce sha1_ce virtio_net uio_pdrv_genirq uio efivarfs virtio_blk virtio_mmio virtio_ring virtio sg
[   57.431002] CPU: 0 PID: 99 Comm: kworker/0:2 Tainted: G      D         4.0.0-1-default #1
[   57.431191] Hardware name: linux,dummy-virt (DT)
[   57.431399] task: fffffe0020c1a340 ti: fffffe0023bb4000 task.ti: fffffe0023bb4000
[   57.431588] PC is at kthread_data+0x20/0x2c
[   57.431697] LR is at wq_worker_sleeping+0x24/0xe4
[   57.431812] pc : [<fffffe00000e11e0>] lr : [<fffffe00000dbe60>] pstate: 800001c5
[   57.431984] sp : fffffe0023bb7640
[   57.432068] x29: fffffe0023bb7640 x28: 0000000040040000
[   57.432203] x27: fffffe0020c1a340 x26: fffffe0000b82000
[   57.432337] x25: 0000000000000000 x24: 000000007f440000
[   57.432470] x23: fffffe0020c1a890 x22: fffffe0020c1a340
[   57.432602] x21: fffffe007ff73f80 x20: fffffe0000b33f80
[   57.432735] x19: fffffe0020c1a340 x18: fffffe00006c9ed0
[   57.432870] x17: 000000000000000e x16: 0000000000000007
[   57.433002] x15: 0000000000000001 x14: 0000000000000007
[   57.433134] x13: 000000000000000e x12: 0000000000000013
[   57.433266] x11: 000000004e099272 x10: 000000003e3aa9f0
[   57.433398] x9 : 00000000d6d6a3e8 x8 : fffffe007ff74d98
[   57.433529] x7 : fffffe007ff74058 x6 : fffffe000066d0e0
[   57.433660] x5 : 0000000000000004 x4 : fffffe000066d0e0
[   57.433792] x3 : 000000000000000c x2 : 000000000000000f
[   57.433929] x1 : 0000000000000000 x0 : 0000000000000000
[   57.434060]
[   57.434109] Process kworker/0:2 (pid: 99, stack limit = 0xfffffe0023bb4028)
[   57.434270] Stack: (0xfffffe0023bb7640 to 0xfffffe0023bb8000)
[   57.434416] 7640: 23bb7660 fffffe00 000dbe60 fffffe00 20c1a340 fffffe00 20c1a340 fffffe00
[   57.434611] 7660: 23bb7690 fffffe00 0062cba8 fffffe00 00b33f80 fffffe00 0062c79c fffffe00
[   57.434803] 7680: 00000001 00000000 00000000 00000000 23bb7700 fffffe00 0062cf24 fffffe00
[   57.434999] 76a0: 23bb4000 fffffe00 20c1a788 fffffe00 23bb7790 fffffe00 00000000 00000000
[   57.435192] 76c0: 00000001 00000000 00b80080 fffffe00 94000006 00000000 202c89c0 fffffe00
[   57.435384] 76e0: 20c1a340 fffffe00 00b80080 fffffe00 94000006 00000000 202c89c0 fffffe00
[   57.435754] 7700: 23bb7720 fffffe00 000c5370 fffffe00 23bb7310 fffffe00 000c5334 fffffe00
[   57.435991] 7720: 23bb77a0 fffffe00 00098884 fffffe00 00c50100 fffffe00 00000001 00000000
[   57.436221] 7740: 0082d600 fffffe00 23bb7970 fffffe00 23bb4000 fffffe00 20c1a340 fffffe00
[   57.436450] 7760: 94000006 00000000 443b0848 00000000 4470f2d8 00000000 40040000 00000000
[   57.436679] 7780: 00c50100 fffffe00 00b9d360 fffffe00 23bb7790 fffffe00 23bb7790 fffffe00
[   57.436913] 77a0: 23bb77e0 fffffe00 00626634 fffffe00 bf1d0818 00000000 94000006 00000000
[   57.437143] 77c0: 00000000 00000000 23bb7970 fffffe00 bf1d0818 00000000 00000025 00000000
[   57.437373] 77e0: 23bb7810 fffffe00 000a4ca0 fffffe00 23bb7970 fffffe00 00000000 00000000
[   57.437604] 7800: 20c1a340 fffffe00 00b8d168 fffffe00 23bb7880 fffffe00 000a4da4 fffffe00
[   57.437833] 7820: bf1d0818 00000000 23bb7970 fffffe00 94000006 00000000 00b8d168 fffffe00
[   57.438066] 7840: 600001c5 00000000 00000025 00000000 443b16e0 00000000 443b0848 00000000
[   57.438295] 7860: 4470f2d8 00000000 40040000 00000000 23bb78a0 fffffe00 000f4ebc fffffe00
[   57.438525] 7880: 23bb78c0 fffffe00 000902b4 fffffe00 94000006 00000000 bf1d0818 00000000
[   57.438755] 78a0: 23bb7970 fffffe00 00b8d168 fffffe00 600001c5 00000000 000f5fa8 fffffe00
[   57.438989] 78c0: 23bb7c30 fffffe00 00093428 fffffe00 00000007 00000000 441e0060 00000000
[   57.439220] 78e0: 23bb7a90 fffffe00 44359d64 00000000 7ff73f80 fffffe00 00b33f80 fffffe00
[   57.439450] 7900: 23bb7950 fffffe00 000ec500 fffffe00 23bb79a0 fffffe00 00122cf0 fffffe00
[   57.439680] 7920: 20c1a340 fffffe00 00000000 00000000 7ff61038 fffffe00 7ff60ba8 fffffe00
[   57.439913] 7940: 7ff60bf0 fffffe00 00132cbc fffffe00 ffffffff 7fffffff 00122ce8 fffffe00
[   57.440142] 7960: 20c1a340 fffffe00 00000000 00000000 bf1d0800 00000000 441e0060 00000000
[   57.440371] 7980: 23bb7b30 fffffe00 23bb7b70 fffffe00 00000000 00000000 23bb7b70 fffffe00
[   57.440599] 79a0: 00000000 00000000 00000017 00000000 7f7f7f7f 7f7f7f7f 006d9550 fffffe00
[   57.440846] 79c0: 01010101 01010101 00000020 00000000 00000030 00000000 e6aa08d8 000003ff
[   57.441132] 79e0: e6aa09a0 000003ff 9f6cf538 000003ff 0051ab04 fffffe00 00002710 00000000
[   57.441360] 7a00: 9f573c28 000003ff 00000007 00000000 441e0060 00000000 441d0f80 00000000
[   57.441587] 7a20: 23bb7c9c fffffe00 441e0060 00000000 00000002 00000000 443b16e0 00000000
[   57.441814] 7a40: 443b0848 00000000 4470f2d8 00000000 40040000 00000000 23bb7c30 fffffe00
[   57.442047] 7a60: 44359d54 00000000 23bb7a90 fffffe00 44359d64 00000000 600001c5 00000000
[   57.442276] 7a80: 00000002 00000000 443b0750 00000000 441d0f80 00000000 00000000 00000000
[   57.442519] 7aa0: 00000007 00000000 00000002 00000000 441e0060 00000000 23bb7c9c fffffe00
[   57.442733] 7ac0: 443b16e0 00000000 443b0848 00000000 4470f2d8 00000000 40040000 00000000
[   57.442949] 7ae0: 44354fd0 00000000 23bb7c9c fffffe00 443b16e0 00000000 443b0848 00000000
[   57.443162] 7b00: 4470f2d8 00000000 44354fa4 00000000 443b16e0 00000000 4435270c 00000000
[   57.443373] 7b20: 44357c0c 00000000 443b0848 00000000 00000000 00000000 00000000 00000000
[   57.443585] 7b40: 00000000 00000000 00000000 00000000 00000000 00000000 00000000 00000000
[   57.443796] 7b60: 00000000 00000000 00000000 00000000 23bb7bb0 fffffe00 00090474 fffffe00
[   57.444033] 7b80: 23bb7c90 fffffe00 441e0060 00000000 441e00c0 00000000 7ff73780 fffffe00
[   57.444249] 7ba0: 7ff7e900 fffffe00 00000000 00000000 00000000 00000000 00c159b0 fffffe00
[   57.444463] 7bc0: 7ff73780 fffffe00 00000000 00000000 441d0d34 00000000 00623fc8 fffffe00
[   57.444676] 7be0: 23bb7bf0 fffffe00 442d0224 00000000 00000000 00000000 44310018 00000000
[   57.444893] 7c00: 442d007c 00000000 000a3d00 fffffe00 00d81a88 fffffe00 00d81a90 fffffe00
[   57.445108] 7c20: 23bb7c90 fffffe00 004edb6c fffffe00 23bb7c70 fffffe00 004d8f30 fffffe00
[   57.445321] 7c40: 204b1800 fffffe00 23bb7d08 fffffe00 204b1ae0 fffffe00 23bb7d08 fffffe00
[   57.445676] 7c60: 7ff73780 fffffe00 00000140 00000000 23bb7ca0 fffffe00 004d6c8c fffffe00
[   57.445917] 7c80: 23bb7ca0 fffffe00 23bb7d08 fffffe00 160707df ff193217 00000000 000007ff
[   57.446133] 7ca0: 23bb7cd0 fffffe00 004d5aa8 fffffe00 204b1800 fffffe00 23bb7d08 fffffe00
[   57.446346] 7cc0: 7ff73780 fffffe00 008924e8 fffffe00 23bb7d30 fffffe00 0012ac78 fffffe00
[   57.446559] 7ce0: 00ba0000 fffffe00 00000000 00000000 7ff73780 fffffe00 1d6cc8e0 00000000
[   57.446774] 7d00: 7ff7e900 fffffe00 00000019 00000032 00000017 00000016 00000006 00000073
[   57.447011] 7d20: 00000003 000000cb 00000000 00000000 23bb7d80 fffffe00 000daf10 fffffe00
[   57.447225] 7d40: 00ba0cb8 fffffe00 23a40380 fffffe00 23bb7d80 fffffe00 000daed8 fffffe00
[   57.447436] 7d60: 55b02c41 00000000 1d6cc8e0 00000000 7ff73780 fffffe00 00ba0cb8 fffffe00
[   57.447648] 7d80: 23bb7dd0 fffffe00 000dba70 fffffe00 23a40380 fffffe00 7ff73798 fffffe00
[   57.447862] 7da0: 7ff73780 fffffe00 23a403b0 fffffe00 23bb4000 fffffe00 00c15275 fffffe00
[   57.448075] 7dc0: 008349d8 fffffe00 00000008 00000000 23bb7e30 fffffe00 000e0b28 fffffe00
[   57.448287] 7de0: 20aed2c0 fffffe00 00c530f0 fffffe00 00831c88 fffffe00 23a40380 fffffe00
[   57.448500] 7e00: 000db930 fffffe00 00000000 00000000 00000000 00000000 00000000 00000000
[   57.448711] 7e20: 00000000 00000000 00000000 00000000 00000000 00000000 00093bb0 fffffe00
[   57.448947] 7e40: 000e0a44 fffffe00 20aed2c0 fffffe00 00000000 00000000 00000000 00000000
[   57.449172] 7e60: 00000000 00000000 20aed2c0 fffffe00 00000000 00000000 00000000 00000000
[   57.449399] 7e80: 00000000 00000000 23a40380 fffffe00 00000000 00000000 00000000 000003ff
[   57.449625] 7ea0: 23bb7ea0 fffffe00 23bb7ea0 fffffe00 00000001 fffffe00 00010001 fffffe00
[   57.449863] 7ec0: 23bb7ec0 fffffe00 23bb7ec0 fffffe00 00000000 00000000 00000000 00000000
[   57.450077] 7ee0: 00000000 00000000 00000000 00000000 00000000 00000000 00000000 00000000
[   57.450288] 7f00: 00000000 00000000 00000000 00000000 00000000 00000000 00000000 00000000
[   57.450501] 7f20: 00000000 00000000 00000000 00000000 00000000 00000000 00000000 00000000
[   57.450713] 7f40: 00000000 00000000 00000000 00000000 00000000 00000000 00000000 00000000
[   57.450926] 7f60: 00000000 00000000 00000000 00000000 00000000 00000000 00000000 00000000
[   57.451139] 7f80: 00000000 00000000 00000000 00000000 00000000 00000000 00000000 00000000
[   57.451353] 7fa0: 00000000 00000000 00000000 00000000 00000000 00000000 00000000 00000000
[   57.451595] 7fc0: 00000000 00000000 00000000 00000000 00000000 00000000 00000005 00000000
[   57.451828] 7fe0: 00000000 00000000 00000000 00000000 00000000 00000000 00000000 00000000
[   57.452044] Call trace:
[   57.452142] [<fffffe00000e11e0>] kthread_data+0x20/0x2c
[   57.452296] [<fffffe00000dbe5c>] wq_worker_sleeping+0x20/0xe4
[   57.452463] [<fffffe000062cba4>] __schedule+0x4bc/0x800
[   57.452615] [<fffffe000062cf20>] schedule+0x38/0x94
[   57.452764] [<fffffe00000c536c>] do_exit+0x684/0xa20
[   57.452917] [<fffffe0000098880>] die+0x1ac/0x1c8
[   57.453059] [<fffffe0000626630>] __do_kernel_fault.part.7+0x7c/0x94
[   57.453239] [<fffffe00000a4c9c>] do_page_fault+0x290/0x2c4
[   57.453400] [<fffffe00000a4da0>] do_translation_fault+0xd0/0x104
[   57.453569] [<fffffe00000902b0>] do_mem_abort+0x4c/0xb0
[   57.453726] Exception stack(0xfffffe0023bb78d0 to 0xfffffe0023bb79f0)
[   57.453912] 78c0:                                     00000007 00000000 441e0060 00000000
[   57.454142] 78e0: 23bb7a90 fffffe00 44359d64 00000000 7ff73f80 fffffe00 00b33f80 fffffe00
[   57.454372] 7900: 23bb7950 fffffe00 000ec500 fffffe00 23bb79a0 fffffe00 00122cf0 fffffe00
[   57.454598] 7920: 20c1a340 fffffe00 00000000 00000000 7ff61038 fffffe00 7ff60ba8 fffffe00
[   57.454825] 7940: 7ff60bf0 fffffe00 00132cbc fffffe00 ffffffff 7fffffff 00122ce8 fffffe00
[   57.455053] 7960: 20c1a340 fffffe00 00000000 00000000 bf1d0800 00000000 441e0060 00000000
[   57.455280] 7980: 23bb7b30 fffffe00 23bb7b70 fffffe00 00000000 00000000 23bb7b70 fffffe00
[   57.455592] 79a0: 00000000 00000000 00000017 00000000 7f7f7f7f 7f7f7f7f 006d9550 fffffe00
[   57.455823] 79c0: 01010101 01010101 00000020 00000000 00000030 00000000 e6aa08d8 000003ff
[   57.456046] 79e0: e6aa09a0 000003ff 9f6cf538 000003ff
[   57.456211] [<fffffe0000093424>] el1_da+0x14/0x70
[   57.456358] [<fffffe00004d8f2c>] efi_set_time+0x7c/0x94
[   57.456510] [<fffffe00004d6c88>] rtc_set_time+0x64/0xe0
[   57.456662] [<fffffe00004d5aa4>] rtc_set_ntp_time+0x6c/0xb4
[   57.456825] [<fffffe000012ac74>] sync_cmos_clock+0x94/0x150
[   57.456988] [<fffffe00000daf0c>] process_one_work+0x164/0x3b0
[   57.457153] [<fffffe00000dba6c>] worker_thread+0x13c/0x470
[   57.457312] [<fffffe00000e0b24>] kthread+0xe0/0xf8
[   57.457458] Code: aa1e03e0 d503201f f9427e60 f9400bf3 (f85d8000)

3.  after update to kernel 4.2-rc3 with kernel direct boot, no this issue.
linux:~ # zypper[8241]: undefined instruction: pc=00000000005068a0
Code: 70655230 4274726f 45657361 00000000 (00568858)

07:52 2015-07-23
filesystem, backup, btrfs, snapper
https://en.opensuse.org/Portal:Snapper
https://www.suse.com/documentation/sles-12/book_sle_admin/data/sec_snapper_manage.html

not relative for me?
http://www.ulduzsoft.com/2014/11/opensuse-13-2-do-not-use-btrfs-as-rootfs/

15:57 2015-07-28
extern void show_pte(struct mm_struct *mm, unsigned long addr);
1.
[ffffffc000080000] *pgd=02c0000040000711, *pud=02c0000040000711
[ffffffc000888000] *pgd=02c0000040000711, *pud=02c0000040000711
[ffffffc000811000] *pgd=02c0000040000711, *pud=02c0000040000711
[ffffffbdc1000000] *pgd=00000000bedfc003, *pud=00000000bedfc003, *pmd=00600000bea00711
mair_el1: ff440c0400440c0400

pmd= 0060 0000 bea0 0711


0111 0001 0001

AttrIndx[2:0]([4:2]) = 4

12:23 2015-07-30
1.  enable cma
    Kernel command line: console=ttyAMA0 root=/dev/vda2 rw earlyprintk=ttyAMA0,115200 cma=2G
    ...
    Memory: 1947956K/4194304K available (6425K kernel code, 929K rwdata, 2640K rodata, 756K init, 354K bss, 149196K reserved, 2097152K cma-reserved)

20:19 2015-08-03
pgd = ffffffc07464e000
[ffffff800047e000] *pgd=00000000b448d003, *pud=00000000b448d003, *pmd=00000000b305b003, *pte=00200000b5e76fd3

fd3: 1111 1101 0011

14:03 2015-08-06
use l2tp on opensuse
1.  yunti
```
你的情况是宽带通的网络导致的，因为宽带通是小运营商，没有自己的国际出口，是向电信和联通租用的国际出口，带宽小，网络结构不标准，会导致 VPN 无法连接或者连接不稳定等各种情况。

在网络状况不佳的情况下，有以下几个方法可供尝试：
1. 重启路由器，换个 IP 后，再连接 VPN

2.使用L2TP/IPSec协议连接VPN
https://www.yuntibit.com/guides/ubuntu_l2tp

3.将系统中VPN连接的 MTU 设置为 1280
关于 MTU 的修改，请打开以下链接查看帮助文档
https://www.yuntibit.com/admin/documents/how-to-adjust-mtu-for-vpn

这些方法通常对这类小运营商网络通常都很有效，建议你试一试哦 ^_^
```
2.
https://www.yuntibit.com/guides/ubuntu_l2tp
sudo zypper ar -c -f -r http://download.opensuse.org/repositories/home:/opensuse_zh/openSUSE_13.2/home:opensuse_zh.repo
sudo zypper in NetworkManager-l2tp

07:40 2015-08-07
ARM ARM v8 issue g
D4.8 Caches in a VMSA implementation
D4.8.1 Data and unified caches
For data and unified caches, the use of address translation is entirely transparent to any data access that is not UNPREDICTABLE.
This means that the behavior of accesses from the same observer to different VAs, that are translated to the same PA with the same memory attributes, is fully coherent. This means these accesses behave as follows, regardless of which VA is accessed:
* Two writes to the same PA occur in program order.
* A read of a PA returns the value of the last successful write to that PA.
* A write to a PA that occurs, in program order, after a read of that PA, has no effect on the value returned by that read.
The memory system behaves in this way without any requirement to use barrier or cache maintenance instructions.
In addition, if cache maintenance is performed on a memory location, the effect of that cache maintenance is visible to all aliases of that physical memory location.
These properties are consistent with implementing all caches that can handle data accesses as Physically-indexed,
physically-tagged (PIPT) caches.

19:08 2015-08-10
software skill, md5, 调整代码风格后如何检查代码没有变化?
1.  参考"32fea56 timers, sched/clock: Clean up the code a bit, 可以通过汇编代码的md5对比知道有没有变化.
  md5:
    19a053b31e0c54feaeff1492012b019a  sched_clock.o.before.asm
    19a053b31e0c54feaeff1492012b019a  sched_clock.o.after.asm

15:02 2015-08-13
filesystem, btrfs, user, noexec
1.  http://unix.stackexchange.com/questions/37980/partition-mounted-noexec-even-though-not-specified-in-etc-fstab
    ```
    I believe that, as a security feature, anything with user in the fstab is automatically mounted noexec unless exec is explicitly given in the fstab.
    ```
2.  mount options with user:
    > mount|grep ssd
    /dev/sdb2 on /home/bamvor/works_ssd type btrfs (rw,nosuid,nodev,noexec,relatime,ssd,discard,space_cache,user)
3.  mount options without user:
    > mount|grep ssd
    /dev/sdb2 on /home/bamvor/works_ssd type btrfs (rw,noatime,ssd,discard,space_cache)

21:10 2015-08-14
http://www.payscale.com/
http://www.stepstone.de/

14:20 2015-08-15
1.  Develop the aarch64 ILP32 of kernel and glibc base on the very early patches from commnunity, fix handreds of failures in LTP test. Compare with the lastest community patches(kernel and glibc part is not upstream yet), there are **12** patches(bugfix) in our hand for kernel, glibc, LTP and buildroot.

08:34 2015-08-20
GTD
1.  today
    1.  kselftest kdbus.

2.  next(weekly).
    1.  must send v2 for kselftest with some updates: provide the git tree in linaro.
    1.  finish two test in leetcode.
    2.  investigate the LUG in Germany.
    3.  Subscribe the BLUG mailing list for joining the german relative activity.
    4.  apply the position in amazon after finish ten test in leetcode.

18:22 2015-08-25
<https://www.sysgo.com/products/pikeos-rtos-and-virtualization-concept/>

From the JD, I feel that the most important words is linux-kernel, arm and virtulization. For me, I work on arm and linux kernel about 5 years. And I work on virtualization management tools about 2 years what I work for SUSE.
It seems that when you work for opensynergy, you started to work on linux-sunxi? So, you are not very busy in opensynergy? I mean you have enough spare time to do what you want?

14:13 2015-08-27
kernel, hotplug, __devXXX
1.  删除__dev的原因是CONFIG_HOTPLUG变为可选项。
commit d34d6517eadc91dc7915a2095c52dc8cde94db83
Author: Greg Kroah-Hartman <gregkh@linuxfoundation.org>
Date:   Fri Dec 21 15:05:21 2012 -0800

    Drivers: iommu: remove __dev* attributes.

    CONFIG_HOTPLUG is going away as an option.  As a result, the __dev*
    markings need to be removed.

    This change removes the use of __devinit, __devexit_p, __devinitdata,
    and __devexit from these drivers.

    Based on patches originally written by Bill Pemberton, but redone by me


    in order to handle some of the coding style issues better, by hand.

14:16 2015-08-27
hikey, iommu
1.  the existing smmu code except arm smmu is upstream around 2011 two years before arm smmu.

10:43 2015-08-31
GTD
0.  10:30

1.  today
    1.  10:30-10:50 闲逛.
        11:56-11:36
    2.  10:50-10:56 huawei
    1.  hikey
    2.  kselftest: may be talk with maintainer?

    1.  Summary:
        1.  连续三天12点之后睡觉，感觉非常疲惫，希望这是最后一次，要不真没什么希望了。

08:25 2015-09-09
software skill, email client, thunderbird
1.  change browser for thunderbird
    <http://kb.mozillazine.org/Changing_the_web_browser_invoked_by_Thunderbird>
    "Use Tools -> Options -> Advanced -> General -> Config editor to launch the config editor, right click on its listing, select New, select String, enter network.protocol-handler.app.http and then the complete path to whatever browser you want to use. If the setting already exists just double click on the setting to change the path."

09:51 2015-09-10
1.  chart with Alejandro
8月25日 下午6:21 Alejandro Mery (amery@geeks.cl)
nice people. quite relaxed environment.
they run a branch of a commercial microkernel based on l4 but made for airplanes adapted to IVI linux
mostly using imx9
their customers love expensive certifications
their other business is a bluetooth stack but that team is in USA
everything happens in english but most people is german
I know they helped people to get their visa. and the german work visa is not enslaving, you can change jobs as you want once in DE
Alejandro • 8月25日 下午6:28
From the JD, I feel that the most important words is linux-kernel, arm and virtulization. For me, I work on arm and linux kernel about 5 years. And I work on virtualization management tools about 2 years what I work for SUSE.
8月25日 下午6:29
Alejandro Mery (amery@geeks.cl)
the microkernel is called pikeos (or p4) and the have to add paravirtualised integration for every SoC then want to support or "demo"
https://www.sysgo.com/products/pikeos-rtos-and-virtualization-concept/
Alejandro • 8月25日 下午6:30
It seems that when you work for opensynergy, you started to work on linux-sunxi? So, you are not very busy in opensynergy? I mean you have enough spare time to do what you want?
8月25日 下午6:30
Alejandro Mery (amery@geeks.cl)
in fact I stopped working on linux-sunxi before moving to germany 😕
but you won't be made work more than 8h per day, so you'll have plenty spare time in one of the best cities in germany
Alejandro • 8月25日 下午6:31
great.
8月25日 下午6:31
