.LOG
11:29 2013-10-09
1, compile A20 kernel
ref: http://linux-sunxi.org/Mainline_Kernel_Howto
ARCH=arm CROSS_COMPILE=<toolchain-prefix> LOADADDR=0x40008000 make uImage dtbs

log.sh make LOADADDR=0x40008000 uImage dtbs

2, u-boot spl boot fail
U-Boot SPL 2013.10-rc2-08390-g3d2fc4e (Oct 03 2013 - 10:06:48)
Board: Cubieboard2
DRAM: 1024 MiB
CPU: 960000000Hz, AXI/AHB/APB: 3/2/2
spl: not an uImage at 1600
spl: not an uImage at 80
### ERROR ### Please RESET the board ###

1), this is because i use the wrong u-boot binary and offset
ref: http://linux-sunxi.org/Bootable_SD_card 
Bootloader
1 dd if=spl/sunxi-spl.bin of=$card bs=1024 seek=8
2 dd if=u-boot.img of=$card bs=1024 seek=40
If using u-boot v2013.07 or earlier then the procedure is slightly different
1 dd if=spl/sunxi-spl.bin of=$card bs=1024 seek=8
2 dd if=u-boot.bin of=$card bs=1024 seek=32

3, 
http://linux-sunxi.org/Mainline_Kernel_Howto
Warning: Before giving control to the kernel the U-Boot will move the loaded binaries to some different addresses and ignore the fact, the kernel needs much more space for extracting itselt. This causes a dtb to be overwritten and failure to boot. This of course should be fixed in U-Boot but a workaround for now is to set fdt_high:
env set fdt_high ffffffff

4, try xen
U-Boot SPL 2013.10-rc2-08390-g3d2fc4e (Oct 03 2013 - 10:06:48)
Board: Cubieboard2
DRAM: 1024 MiB
CPU: 960000000Hz, AXI/AHB/APB: 3/2/2
spl: not an uImage at 1600


U-Boot 2013.10-rc2-00585-gb5a4ae8 (Oct 09 2013 - 16:31:44) Allwinner Technology

CPU:   Allwinner A20 (SUN7I)
Board: Cubieboard2
I2C:   ready
DRAM:  1 GiB
MMC:   SUNXI SD/MMC: 0
*** Warning - bad CRC, using default environment

In:    serial
Out:   serial
Err:   serial
Net:   emac
Hit any key to stop autoboot:  0 
sun7i# fatload mmc 0 45000000 xen<INTERRUPT>
sun7i# fatload mmc 0 50000000 xen-uImage        
reading xen-uImage
956136 bytes read in 88 ms (10.4 MiB/s)
sun7i# bootm 5000000
Wrong Image Format for bootm command
ERROR: can't get kernel image!
sun7i# bootm 50000000
## Booting kernel from Legacy Image at 50000000 ...
   Image Name:   
   Created:      2013-10-09   8:42:13 UTC
   Image Type:   ARM Linux Kernel Image (uncompressed)
   Data Size:    956072 Bytes = 933.7 KiB
   Load Address: 40200000
   Entry Point:  40200000
   Verifying Checksum ... OK
   Loading Kernel Image ... OK
WARNING: ignoring attempt to set core boot address 7ff88454 on core -1
WARNING: Not kicking secondary CPUs

Starting kernel ...

- UART enabled -
- CPU 00000000 booting -
- Xen starting in Hyp mode -
- Zero BSS -
- Setting up control registers -
- Turning on paging -
- Ready -
RAM: 0000000040000000 - 00000000bfffffff

MODULE[1]: 00000000402e7700 - 00000000402e96a8 
MODULE[2]: 0000000060000000 - 0000000060600000 
Placing Xen at 0x00000000bfe00000-0x00000000c0000000
Xen heap: 00000000ae000000-00000000be000000 (65536 pages)
Dom heap: 458752 pages
Looking for UART console serial0
 __  __            _  _   _  _                      _        _     _      
 \ \/ /___ _ __   | || | | || |     _   _ _ __  ___| |_ __ _| |__ | | ___ 
  \  // _ \ '_ \  | || |_| || |_ __| | | | '_ \/ __| __/ _` | '_ \| |/ _ \
  /  \  __/ | | | |__   _|__   _|__| |_| | | | \__ \ || (_| | |_) | |  __/
 /_/\_\___|_| |_|    |_|(_) |_|     \__,_|_| |_|___/\__\__,_|_.__/|_|\___|
                                                                          
(XEN) Xen version 4.4-unstable (bamvor@(none)) (arm-linux-gnueabihf-gcc (crosstool-NG linaro-1.13.1-4.8-2013.04-20130417 - Linaro GCC 2013.04) 4.8.1 20130401 (prerelease)) debug=y Wed Oct  9 16:40:45 CST 2013
(XEN) Latest ChangeSet: Mon Oct 7 09:42:51 2013 +0200 git:84f04d8
(XEN) Console output is synchronous.
(XEN) Processor: 410fc074: "ARM Limited", variant: 0x0, part 0xc07, rev 0x4
(XEN) 32-bit Execution:
(XEN)   Processor Features: 00001131:00011011
(XEN)     Instruction Sets: AArch32 Thumb Thumb-2 ThumbEE Jazelle
(XEN)     Extensions: GenericTimer Security
(XEN)   Debug Features: 02010555
(XEN)   Auxiliary Features: 00000000
(XEN)   Memory Model Features: 10101105 40000000 01240000 02102211
(XEN)  ISA Features: 02101110 13112111 21232041 11112131 10011142 00000000
(XEN) WARNING: Unrecognized/unsupported device tree compatible list
(XEN) Available platform support:
(XEN)     - VERSATILE EXPRESS
(XEN)     - SAMSUNG EXYNOS5
(XEN)     - CALXEDA MIDWAY
(XEN)     - TI OMAP5
(XEN) 
(XEN) ****************************************
(XEN) Panic on CPU 0:
(XEN) Unable to find a compatible timer in the device tree
(XEN) ****************************************
(XEN) 
(XEN) Reboot in five seconds...

5, hang after
(XEN) DOM0: init/main.c:755<do_initcall_level>: fn<c056b544>
[    7.972417] init/main.c:755<do_initcall_level>: fn<c056b544>
[    7.978012] drivers/rtc/hctosys.c: unable to open rtc device (rtc0)
(XEN) DOM0: init/main.c:755<do_initcall_level>: fn<c056b548>
[    7.989537] init/main.c:755<do_initcall_level>: fn<c056b548>
(XEN) DOM0: init/main.c:755<do_initcall_level>: fn<c056b54c>
[    8.000455] init/main.c:755<do_initcall_level>: fn<c056b54c>
(XEN) DOM0: init/main.c:755<do_initcall_level>: fn<c056b550>
[    8.011389] init/main.c:755<do_initcall_level>: fn<c056b550>
(XEN) DOM0: init/main.c:755<do_initcall_level>: fn<c056b554>
�    8.022318] init/main.c:755<do_initcall_level>: fn<c056b554>

c056b554 t __initcall_clk_disable_unused7s
it may be the same reasone why the native kernel boot fail. but it could not expain why there is no output. unless the console init is after the clk_disable_unused. 
using boot parameter clk_ignore_unused ignore this function.
(later, when i want to add clk_ignore_unused in native kernel, i found that there is no bootargs in sun7i dts, so no uart is set for printk, \TODO: a patch for linux-sunxi?)

6, xen: fail at mount fs
[    7.979703] drivers/rtc/hctosys.c: unable to open rtc device (rtc0)
(XEN) DOM0: init/main.c:755<do_initcall_level>: fn<c056b548>
[    7.991228] init/main.c:755<do_initcall_level>: fn<c056b548>
(XEN) DOM0: init/main.c:755<do_initcall_level>: fn<c056b54c>
[    8.002144] init/main.c:755<do_initcall_level>: fn<c056b54c>
(XEN) DOM0: init/main.c:755<do_initcall_level>: fn<c056b550>
[    8.013077] init/main.c:755<do_initcall_level>: fn<c056b550>
(XEN) DOM0: init/main.c:755<do_initcall_level>: fn<c056b554>
[    8.024007] init/main.c:755<do_initcall_level>: fn<c056b554>
[    8.029586] clk: Not disabling unused clocks
(XEN) DOM0: init/main.c:755<do_initcall_level>: fn<c056b558>
[    8.039141] init/main.c:755<do_initcall_level>: fn<c056b558>
(XEN) DOM0: init/main.c:794<do_basic_setup>
[    8.048608] init/main.c:794<do_basic_setup>
(XEN) DOM0: init/main.c:911<kernel_init_freeable>
[    8.057161] init/main.c:911<kernel_init_freeable>
(XEN) DOM0: init/main.c:918<kernel_init_freeable>
[    8.066756] init/main.c:918<kernel_init_freeable>
(XEN) DOM0: init/main.c:920<kernel_init_freeable>
[    8.075790] init/main.c:920<kernel_init_freeable>
(XEN) DOM0: init/main.c:930<kernel_init_freeable>
[    8.084856] init/main.c:930<kernel_init_freeable>
[    8.089589] Waiting for root device ...

7, try usb storage.

8, partition sdcard
dd if=/dev/zero of=$card bs=1M count=1
sfdisk -R $card
cat <<EOT | sfdisk --in-order -uM $card
1,100,c
,,L
EOT
mkfs.vfat ${card}1
mkfs.ext4 ${card}2

9, native kernel fail at load initrd
[    0.438615] Unpacking initramfs...
[    0.442118] Unable to handle kernel paging request at virtual address ffb90000
[    0.449414] pgd = c0004000
[    0.452203] [ffb90000] *pgd=00000000
[    0.455876] Internal error: Oops: 5 [#1] SMP ARM
[    0.460577] CPU: 0 PID: 1 Comm: swapper/0 Not tainted 3.12.0-rc1-00021-g086e532-dirty #13
[    0.468827] task: ef05c000 ti: ef056000 task.ti: ef056000
[    0.474313] PC is at unpack_to_rootfs+0xc8/0x2a0
[    0.479011] LR is at unpack_to_rootfs+0x54/0x2a0
[    0.483709] pc : [<c051eb94>]    lr : [<c051eb20>]    psr: 20000153
[    0.483709] sp : ef057e90  ip : 00000000  fp : c051e778
[    0.495340] r10: c0585240  r9 : c0544378  r8 : c0544378
[    0.500642] r7 : ffb90000  r6 : 002d7c00  r5 : c05aa7f0  r4 : c0544378
[    0.507245] r3 : ef1b8000  r2 : c051eb20  r1 : 00000000  r0 : ef026000
[    0.513849] Flags: nzCv  IRQs on  FIQs off  Mode SVC_32  ISA ARM  Segment kernel
[    0.521318] Control: 10c5387d  Table: 4000406a  DAC: 00000015
[    0.527140] Process swapper/0 (pid: 1, stack limit = 0xef056240)
[    0.533223] Stack: (0xef057e90 to 0xef058000)
[    0.537662] 7e80:                                     c05442ec c058523c c0585200 ef056028
[    0.545915] 7ea0: 00000000 00000000 00000000 c0408064 c04a34e8 c0585238 c0585238 c058523c
[    0.554169] 7ec0: c0585200 ef056028 c051f234 c05442fc 00000000 c051f29c 00000005 c05442ec
[    0.562422] 7ee0: c0585200 c051db18 ef011900 c04a99dc ef0ab480 c04113fc 00000000 00000001
[    0.570675] 7f00: 00000000 c055de60 60000153 00000001 00000003 00000000 c0dca5e1 c041fb24
[    0.578928] 7f20: 000000b1 c0034e50 c04f793c 00000005 c0dca5f2 00000005 c055de50 00000005
[    0.587182] 7f40: c05442ec c0585200 c0585200 c051d4dc 000000b1 c05442fc c054c800 c051de94
[    0.595435] 7f60: 00000005 00000005 c051d4dc ffffffff ffffffff ffffffff ffffffff 00000000
[    0.603688] 7f80: c0585200 00000000 00000000 00000000 00000000 00000000 00000000 c0406db8
[    0.611942] 7fa0: 00000000 00000000 c0406d8c c000e138 00000000 00000000 00000000 00000000
[    0.620195] 7fc0: 00000000 00000000 00000000 00000000 00000000 00000000 00000000 00000000
[    0.628448] 7fe0: 00000000 00000000 00000000 00000000 00000013 00000000 ffffffff ffffffff
[    0.636719] [<c051eb94>] (unpack_to_rootfs+0xc8/0x2a0) from [<c051f29c>] (populate_rootfs+0x68/0xb4)
[    0.645930] [<c051f29c>] (populate_rootfs+0x68/0xb4) from [<c051db18>] (do_one_initcall+0x9c/0x13c)
[    0.655055] [<c051db18>] (do_one_initcall+0x9c/0x13c) from [<c051de94>] (kernel_init_freeable+0x2dc/0x45c)
[    0.664787] [<c051de94>] (kernel_init_freeable+0x2dc/0x45c) from [<c0406db8>] (kernel_init+0x2c/0x268)
[    0.674175] [<c0406db8>] (kernel_init+0x2c/0x268) from [<c000e138>] (ret_from_fork+0x14/0x3c)
[    0.682778] Code: e35c0000 1a000052 e3560000 0a000050 (e5d73000) 
[    0.688980] ---[ end trace b5ab4f577dfa413b ]---
[    0.693750] Kernel panic - not syncing: Attempted to kill init! exitcode=0x0000000b
[    0.693750] 

10, try xen with initrd in dt.
1), enable arch timer in sun7i.h
#define CONFIG_SYS_CLK_FREQ     24000000
2), add initrd in dt
3), fail after free memory
[    4.557412] Freeing unused kernel memory: 204K (c053a000 - c056d000)
[    4.563608] Internal error: Oops - undefined instruction: 0 [#1] SMP ARM
[    4.570245] CPU: 0 PID: 1 Comm: swapper/0 Not tainted 3.12.0-rc1-00021-g086e532-dirty #14
[    4.578327] task: cf85a000 ti: cf85c000 task.ti: cf85c000
[    4.583709] PC is at early_print+0x0/0x50
[    4.587712] LR is at kernel_init+0x88/0x268
[    4.591899] pc : [<c053cc44>]    lr : [<c041e040>]    psr: 60000153
[    4.591899] sp : cf85dfa0  ip : 00000001  fp : 00000000
[    4.603312] r10: 00000000  r9 : 00000000  r8 : 00000000
[    4.608514] r7 : 00000000  r6 : 00000000  r5 : c05a3dc0  r4 : 00000000
[    4.614998] r3 : c0427038  r2 : 00000342  r1 : c04bcd34  r0 : c04bce68
[    4.621479] Flags: nZCv  IRQs on  FIQs off  Mode SVC_32  ISA ARM  Segment kernel
[    4.628812] Control: 10c5387d  Table: 4000406a  DAC: 00000015
[    4.634525] Process swapper/0 (pid: 1, stack limit = 0xcf85c240)
[    4.640495] Stack: (0xcf85dfa0 to 0xcf85e000)
[    4.644849] dfa0: 00000000 00000000 c041dfb8 c000e4b8 00000000 00000000 00000000 00000000
[    4.652949] dfc0: 00000000 00000000 00000000 00000000 00000000 00000000 00000000 00000000
[    4.661051] dfe0: 00000000 00000000 00000000 00000000 00000013 00000000 ffffffff ffffffff
[    4.669162] Code: e7fddef0 e7fddef0 e7fddef0 e7fddef0 (e7fddef0) 
[    4.675208] ---[ end trace a4e43cf9d0a5cb21 ]---
[    4.679999] Kernel panic - not syncing: Attempted to kill init! exitcode=0x0000000b
[    4.679999] 
(10:44 2013-10-10)
yestoday, i thought it is fail at early_print +0x50. how foolish am i. the mean is fail at the 0x0/0x50 of early_print.
"10:44 2013-10-10"end

11, \TODO
1), contact Josh and try to get him image.
or i should use the same version with Josh and Ian C.
2), try usb storage device as root.

13:27 2013-10-09
买来测试了视频播放等功能，很流畅，无线信号也不错。
其实买来主要是为了自己开发用，已经引出了串口。正在实验Linux kernel和xen。
总的来说是一款性价比很高的盒子。

14:01 2013-10-09
GTD
0, 10:40

1, today
1), 30' discuss kiwi with Lidong zhong.

16:10 2013-10-09
yast里面读网卡应该是读的"/etc/sysconfig/network/if-xxx", 即使无效配置文件也会显示。但是ifconfig是从内核读取的信息，所以不会现实不存在的网卡。

17:43 2013-10-09
[PATCH RFC 0/8] xen/arm: very initial cubieboard2 support.
The following patches are a very early set of cubieboard patches, based 
on latest staging, eb786f709249666e1f7364706f94be1a6c4e04da 

Several are not to be applied because they can be done better using 
infrastructure from Julien's "Allow Xen to boot with a raw Device Tree" 
patch. They are included for completeness. 

With this I can boot up until dom0 panics due to lack of a root 
filesystem. This is because upstream Linux currently lacks any useful 
storage drivers (SATA, USB host, MMC). Hopefully this will resolve 
itself soon! 

The bulk of this is the hacking around of the ns16550 driver to support 
ARM platforms and DTB. 

It's currently a bit of a faff to get going. Hopefully the following is 
helpful: 

u-boot 
====== 

https://github.com/linux-sunxi/u-boot-sunxi.git linux-sunxi/sunxi 
commit e94cff93c273b0825bea135e0f559f5580156fa6 

Plus git://git.linaro.org/people/aprzywara/u-boot.git hypmode_v4 
commit 5068b337518617586f2e51b6d616c54dbec4fa62 

Plus patches for hypmode on sunxi and to initialise CNTFRQ. 

All of which can be found in 
git://xenbits.xen.org/people/ianc/u-boot.git devel/cubieboard2 

Built with: 
make Cubieboard2_FEL CROSS_COMPILE=arm-linux-gnueabihf- 

Linux 
===== 

Linux tree: 
https://github.com/mripard/linux.git sunxi/dt-for-3.12 
commit 82abe5294aeadc42508c7944f3a9aec0eece214c 

Using in tree DTS arch/arm/boot/dts/sun7i-a20-cubieboard2.dts with the 
following patch. 

Build Image and dtbs in the usual way 

Xen 
=== 

Build in the usual way. 

Xen can use CONFIG_EARLY_PRINTK=sun7i. 

Booting 
======= 

I am using FEL boot per http://linux-sunxi.org/FEL/USBBoot and 
http://linux-sunxi.org/FEL using the fel-sdboot.sunxi on MMC 
mechanism. 

linux-sunxi tools from git://github.com/linux-sunxi/sunxi-tools.git 
commit b398456630b310dbf31c7515e8d6af37903c4975 and: 

./usb-boot ~/devel/u-boot.git/spl/u-boot-spl.bin ~/devel/u-boot.git/u-boot.bin \ 
bootxen.scr ~/devel/xen.git/xen/xen \ 
~/devel/linux.git/arch/arm/boot/dts/sun7i-a20-cubieboard2.dtb 
~/devel/linux.git/arch/arm/boot/zImage 

bootxen.scr is: 
$ cat bootxen 
setenv bootargs dtuart=serial0 earlyprint loglvl=all conswitch=x 
bootz 0x44000000 - 0x43000000 
$ mkimage -T script -A arm -d bootxen bootxen.scr 

DTS patch 
========= 


diff --git a/arch/arm/boot/dts/sun7i-a20-cubieboard2.dts b/arch/arm/boot/dts/sun7i-a20-cubieboard2.dts 
31b76f0..6c0c387 100644 
--- a/arch/arm/boot/dts/sun7i-a20-cubieboard2.dts 
+++ b/arch/arm/boot/dts/sun7i-a20-cubieboard2.dts 
@@ -18,6 +18,21 @@ 
model = "Cubietech Cubieboard2"; 
compatible = "cubietech,cubieboard2", "allwinner,sun7i-a20"; 

+ chosen { 
+ #address-cells = <1>; 
+ #size-cells = <1>; 
+ 
+ module@0 { 
+ compatible = "xen,linux-zimage", "xen,multiboot-module"; 
+ bootargs = "console=hvc0 earlyprintk "; 
+ reg = <0x50000000 0x800000>; 
+ }; 
+ }; 
+ 
+ aliases { 
+ serial0 = &uart0; 
+ }; 
+ 
soc [at] 01c0000 { 
pinctrl [at] 01c2080 { 
led_pins_cubieboard2: led_pins@0 { 
diff --git a/arch/arm/boot/dts/sun7i-a20.dtsi b/arch/arm/boot/dts/sun7i-a20.dtsi 
index f4e4524..bfc5dc2 100644 
--- a/arch/arm/boot/dts/sun7i-a20.dtsi 
+++ b/arch/arm/boot/dts/sun7i-a20.dtsi 
@@ -26,11 +26,6 @@ 
reg = <0>; 
}; 

- cpu@1 { 
- compatible = "arm,cortex-a7"; 
- device_type = "cpu"; 
- reg = <1>; 
- }; 
}; 

memory { 
@@ -55,6 +55,14 @@ 
}; 
}; 

+ timer { 
+ compatible = "arm,armv7-timer"; 
+ interrupts = <1 13 0xf08>, 
+ <1 14 0xf08>, 
+ <1 11 0xf08>, 
+ <1 10 0xf08>; 
+ }; 
+ 
soc [at] 01c0000 { 
compatible = "simple-bus"; 
#address-cells = <1>; 
@@ -94,17 +102,6 @@ 
}; 
}; 

- timer [at] 01c20c0 { 
- compatible = "allwinner,sun4i-timer"; 
- reg = <0x01c20c00 0x90>; 
- interrupts = <0 22 1>, 
- <0 23 1>, 
- <0 24 1>, 
- <0 25 1>, 
- <0 67 1>, 
- <0 68 1>; 
- clocks = <&osc24M>; 
- }; 

wdt: watchdog [at] 01c20c9 { 
compatible = "allwinner,sun4i-wdt"; 

22:34 2013-10-09
xen, arm
help from agraf and citrix.
1, Julien Grall <julien.grall@citrix.com> reply "Re: Arndale dts patch"
Hi Alexander and Bamvor,

The device tree support on Xen upstream is far better than in July. Most
of the instructions I gave you is not anymore relevant.

You can read the Arndale wiki page:
http://wiki.xen.org/wiki/Xen_ARM_with_Virtualization_Extensions/Arndale

I don't think the instructions will be very different for the A7 based
systems.

We have a #xenarm channel on Freenode. Feel free to join it and ask
questions.

Cheers,

On 10/04/2013 12:04 PM, Alexander Graf wrote:
> Hi Julien,
> 
> For next week's hackweek, Bamvor is planning to bring up Xen on ARM in OpenSUSE. IIUC he's looking at A7 based systems rather than Exynos5, but I'll let him speak about that for himself.
> 
> Bamvor, I'm sure Citrix would be more than happy to help you in your Hackweek project to get Xen on ARM up to speed for openSUSE!
> 
> 
> Alex
> 
> On 09.07.2013, at 12:21, Julien Grall wrote:
> 
>> Hi Alexander,
>>
>> As I told you on IRC, for the moment Xen is not able to remove automatically nodes
>> in the device tree.
>>
>> The patch in attachment will:
>>  - Remove non-working node with Dom0
>>  - Disable UART-2 which is used by Xen
>>  - Harcoded linux and Xen command lines
>>
>> For the latter, I have 2 patches (one for Xen, and one for Linux) to avoid that, but I did not have time
>> to test it.
>>
>> In order to boot xen on the arndale, you need to:
>>  - Apply my previous patch to only have one big u-boot memory bank
>>  - Create an uImage for Xen:
>> mkimage -A arm -T kernel -a 0x80200000 -e 0x80200000 -C none -d "$xen_src/xen/xen.bin" xen-uImage 
>>  - Modify U-boot environment to set up Xen boot command. For instance I'm using this environment:
>> setenv kernel_addr_r 0x60000000
>> setenv xen_addr_r 0x50000000
>> setenv bootcmd_load_linux_mmc 'ext2load mmc 1:0 $kernel_addr_r /zImage'
>> setenv boot_xen_mmc 'run bootcmd_load_linux_mmc; ext2load mmc 1:0 $xen_addr_r /xen-uImage; bootm $xen_addr_r -'
>> setenv bootcmd 'run boot_xen_mmc'
>>
>> The zImage NEEDS to be loaded at 0x60000000. The address is harcoded in the DTS as U-boot/Xen doesn't yet support
>> multiboot. As for Linux bare metal boot, you can give the dts directly to bootm.
>>
>> It's not possible to use an initrd with Linux. It's missing some plumbing in Xen to load
>> modules in Dom0 and tell to Linux where is the initrd. Is it a big issue for you?
>>
>> Cheers,
>>
>> -- 
>> Julien<xen-dts.patch>
> 


-- 
Julien Grall

2, reply
thanks your help in advance.
> Hi Alexander and Bamvor,
> 
> The device tree support on Xen upstream is far better than in July. Most
> of the instructions I gave you is not anymore relevant.
> 
> You can read the Arndale wiki page:
> http://wiki.xen.org/wiki/Xen_ARM_with_Virtualization_Extensions/Arndale
> 
> I don't think the instructions will be very different for the A7 based
> systems.
yes, i am following the above instruction. currently, it fail at rootfs mount
in both xen dom0 boot and native kernel boot. considering the dom0 boot is
successfull as Ian and Josh said in last month. I guess that there is something
wrong in kernel. 
> 
> We have a #xenarm channel on Freenode. Feel free to join it and ask
> questions.
i will, thanks.
> 
> Cheers,

regards

bamvor

10:32 2013-10-10
GTD
0, 9:50

1, today
1), 10:00-11:50 13:49- 20:50-23:13 xen on arm: a20. see"10:33 2013-10-10"

10:33 2013-10-10
1, xen may be fail in early_print with a20 uart.
remove the early_print in xen dom0 kernel.

2, got the similar error on upstream kernel compare with yestoday result
[    0.292357] Unpacking initramfs...
[    0.295855] Unable to handle kernel paging request at virtual address ffa55000
[    0.303151] pgd = c0004000
[    0.305939] [ffa55000] *pgd=00000000
[    0.309613] Internal error: Oops: 5 [#1] SMP ARM
[    0.314314] CPU: 0 PID: 1 Comm: swapper/0 Not tainted 3.12.0-rc4-00029-g0e7a3ed #2
[    0.321958] task: ef05c000 ti: ef056000 task.ti: ef056000
[    0.327445] PC is at unpack_to_rootfs+0xc8/0x2a0
[    0.332142] LR is at unpack_to_rootfs+0x54/0x2a0
[    0.336840] pc : [<c0514914>]    lr : [<c05148a0>]    psr: 20000153
[    0.336840] sp : ef057e90  ip : 00000000  fp : c05144f8
[    0.348471] r10: c0579100  r9 : c05399f8  r8 : c05399f8
[    0.353773] r7 : ffa55000  r6 : 00412a00  r5 : c059e6b0  r4 : c05399f8
[    0.360376] r3 : ef1b8000  r2 : c05148a0  r1 : 00000000  r0 : ef026000
[    0.366980] Flags: nzCv  IRQs on  FIQs off  Mode SVC_32  ISA ARM  Segment kernel
[    0.374450] Control: 10c5387d  Table: 4000406a  DAC: 00000015
[    0.380272] Process swapper/0 (pid: 1, stack limit = 0xef056240)
[    0.386355] Stack: (0xef057e90 to 0xef058000)
[    0.390794] 7e80:                                     c053996c c05790fc c05134dc ef056028
[    0.399048] 7ea0: 00000000 00000000 00000000 c04026c4 c049cd6c c05790f8 c05790f8 c05790fc
[    0.407301] 7ec0: c05134dc ef056028 c0514fb4 c05790c0 00000000 c051501c 00000005 c053996c
[    0.415554] 7ee0: c05790c0 c0513b18 ef011900 c04a3358 ef0a9c80 c040b3b4 00000000 00000001
[    0.423807] 7f00: 00000000 c0551de0 60000153 00000001 00000003 00000000 c0dbe5e1 c0419ae4
[    0.432061] 7f20: 000000b1 c0035030 c04ed6f4 00000005 c0dbe5f2 00000005 c0551dd0 00000005
[    0.440314] 7f40: c053996c c05790c0 c05134dc c053997c 000000b1 c05790c0 c054196c c0513cf8
[    0.448567] 7f60: 00000005 00000005 c05134dc ffdfffff ffffffff ffffffff ffffffff 00000000
[    0.456820] 7f80: 000090c0 00000000 00000000 00000000 00000000 00000000 00000000 c04013e0
[    0.465073] 7fa0: 00000000 00000000 c04013d4 c000e1b8 00000000 00000000 00000000 00000000
[    0.473326] 7fc0: 00000000 00000000 00000000 00000000 00000000 00000000 00000000 00000000
[    0.481579] 7fe0: 00000000 00000000 00000000 00000000 00000013 00000000 ffffffff fffffbff
[    0.489850] [<c0514914>] (unpack_to_rootfs+0xc8/0x2a0) from [<c051501c>] (populate_rootfs+0x68/0xb4)
[    0.499061] [<c051501c>] (populate_rootfs+0x68/0xb4) from [<c0513b18>] (do_one_initcall+0x9c/0x13c)
[    0.508185] [<c0513b18>] (do_one_initcall+0x9c/0x13c) from [<c0513cf8>] (kernel_init_freeable+0x140/0x1dc)
[    0.517918] [<c0513cf8>] (kernel_init_freeable+0x140/0x1dc) from [<c04013e0>] (kernel_init+0xc/0x160)
[    0.527222] [<c04013e0>] (kernel_init+0xc/0x160) from [<c000e1b8>] (ret_from_fork+0x14/0x3c)
[    0.535740] Code: e35c0000 1a000052 e3560000 0a000050 (e5d73000) 
[    0.541945] ---[ end trace aff3c26080dcb3b3 ]---
[    0.546713] Kernel panic - not syncing: Attempted to kill init! exitcode=0x0000000b
[    0.546713] 

3, try josh kernel(including rootfs).
1), try josh kernel(including rootfs).pass.
2), try my kernel(dt-for-3.12) with josh rootfs. pass.
log:
(XEN) DOM0: [    4.544097] Trying to unpack rootfs image as initramfs...
(XEN) DOM0: [    4.896439] rootfs image is not initramfs (junk in compressed archive); looks like an initrd
(XEN) DOM0: [    4.940295] Freeing initrd memory: 10240K (c8200000 - c8c00000)
(XEN) DOM0: [    4.947432] NetWinder Floating Point Emulator V0.97 (extended precision)
(XEN) DOM0: [    4.965281] NFS: Registering the id_resolver key type
(XEN) DOM0: [    4.971354] Key type id_resolver registered
(XEN) DOM0: [    4.976482] Key type id_legacy registered
(XEN) DOM0: [    4.981713] Block layer SCSI generic (bsg) driver version 0.4 loaded (major 251)
(XEN) DOM0: [    4.990053] io scheduler noop registered
(XEN) DOM0: [    4.994911] io scheduler deadline registered
(XEN) DOM0: [    5.000236] io scheduler cfq registered (default)
(XEN) DOM0: [    5.007141] xen:xen_evtchn: Event-channel device installed
[    5.060854] console [hvc0] enabled, bootconsole disabled
(XEN) DOM0: [    5.060854] console [hvc0] enabled, bootconsole disabled
[    5.072380] Serial: IMX driver

[    5.216771] drivers/rtc/hctosys.c: unable to open rtc device (rtc0)
[    5.223023] clk: Not disabling unused clocks
[    5.233318] Freeing unused kernel memory: 5180K (c0662000 - c0b71000)

login[47]: root login on 'hvc0'
#

3), xen: try my kernel(dt-for-3.12) with my rootfs.
fail
[    4.739263] clk: Not disabling unused clocks
[    4.744347] RAMDISK: Couldn't find valid RAM disk image starting at 0.
[    4.750773] Waiting for root device ...

自己做的rootfs怎么也不行，提示
[    4.656094] clk: Not disabling unused clocks
[    4.663238] Freeing unused kernel memory: 2072K (c0662000 - c0868000)
Starting logging: OK
Initializing random number generator... done.
Starting network...
can't open /dev/hvc0: No such file or directory

4), when my native kernel rootfs in uImage.
it fail at 
Starting kernel ...

Uncompressing Linux... done, booting the kernel.

Error: unrecognized/unsupported machine ID (r1 = 0x000010bb).

Available machine support:

this need a workaround:
env set fdt_high ffffffff
because: http://linux-sunxi.org/Mainline_Kernel_Howto
Warning: Before giving control to the kernel the U-Boot will move the loaded binaries to some different addresses and ignore the fact, the kernel needs much more space for extracting itselt. This causes a dtb to be overwritten and failure to boot. This of course should be fixed in U-Boot but a workaround for now is to set fdt_high:

5), xen dom0 successful config
log/novell/hypervisor_and_tools/xen/arm/20131010/xen_successful
kernel version: 82abe5294 remotes/mripard/sunxi/dt-for-3.12
xen: staging: c4d3ccbf
u-boot: 
3d2fc4e8 remotes/origin/sunxi 
with remotes/aprzywara/hypmode_v4
with Ian C patch from http://lists.xen.org/archives/html/xen-devel/2013-08/msg03040.html, save in local.

6), boot xen dom0 with usb driver. 
1), without binding to a100. successful.

4, try network
# mount -v -t nfs 147.2.207.77:/home/bamvor/sda3/home /mnt 
[  255.466416] svc: failed to register lockdv1 RPC service (errno 5).
mount: mounting 147.2.207.77:/home/bamvor/sda3/home on /mnt failed: Input/output error
# 

ref: http://blog.163.com/yihui_wang/blog/static/186215490201151114941634/
mount -v -o nolock -t nfs 147.2.207.77:/home/bamvor/sda3/home /mnt

but could not reach the outside subnet. only 147.2.207.xxx is ok.

1), try to build xen tools through nfs.

5, NFS boot options.
https://www.kernel.org/doc/Documentation/filesystems/nfs/nfsroot.txt

6, (21:33 2013-10-10)
try to build xen-tools, found a network issue: http://permalink.gmane.org/gmane.linux.network/240598, could be fix: http://git.kernel.org/cgit/linux/kernel/git/torvalds/linux.git/commit/?id=1ca7ee30630e1022dbcf1b51be20580815ffab73
suggest add this in linux-sunxi.

7, nfs server, not reponsing. maybe solved by using tcp instead udp protocol and limit the package size(?) when a embedded board communcate with pc.
there is no this problem in office.

10:25 2013-10-11
GTD
0, 9:50

1, today
1), Shawn. FM, GSM抓包.
2), 10:25-11:54 xen: arm: sun7i. see"10:25 2013-10-11"

10:25 2013-10-11
xen, arm, sun7i
1, try xen tools on sun7i.
1), 
# /usr/local/sbin/xenstored --pid-file /var/run/xenstored.pid
/usr/local/sbin/xenstored: error while loading shared libraries: libxenctrl.so.4.3: cannot open shared object file: No such file or directory

# echo $LD_LIBRARY_PATH
# export LD_LIBRARY_PATH=/usr/local/lib
2), 
# /etc/init.d/xencommons start
Starting C xenstored....WARNING: Failed to open connection to gnttab
FATAL: Failed to open evtchn device: No such file or directory

3), 昨天换了kernel编译还不行，要针对当前版本kernel编译才可以.
我又错了，ko肯定是编译kernel时生成的，拷过来就行了。 
但是昨天编译的时候没有开module:
Enable loadable module support

4), if i do not mount nfs as root, lots of sript will not run. 

2, mount nfs not work when rootfs included in kernel.
1), remove the rootfs, retry, fail, the log
[    0.000000] Kernel command line: noinitrd rootfstype=nfs console=hvc0,115200n8 debug ignore_loglevel rw rootwait earlyprintk=xen clk_ignore_unused root=/dev/nfs nfsroot=147.2.207.160:/mnt/opensuse_root,no_lock,tcp ip=147.2.207.79:147.2.207.160:147.2.207.254:255.255.255.0

[    4.597655] IPv6: ADDRCONF(NETDEV_UP): eth0: link is not ready
[    4.833771] usb 1-1: new high-speed USB device number 2 using sunxi-ehci
[    6.703354] libphy: 1c0b080.mdio-mii:01 - Link is Up - 100/Full
[    6.709128] IPv6: ADDRCONF(NETDEV_CHANGE): eth0: link becomes ready
[    6.723386] IP-Config: Complete:
[    6.726495]      device=eth0, hwaddr=16:46:82:0c:ee:f4, ipaddr=147.2.207.79, mask=255.255.255.0, gw=147.2.207.254
[    6.736775]      host=147.2.207.79, domain=, nis-domain=(none)
[    6.742439]      bootserver=147.2.207.160, rootserver=147.2.207.160, rootpath=

2), using result while mount nfs after boot.
147.2.207.160:/mnt/opensuse_root on /mnt type nfs (rw,relatime,vers=3,rsize=1048576,wsize=1048576,namlen=255,hard,nolock,proto=tcp,port=2049,timeo=70,retrans=3,sec=sys,local_lock=all,addr=147.2.207.160)
2), using result while mount nfs after boot.
147.2.207.160:/mnt/opensuse_root on /mnt type nfs (rw,relatime,vers=3,rsize=1048576,wsize=1048576,namlen=255,hard,nolock,proto=tcp,port=2049,timeo=70,retrans=3,sec=sys,local_lock=all,addr=147.2.207.160)

3, 
FATAL: Failed to initialize dom0 state: Inappropriate ioctl for device

4, 似乎超近路不行，try to use opensuse initrd and opensuse nfs root fs.
and later try compile xen module instead of compile into kernel.
1), 
[    5.055580] drivers/rtc/hctosys.c: unable to open rtc device (rtc0)
[    5.061782] clk: Not disabling unused clocks
[    5.066672] RAMDISK: gzip image found at block 0
[    5.192861] RAMDISK: incomplete write (1199 != 7747)
[    5.197693] write error
[    5.200354] Waiting for root device ...

2), enlarge the ramdisk size in kernel, got another error
[    5.066717] init/main.c:906<kernel_init_freeable>: sys_access fail
[    5.072513] init/do_mounts.c:575<prepare_namespace>: call initrd_loadinit/do_mounts_initrd.c:127<initrd_load>
[    5.082284] init/do_mounts_initrd.c:129<initrd_load>: noinitrd not setinit/do_mounts_rd.c:198<rd_load_image>
[    5.092114] RAMDISK: gzip image found at block 0
[    5.096853] init/do_mounts_rd.c:352<crd_load>[    5.317456] usb 1-1: new high-speed USB device number 2 using sunxi-ehci

[    6.334657] uncompression error
[    6.338047] init/do_mounts_initrd.c:144<initrd_load>
[    6.342709] Waiting for root device ...

3), try to use the no compress image.
fail because i do not use the ext4 format. in current kernel, ext2 and ext3 is not supported:
[    5.420060] drivers/rtc/hctosys.c: unable to open rtc device (rtc0)
[    5.426264] clk: Not disabling unused clocks
[    5.431056] init/main.c:906<kernel_init_freeable>: sys_access fail
[    5.437108] init/do_mounts.c:575<prepare_namespace>: call initrd_load
[    5.443455] init/do_mounts_initrd.c:127<initrd_load>
[    5.448417] init/do_mounts_initrd.c:129<initrd_load>: noinitrd not set
[    5.454940] init/do_mounts_rd.c:198<rd_load_image>
[    5.459750] RAMDISK: ext2 filesystem found at block 0
[    5.464747] RAMDISK: Loading 98304KiB [1 disk] into ram disk... [    5.681270] usb 1-1: new high-speed USB device number 2 using sunxi-ehci
done.
[    7.058015] init/do_mounts_initrd.c:138<initrd_load>
[    7.251267] EXT4-fs (ram0): couldn't mount as ext3 due to feature incompatibilities
[    7.259373] EXT4-fs (ram0): mounting ext2 file system using the ext4 subsystem
[    7.267550] EXT4-fs (ram0): mounted filesystem without journal. Opts: (null)
[    7.274474] VFS: Mounted root (ext2 filesystem) on device 1:0.
[    7.280942] EXT4-fs error (device ram0): ext4_get_branch:169: inode #19: block 1734439765: comm kworker/u2:1: invalid block
[    7.292670] VFS: Cannot open root device "(null)" or unknown-block(0,0): error -6
[    7.300009] Please append a correct "root=" boot option; here are the available partitions:
[    7.308313] Kernel panic - not syncing: VFS: Unable to mount root fs on unknown-block(0,0)
[    7.316422] CPU: 0 PID: 1 Comm: swapper/0 Not tainted 3.12.0-rc1-00024-g31f10b1-dirty #20
[    7.324555] [<c0020100>] (unwind_backtrace+0x0/0xf4) from [<c001b9a8>] (show_stack+0x10/0x14)
[    7.332975] [<c001b9a8>] (show_stack+0x10/0x14) from [<c04e37cc>] (dump_stack+0x84/0x94)
[    7.341005] [<c04e37cc>] (dump_stack+0x84/0x94) from [<c04e1240>] (panic+0xa4/0x1f0)
[    7.348662] [<c04e1240>] (panic+0xa4/0x1f0) from [<c06e1fc8>] (mount_block_root+0x1a0/0x230)
[    7.357018] [<c06e1fc8>] (mount_block_root+0x1a0/0x230) from [<c06e224c>] (mount_root+0x108/0x110)
[    7.365887] [<c06e224c>] (mount_root+0x108/0x110) from [<c06e2f74>] (initrd_load+0x278/0x388)
[    7.374329] [<c06e2f74>] (initrd_load+0x278/0x388) from [<c06e235c>] (prepare_namespace+0x108/0x1f4)
[    7.383380] [<c06e235c>] (prepare_namespace+0x108/0x1f4) from [<c06e1c84>] (kernel_init_freeable+0x1ec/0x1fc)
[    7.393177] [<c06e1c84>] (kernel_init_freeable+0x1ec/0x1fc) from [<c04dedc8>] (kernel_init+0xc/0x160)
[    7.402302] [<c04dedc8>] (kernel_init+0xc/0x160) from [<c0018538>] (ret_from_fork+0x14/0x3c)

2), fail again, why?
[    7.224151] EXT3-fs (ram0): error: couldn't mount because of unsupported optional features (240)
[    7.233171] EXT2-fs (ram0): error: couldn't mount because of unsupported optional features (240)
[    7.243357] EXT4-fs (ram0): mounted filesystem with ordered data mode. Opts: (null)
[    7.250891] VFS: Mounted root (ext4 filesystem) on device 1:0.
[    7.269919] VFS: Cannot open root device "(null)" or unknown-block(0,0): error -6
[    7.277295] Please append a correct "root=" boot option; here are the available partitions:
[    7.285522] Kernel panic - not syncing: VFS: Unable to mount root fs on unknown-block(0,0)
[    7.293693] CPU: 0 PID: 1 Comm: swapper/0 Not tainted 3.12.0-rc1-00024-g31f10b1-dirty #21
[    7.301811] [<c0020100>] (unwind_backtrace+0x0/0xf4) from [<c001b9a8>] (show_stack+0x10/0x14)
[    7.310233] [<c001b9a8>] (show_stack+0x10/0x14) from [<c050f84c>] (dump_stack+0x84/0x94)
[    7.318247] [<c050f84c>] (dump_stack+0x84/0x94) from [<c050d080>] (panic+0xa4/0x1f0)
[    7.325934] [<c050d080>] (panic+0xa4/0x1f0) from [<c0717fc8>] (mount_block_root+0x1a0/0x230)
[    7.334276] [<c0717fc8>] (mount_block_root+0x1a0/0x230) from [<c071824c>] (mount_root+0x108/0x110)
[    7.343144] [<c071824c>] (mount_root+0x108/0x110) from [<c0718f74>] (initrd_load+0x278/0x388)
[    7.351587] [<c0718f74>] (initrd_load+0x278/0x388) from [<c071835c>] (prepare_namespace+0x108/0x1f4)
[    7.360628] [<c071835c>] (prepare_namespace+0x108/0x1f4) from [<c0717c84>] (kernel_init_freeable+0x1ec/0x1fc)
[    7.370436] [<c0717c84>] (kernel_init_freeable+0x1ec/0x1fc) from [<c050ac08>] (kernel_init+0xc/0x160)
[    7.379571] [<c050ac08>] (kernel_init+0xc/0x160) from [<c0018538>] (ret_from_fork+0x14/0x3c)

3), need limit the block
mkfs.ext3 -vm0 initrd.ext3 97280
but still fail.

5, notes: pemission denied if not su after mount nfs.
# mount -t nfs -o nolock,tcp,rsize=1024,wsize=1024 192.168.1.104:/mnt/opensuse_r
oot /mnt/
# pivot_root /mnt /mnt/initrd/
# mount -t sysfs sysfs /sys
# mount -t proc proc /proc
# chroot . /sbin/init
Couldn't find an alternative telinit implementation to spawn.
\TODO: ask help about this output.

6, xl hang
# /usr/local/sbin/xl  list
Name                                        ID   Mem VCPUs      State   Time(s)
[  949.027768] INFO: task xl:160 blocked for more than 120 seconds.
[  949.033609]       Not tainted 3.12.0-rc1-00024-g31f10b1-dirty #23
[  949.039687] "echo 0 > /proc/sys/kernel/hung_task_timeout_secs" disables this message.
[  949.047435] xl              D c04be768     0   160    135 0x00000001
[  949.053778] [<c04be768>] (__schedule+0x1e8/0x514) from [<c023ab4c>] (read_reply+0xb0/0x14c)
[  949.062041] [<c023ab4c>] (read_reply+0xb0/0x14c) from [<c023b480>] (xenbus_dev_request_and_reply+0x84/0x98)
[  949.071672] [<c023b480>] (xenbus_dev_request_and_reply+0x84/0x98) from [<c023d7e4>] (xenbus_file_write+0x240/0x4cc)
[  949.081982] [<c023d7e4>] (xenbus_file_write+0x240/0x4cc) from [<c00d1fe8>] (vfs_write+0xb4/0x190)
[  949.090765] [<c00d1fe8>] (vfs_write+0xb4/0x190) from [<c00d2178>] (SyS_write+0x3c/0x78)
[  949.098707] [<c00d2178>] (SyS_write+0x3c/0x78) from [<c000e6e0>] (ret_fast_syscall+0x0/0x30)

22:28 2013-10-11
PA9 TX
PA10 RX

没反应, 也许是BS1, BS2都焊接了? 明天点开试试.

15:23 2013-10-12
hackweek V
open board
openbrd.org

shawn:
fflush, fsync后才能保证写到硬盘.

21:31 2013-10-12
1, discuss nfs root mount fail with Boyang, got 2 suggests:
1), permission, mount as root need rw, ro will fail.
2), capture the package check where it fails.
2, for 1-1):
i was mount it in /mnt/opensuse_root which is owned by root. no sure if it will affect the nfs client as ro. 
mount it under /home/bamvor and try it again.

fail with the same error:
# chroot . /sbin/init
Couldn't find an alternative telinit implementation to spawn.

2), 
# ps aux|grep xenstore
missing btime in /proc/stat

the reason is because btime is empty. 

# date -s 20131012
Sat Oct 12 00:00:00 CEST 2013
# date -s 21:52
Sat Oct 12 21:52:00 CEST 2013

it will ok after set the date.

# ps aux|grep xenstored
root       111  0.0  0.1   2332   564 /initrd/dev/hvc0 S+ 21:53   0:00 grep xenstored
# 

2), try xen tools
(1), 
# xenstore-ls
xenstore-ls: error while loading shared libraries: libxenstore.so.3.0: cannot open shared object file: No such file or directory
# export LD_LIBRARY_PATH=/usr/local/lib
# xenstore-ls
xenstore-ls: xs_open: No such file or directory

(2), 
# /usr/local/sbin/xenstored --pid-file /var/run/xenstored.pid
# FATAL: Opening pid file /var/run/xenstored.pid: Permission denied

i fount that i could not create anything except the "/", according to 
http://yupianer.iteye.com/blog/815071
should use no_root_squash instead of root_squash in /etc/export

mount -t nfs -o nolock,tcp,rsize=10240,wsize=10240 192.168.1.104:/home/bamvor/opensuse_root /mnt

error not change
# pivot_root /mnt/ /mnt/initrd/
# cd /
# ls
bin                             etc     kiwi-hooks  opt   run      sys
boot                            home    lib         proc  sbin     tmp
bootincluded_archives.filelist  image   media       qemu  selinux  usr
dev                             initrd  mnt         root  srv      var
# ls initrd/
bin   dev  home  lib      lost+found  opt   root  sys  usr
boot  etc  init  linuxrc  mnt         proc  sbin  tmp  var
# chroot . /sbin/init
Couldn't find an alternative telinit implementation to spawn.
# 

(3), try xen-tools
# /usr/local/sbin/xenstored --pid-file /var/run/xenstored.pid
# xc: error: Could not obtain handle on privileged command interface (2 = No such file or directory): Internal error
FATAL: Failed to open connection to hypervisor: No such file or directory

this is because missing /proc/xen/privcmd(and /proc/xen) in proc. 
and i miss the important step, before start xenstored.
mount -t xenfs xenfs /proc/xen

# mkdir /proc/xen
# mount -t xenfs xenfs /proc/xen
# ls /proc/xen/
capabilities  privcmd  xenbus  xsd_kva  xsd_port

(4), another failure
# /usr/local/sbin/xenstored --pid-file /var/run/xenstored.pid
# FATAL: Failed to initialize dom0 state: Invalid argument

great, i finally got the same result in the company in yestoday.

(5), using gdb to debug it.
(gdb) n
292             rc = xc_evtchn_bind_interdomain(xce_handle, domid, port);
(gdb) s

Program received signal SIGSEGV, Segmentation fault.
0xe7f001f0 in ?? ()

((1)), re-run it
(gdb) s
101         return xce->ops->u.evtchn.bind_interdomain(xce, xce->ops_handle, domid, remote_port);
(gdb) p xce
$1 = (xc_evtchn *) 0x343c8
(gdb) p xce->ops_handle
$2 = 15
(gdb) p domid
$3 = 0
(gdb) p remote_port
$4 = 1
(gdb) s
linux_evtchn_bind_interdomain (xce=0x343c8, h=15, domid=domid@entry=0, 
    remote_port=remote_port@entry=1) at xc_linux_osdep.c:486
486         bind.remote_domain = domid;
(gdb) 

failed in 
    return ioctl(fd, IOCTL_EVTCHN_BIND_INTERDOMAIN, &bind);

the errno is 22.

    #define EINVAL      22  /* Invalid argument */

the fd is point to the 
lrwx------ 1 root root 64 Oct 12 23:15 15 -> /dev/xen/evtchn

is it because the device node is created by hand?

(6), yes, the device number is changes.
# ls /dev/xen -l
total 0
crw-------    1 root     root       10,  61 Jan  1 00:00 evtchn
crw-------    1 root     root       10,  59 Jan  1 00:00 gntalloc
crw-------    1 root     root       10,  60 Jan  1 00:00 gntdev
crw-------    1 root     root       10,  58 Jan  1 00:00 privcmd
crw-------    1 root     root       10,  63 Jan  1 00:00 xenbus
crw-------    1 root     root       10,  62 Jan  1 00:00 xenbus_backend

((1)), cmd list: init
ifconfig eth0 192.168.1.105 netmask 255.255.255.0 up
sleep 1
route add default 192.168.1.1
sleep 1
export server_ip=192.168.1.104
mount -t nfs -o nolock,tcp,rsize=10240,wsize=10240 ${server_ip}:/mnt/opensuse_root /mnt
pivot_root /mnt /mnt/initrd
chroot /
mount -t proc proc /proc
mount -t sysfs sysfs /sys
export LD_LIBRARY_PATH=/usr/local/lib

((2)), xen device 
cd /dev/xen
mknod evtchn c 10 61
mknod gntalloc c 10 59
mknod gntdev c 10 60
mknod privcmd c 10 58
mknod xenbus c 10 63
mknod xenbus_backend c 10 62

(15:54 2013-10-14)
follow the initrd mount result, i found that after i mount devtmpfs, the device will appear in /dev, i also mount devpts and tmpfs:
mount -t devtmpfs devtmpfs /dev
mount -t devpts devpts /dev/pts
mount -t tmpfs tmps /tmp/
"15:54 2013-10-14"end

((3)), xenfs
mount -t xenfs xenfs /proc/xen

((4)), xenstored start successful
# /usr/local/sbin/xenstored --pid-file /var/run/xenstored.pid
# xenstore-ls
tool = ""
 xenstored = ""
local = "

7), 
# /etc/init.d/xencommons start
Starting xenconsoled...
Starting QEMU as disk backend for dom0
/etc/init.d/xencommons: line 120: /usr/local/lib/xen/bin/qemu-system-i386: No such file or directory

# ps aux|grep xen
root        14  0.0  0.0      0     0 ?        S    23:49   0:00 [xenwatch]
root        15  0.0  0.0      0     0 ?        S    23:49   0:00 [xenbus]
root        19  0.0  0.0      0     0 ?        S<   23:49   0:00 [xenbus_frontend]
root        78  0.0  0.0      0     0 ?        Zs   23:51   0:00 [xenstored] <defunct>
root        79  0.0  0.1   2380   600 ?        S    23:51   0:00 /usr/local/sbin/xenstored --pid-file /var/run/xenstored.pid
root       103  0.0  0.0      0     0 ?        Zs   23:52   0:00 [xenconsoled] <defunct>
root       105  0.0  0.1   3416   524 ?        SLl  23:52   0:00 /usr/local/sbin/xenconsoled --pid-file=/var/run/xenconsoled.pid
root       111  0.0  0.1   2332   564 /initrd/dev/hvc0 S+ 23:53   0:00 grep xen
# 

(15:57 2013-10-14)
after set domain name in xenstored, xl list will show the dom0 name as "Domain-0"
    echo Setting domain 0 name...
    ${BINDIR}/xenstore-write "/local/domain/0/name" "Domain-0"
# xenstore-ls
tool = ""
 xenstored = ""
local = ""
 domain = ""
  0 = ""
   name = "Domain-0"
# xl list
sh: xl: command not found
# export PATH=$PATH:/usr/local/bin
# export PATH=$PATH:/usr/local/sbin
# xl list
Name                                        ID   Mem VCPUs      State   Time(s)
Domain-0                                     0   384     1     r-----       9.2
"15:57 2013-10-14"end

8), xl list successful
# /usr/local/sbin/xl list
Name                                        ID   Mem VCPUs      State   Time(s)
(null)                                       0   384     1     r-----       4.9
# 

3, \TODO
1), try nfs root
192.168.1.104:/home/bamvor/opensuse_root on / type nfs (rw,relatime,vers=3,rsize=1024,wsize=1024,namlen=255,hard,nolock,proto=tcp,port=2049,timeo=70,retrans=3,sec=sys,local_lock=all,addr=192.168.1.104)

i need update the xen device tree. get it from company.

2), i found that i could login only after i enable the autologin:
hvc0::respawn:/sbin/getty -n -l/bin/autologin -L hvc0 115200 vt100
why?

21:56 2013-10-13
xen, arm, sun7i, compile domU kernel
1, check the dom0 config
remove the followings
CONFIG_XEN_XENBUS_FRONTEND=y
CONFIG_HVC_XEN_FRONTEND=y
CONFIG_XEN_FBDEV_FRONTEND=y
CONFIG_XEN_BLKDEV_FRONTEND=y
CONFIG_XEN_NETDEV_FRONTEND=y


--- .config	2013-10-11 18:04:07.369842503 +0800
+++ arch/arm/configs/sun7i_dom0_defconfig	2013-10-14 11:26:42.483325824 +0800
@@ -853,13 +689,13 @@
 # CONFIG_BLK_DEV_NBD is not set
 CONFIG_BLK_DEV_RAM=y
 CONFIG_BLK_DEV_RAM_COUNT=2
 CONFIG_BLK_DEV_RAM_SIZE=262144
 # CONFIG_BLK_DEV_XIP is not set
 # CONFIG_CDROM_PKTCDVD is not set
 # CONFIG_ATA_OVER_ETH is not set
 # CONFIG_MG_DISK is not set
-CONFIG_XEN_BLKDEV_FRONTEND=y
-# CONFIG_XEN_BLKDEV_BACKEND is not set
+# CONFIG_XEN_BLKDEV_FRONTEND is not set
+CONFIG_XEN_BLKDEV_BACKEND=y
 # CONFIG_BLK_DEV_RBD is not set
 
 #
@@ -882,7 +718,6 @@
 # CONFIG_HMC6352 is not set
 # CONFIG_DS1682 is not set
 # CONFIG_TI_DAC7512 is not set
-# CONFIG_ARM_CHARLCD is not set
 # CONFIG_BMP085_I2C is not set
 # CONFIG_BMP085_SPI is not set
 # CONFIG_USB_SWITCH_FSA9480 is not set
@@ -955,7 +790,6 @@
 # CONFIG_SCSI_DEBUG is not set
 # CONFIG_SCSI_DH is not set
 # CONFIG_SCSI_OSD_INITIATOR is not set
-CONFIG_HAVE_PATA_PLATFORM=y
 CONFIG_ATA=y
 # CONFIG_ATA_NONSTANDARD is not set
 CONFIG_ATA_VERBOSE_ERROR=y
@@ -984,12 +818,10 @@
 # PATA SFF controllers with BMDMA
 #
 # CONFIG_PATA_ARASAN_CF is not set
-# CONFIG_PATA_IMX is not set
 
 #
 # PIO-only SFF controllers
 #
-# CONFIG_PATA_PLATFORM is not set
 
 #
 # Generic fallback / legacy drivers
@@ -1042,14 +874,10 @@
 CONFIG_NET_VENDOR_FARADAY=y
 # CONFIG_FTMAC100 is not set
 # CONFIG_FTGMAC100 is not set
-CONFIG_NET_VENDOR_FREESCALE=y
-CONFIG_FEC=y
 CONFIG_NET_VENDOR_INTEL=y
 CONFIG_NET_VENDOR_I825XX=y
 CONFIG_NET_VENDOR_MARVELL=y
-# CONFIG_MV643XX_ETH is not set
 # CONFIG_MVMDIO is not set
-# CONFIG_MVNETA is not set
 CONFIG_NET_VENDOR_MICREL=y
 # CONFIG_KS8842 is not set
 CONFIG_KS8851=y
@@ -1072,18 +900,11 @@
 CONFIG_STMMAC_PLATFORM=y
 # CONFIG_STMMAC_DEBUG_FS is not set
 # CONFIG_STMMAC_DA is not set
-CONFIG_NET_VENDOR_TI=y
-# CONFIG_TI_DAVINCI_EMAC is not set
-# CONFIG_TI_DAVINCI_MDIO is not set
-# CONFIG_TI_DAVINCI_CPDMA is not set
-# CONFIG_TI_CPSW is not set
 CONFIG_NET_VENDOR_VIA=y
 # CONFIG_VIA_VELOCITY is not set
 CONFIG_NET_VENDOR_WIZNET=y
 # CONFIG_WIZNET_W5100 is not set
 # CONFIG_WIZNET_W5300 is not set
-CONFIG_NET_VENDOR_XILINX=y
-# CONFIG_XILINX_EMACLITE is not set
 CONFIG_PHYLIB=y
 
 #
@@ -1134,8 +955,8 @@
 # Enable WiMAX (Networking options) to see the WiMAX drivers
 #
 # CONFIG_WAN is not set
-CONFIG_XEN_NETDEV_FRONTEND=y
-# CONFIG_XEN_NETDEV_BACKEND is not set
+# CONFIG_XEN_NETDEV_FRONTEND is not set
+CONFIG_XEN_NETDEV_BACKEND=y
 # CONFIG_ISDN is not set
 
 #
@@ -1293,12 +1095,12 @@
 CONFIG_HVC_DRIVER=y
 CONFIG_HVC_IRQ=y
 CONFIG_HVC_XEN=y
-CONFIG_HVC_XEN_FRONTEND=y
+# CONFIG_HVC_XEN_FRONTEND is not set
 # CONFIG_HVC_DCC is not set
 # CONFIG_IPMI_HANDLER is not set
 CONFIG_HW_RANDOM=y
 # CONFIG_HW_RANDOM_TIMERIOMEM is not set
 # CONFIG_HW_RANDOM_ATMEL is not set
 # CONFIG_HW_RANDOM_EXYNOS is not set
 # CONFIG_R3964 is not set
 # CONFIG_RAW_DRIVER is not set
@@ -1831,16 +1567,16 @@
 #
 # Frame buffer hardware drivers
 #
 # CONFIG_FB_S1D13XXX is not set
 # CONFIG_FB_SMSCUFX is not set
 # CONFIG_FB_UDL is not set
 # CONFIG_FB_GOLDFISH is not set
 # CONFIG_FB_VIRTUAL is not set
-CONFIG_XEN_FBDEV_FRONTEND=y
+# CONFIG_XEN_FBDEV_FRONTEND is not set
 # CONFIG_FB_METRONOME is not set
 # CONFIG_FB_BROADSHEET is not set
 # CONFIG_FB_AUO_K190X is not set
 CONFIG_FB_SIMPLE=y
 # CONFIG_EXYNOS_VIDEO is not set
 # CONFIG_BACKLIGHT_LCD_SUPPORT is not set
 
@@ -1946,7 +1673,6 @@
 #
 # CONFIG_I2C_HID is not set
 CONFIG_USB_OHCI_LITTLE_ENDIAN=y
-CONFIG_USB_ARCH_HAS_EHCI=y
 CONFIG_USB_SUPPORT=y
 CONFIG_USB_COMMON=y
 CONFIG_USB_ARCH_HAS_HCD=y
@@ -1971,8 +1697,8 @@
 CONFIG_USB_EHCI_HCD=y
 CONFIG_USB_EHCI_ROOT_HUB_TT=y
 CONFIG_USB_EHCI_TT_NEWSCHED=y
 CONFIG_USB_EHCI_HCD_PLATFORM=y
-# CONFIG_USB_SUNXI_EHCI is not set
+CONFIG_USB_SUNXI_EHCI=y
 # CONFIG_USB_OXU210HP_HCD is not set
 # CONFIG_USB_ISP116X_HCD is not set
 CONFIG_USB_ISP1760_HCD=y
@@ -2279,7 +1950,6 @@
 CONFIG_XENFS=y
 CONFIG_XEN_COMPAT_XENFS=y
 CONFIG_XEN_SYS_HYPERVISOR=y
-CONFIG_XEN_XENBUS_FRONTEND=y
 CONFIG_XEN_GNTDEV=y
 CONFIG_XEN_GRANT_DEV_ALLOC=y
 CONFIG_XEN_PRIVCMD=y

2, \TODO
1), compile dom0 kernel base on julieng arndale kernel.

10:07 2013-10-14
GTD
0, 9:50-18:38

1, today
1), 30' hackweek: about the power of watch, i should do this in next week.
2), 30' personal stuff.
3), 11:19-11:40 14:00-18:37 xen: arm: sun7i: domU. see"11:18 2013-10-14"
1h: personal stuff.
4), \TODO:
(1), send email to xen-devel for help.

10:08 2013-10-14
GTD, week plan
1, week plan
1), hackweek
(1), Monday as hackweek project.
(2), in the rest day of this week, i could only use the night as my hackweek.
(3), i hope i could get the watch prototype works this week.
2), libvirt: finish ao_how with job patch.
3), send the xen-devel about ao_how patch.

10:31 2013-10-14
hackweek, watch
1, power
1), CR2032 or other button cell battery.
2), 2/3 F6 or other F6 battery
2/3 F6 about 30mm length. it could provide the more output current. but it is less safe than CR2032, because no big vendor.

11:18 2013-10-14
xen, arm, sun7i, domU
1, ref: 
Problems when creating domU on OMAP5
http://www.gossamer-threads.com/lists/xen/devel/298167

2, check the dom0 config. finished in "21:56 2013-10-13"1.

3, check the domU config.
\TODO: question. why CONFIG_XEN_BACKEND=y is in xen_domU_arndale_defconfig, comment it for now.

4, change the xenvm dst
1), ref: chen in OMAP5:
--- a/arch/arm/boot/dts/xenvm-4.2.dts
+++ b/arch/arm/boot/dts/xenvm-4.2.dts
@@ -49,13 +49,13 @@
                reg = <0 0x80000000 0 0x08000000>;
        };

-       gic: interrupt-controller@2c001000 {
+       gic: interrupt-controller@48211000 {
                compatible = "arm,cortex-a15-gic", "arm,cortex-a9-gic";
                #interrupt-cells = <3>;
                #address-cells = <0>;
                interrupt-controller;
-               reg = <0 0x10481000 0 0x1000>,
-                     <0 0x10482000 0 0x100>;
+               reg = <0 0x48211000 0 0x1000>,
+                     <0 0x48212000 0 0x1000>;
        };

        timer {

2), diff
i update the cpu, gic, memory base and remove motherboard.
does the gic should have the same address for hardware. i found the old gic combine with vexpress(0x2c001000) and exynos5250(0x10481000) base address, is it a typo?
	gic: interrupt-controller@2c001000 {
		compatible = "arm,cortex-a15-gic", "arm,cortex-a9-gic";
 		#interrupt-cells = <3>;
 		#address-cells = <0>;
 		interrupt-controller;
		reg = <0 0x10481000 0 0x1000>,
		      <0 0x10482000 0 0x100>;
 	};

diff --git a/arch/arm/boot/dts/xenvm-4.2.dts b/arch/arm/boot/dts/xenvm-4.2.dts
index 2f4136b..db12d20 100644
--- a/arch/arm/boot/dts/xenvm-4.2.dts
+++ b/arch/arm/boot/dts/xenvm-4.2.dts
@@ -26,36 +26,30 @@
 
 		cpu@0 {
 			device_type = "cpu";
-			compatible = "arm,cortex-a15";
+			compatible = "arm,cortex-a7";
 			reg = <0>;
 		};
-
-		cpu@1 {
-			device_type = "cpu";
-			compatible = "arm,cortex-a15";
-			reg = <1>;
-		};
 	};
 
 	psci {
 		compatible      = "arm,psci";
 		method          = "hvc";
-		cpu_on          = <2>;
+		cpu_on          = <1>;
 	};
 
-	memory@80000000 {
+	memory@40000000 {
 		device_type = "memory";
 		/* this field is going to be adjusted by the hypervisor */
-		reg = <0 0x80000000 0 0x08000000>;
+		reg = <0 0x40000000 0 0x08000000>;
 	};
 
-	gic: interrupt-controller@2c001000 {
-		compatible = "arm,cortex-a15-gic", "arm,cortex-a9-gic";
+	gic: interrupt-controller@1c481000 {
+		compatible = "arm,cortex-a7-gic", "arm,cortex-a15-gic";
 		#interrupt-cells = <3>;
 		#address-cells = <0>;
 		interrupt-controller;
-		reg = <0 0x10481000 0 0x1000>,
-		      <0 0x10482000 0 0x100>;
+		reg = <0 0x1c481000 0 0x1000>,
+		      <0 0x1c482000 0 0x1000>;
 	};
 
 	timer {
@@ -73,8 +67,4 @@
 		/* this field is going to be adjusted by the hypervisor */
 		interrupts = <1 15 0xf08>;
 	};
-
-	motherboard {
-		arm,v2m-memory-map = "rs1";
-	};
 };

5, i need enable loop in dom0 kernel. othervise i could not use the disk.
\TODO how to use initrd in xen domU?
1), domU boot successful, but i do not know how to connect to it.
# xl create domU_test -d
Parsing config from domU_test
unable to format domain config as JSON (YAJL:1)

[ 1357.167915] Failed to unmap pfn:4c61d rc:-2
[ 1357.172804] Failed to unmap pfn:4bf33 rc:-2
[ 1357.177537] Failed to unmap pfn:4c61d rc:-2
[ 1357.182305] Failed to unmap pfn:4bf33 rc:-2
[ 1357.186930] Failed to unmap pfn:4c61b rc:-2
[ 1357.194761] Failed to unmap pfn:4c61a rc:-2
Daemon running with PID 151
# 
# xl list
Name                                        ID   Mem VCPUs      State   Time(s)
Domain-0                                     0   383     1     r-----      13.0
domU                                         1   128     1     ------       3.5
# xl list
Name                                        ID   Mem VCPUs      State   Time(s)
Domain-0                                     0   383     1     r-----      13.1
domU                                         1   128     1     ------       6.2

2), xenstore-ls
# xenstore-ls
tool = ""
 xenstored = ""
local = ""
 domain = ""
  0 = ""
   name = "Domain-0"
   libxl = ""
    disable_udev = "1"
   backend = ""
    console = ""
     1 = ""
      0 = ""
       frontend = "/local/domain/1/console"
       frontend-id = "1"
       online = "1"
       state = "1"
       domain = "domU"
       protocol = "vt100"
  1 = ""
   vm = "/vm/9a65f38d-7e40-4491-9179-47eec5a5d54c"
   name = "domU"
   cpu = ""
    0 = ""
     availability = "online"
   memory = ""
    static-max = "131072"
    target = "131073"
    videoram = "-1"
   device = ""
    suspend = ""
     event-channel = ""
   control = ""
    shutdown = ""
    platform-feature-multiprocessor-suspend = "1"
    platform-feature-xs_reset_watches = "1"
   data = ""
   domid = "1"
   store = ""
    port = "1"
    ring-ref = "557057"
   console = ""
    backend = "/local/domain/0/backend/console/1/0"
    backend-id = "0"
    limit = "1048576"
    type = "xenconsoled"
    output = "pty"
    tty = "/dev/pts/0"
    port = "2"
    ring-ref = "557056"
vm = ""
 9a65f38d-7e40-4491-9179-47eec5a5d54c = ""
  uuid = "9a65f38d-7e40-4491-9179-47eec5a5d54c"
  name = "domU"
  image = ""
   ostype = "linux"
   kernel = "/root/zImage_dtb"
   cmdline = ""
  start_time = "1374.92"
libxl = ""
 1 = ""
  dm-version = "qemu_xen_traditional"
# 

(1), \TODO: why there is a qqemu_xen_traditional in dm-version?

3), destroy warning:
# xl destroy 1
(XEN) mm.c:1250:d0 gnttab_mark_dirty not implemented yet

13:43 2013-10-14
software skill, how to know the hostname from ip
http://stackoverflow.com/questions/657482/how-to-find-host-name-from-ip-with-out-login-to-the-host
but i do not successful.

4), add console="pty", but xl console still hang:
# xl -v create domU_test -d       
Parsing config from domU_test
unable to format domain config as JSON (YAJL:1)
libxl: detail: libxl_dom.c:195:numa_place_domain: NUMA placement candidate with 1 nodes, 1 cpus and 1629 KB free selected
domainbuilder: detail: xc_dom_allocate: cmdline="", features="(null)"
domainbuilder: detail: xc_dom_kernel_file: filename="/root/zImage_dtb"
domainbuilder: detail: xc_dom_malloc_filemap    : 2029 kB
domainbuilder: detail: xc_dom_boot_xen_init: ver 4.4, caps xen-3.0-armv7l 
domainbuilder: detail: xc_dom_parse_image: called
domainbuilder: detail: xc_dom_find_loader: trying multiboot-binary loader ... 
domainbuilder: detail: loader probe failed
domainbuilder: detail: xc_dom_find_loader: trying Linux zImage (ARM) loader ... 
domainbuilder: detail: xc_dom_probe_zimage_kernel: found an appended DTB
domainbuilder: detail: loader probe OK
domainbuilder: detail: xc_dom_parse_zimage_kernel: called
domainbuilder: detail: xc_dom_parse_zimage_kernel: xen-3.0-armv7l: RAM starts at 80000
domainbuilder: detail: xc_dom_parse_zimage_kernel: xen-3.0-armv7l: 0x80008000 -> 0x80203487
domainbuilder: detail: xc_dom_mem_init: mem 128 MB, pages 0x8000 pages, 4k each
domainbuilder: detail: xc_dom_mem_init: 0x8000 pages
domainbuilder: detail: xc_dom_boot_mem_init: called
domainbuilder: detail: xc_dom_malloc            : 256 kB
domainbuilder: detail: xc_dom_build_image: called
domainbuilder: detail: xc_dom_alloc_segment:   kernel       : 0x80008000 -> 0x80204000  (pfn 0x80008 + 0x1fc pages)
domainbuilder: detail: xc_dom_pfn_to_ptr_retcount: domU mapping: pfn 0x80008+0x1fc at 0xb680a000
domainbuilder: detail: xc_dom_load_zimage_kernel: called
domainbuilder: detail: xc_dom_load_zimage_kernel: kernel sed 0x80008000-0x80204000
domainbuilder: detail: xc_dom_load_zimage_kernel: copy 2077831 bytes from blob 0xb6a47000 to dst 0xb680a000
domainbuilder: detail: alloc_magic_pages: called
[ 4828.469153] Failed to unmap pfn:4c12e rc:-2
[ 4828.473412] Failed to unmap pfn:4c60e rc:-2
domainbuilder: detail: count_pgtables_arm: called
domainbuilder: detail: xc_dom_build_image  : virt_alloc_end : 0x80204000
domainbuilder: detail: xc_dom_build_image  : virt_pgtab_end : 0x0
domainbuilder: detail: xc_dom_boot_image: called
domainbuilder: detail: arch_setup_bootearly: doing nothing
domainbuilder: detail: xc_dom_compat_check: supported guest type: xen-3.0-armv7l <= matches
domainbuilder: detail: setup_pgtables_arm: called
domainbuilder: detail: clear_page: pfn 0x88000, mfn 0x88000
[ 4828.522835] Failed to unmap pfn:4c12e rc:-2
domainbuilder: detail: clear_page: pfn 0x88001, mfn 0x88001
[ 4828.532799] Failed to unmap pfn:4c60e rc:-2
domainbuilder: detail: start_info_arm: called
domainbuilder: detail: domain builder memory footprint
domainbuilder: detail:    allocated
domainbuilder: detail:       malloc             : 269 kB
domainbuilder: detail:       anon mmap          : 0 bytes
domainbuilder: detail:    mapped
domainbuilder: detail:       file mmap          : 2029 kB
domainbuilder: detail:       domU mmap          : 2032 kB
domainbuilder: detail: vcpu_arm: called
domainbuilder: detail: Initial state CPSR 0x1d3 PC 0x80008000
[ 4828.582532] Failed to unmap pfn:4c12c rc:-2
domainbuilder: detail: launch_vm: called, ctxt=0xb6f18004
[ 4828.594749] Failed to unmap pfn:4c12b rc:-2
domainbuilder: detail: xc_dom_release: called
Daemon running with PID 197
# 
# xl list
Name                                        ID   Mem VCPUs      State   Time(s)
Domain-0                                     0   383     1     r-----      28.8
domU                                         2   128     1     ------       6.3
# xl console 2
# 

5), shoud i change the memory address according to the following output?
domainbuilder: detail: Initial state CPSR 0x1d3 PC 0x80008000

6), add disk in vm:
    losetup /dev/loop0 /root/domU/rootfs.ext3 

add disk in cfg:
    disk = [ 'phy:/dev/loop0,xvda,w' ]

7), i want to use ifup manage the network. but i could not change this in yast.
(1), change /etc/sysconfig/network
cubiebox:/etc/sysconfig/network # cat ifcfg-br0
BOOTPROTO='dhcp'
BRIDGE='yes'
BRIDGE_FORWARDDELAY='0'
BRIDGE_PORTS='eth0'
BRIDGE_STP='off'
BROADCAST=''
ETHTOOL_OPTIONS=''
IPADDR=''
MTU=''
NAME=''
NETMASK=''
NETWORK=''
REMOTE_IPADDR=''
STARTMODE='auto'
USERCONTROL='no'
cubiebox:/etc/sysconfig/network # diff -urN ifcfg-eth0.old1014 ifcfg-eth0
--- ifcfg-eth0.old1014  2013-03-27 01:22:00.610595001 +0100
+++ ifcfg-eth0  2013-10-14 11:33:43.391320148 +0200
@@ -1,4 +1,5 @@
-BOOTPROTO='dhcp'
+BOOTPROTO='static'
 MTU=''
+IPADDR='0.0.0.0/32'
 REMOTE_IPADDR=''
 STARTMODE='onboot'

(2), but when i try to down and up the eth0, the nfs will hang. how should i do this?
or could i create the br0 in initrd?

# brctl addbr virbr0
add bridge failed: Package not installed

cubiebox:/etc/xen/vm # gunzip < /proc/config.gz | grep BRIDGE
# CONFIG_ARCH_FOOTBRIDGE is not set
# CONFIG_BRIDGE is not set


8), 
(1), xl log
cubiebox:/etc/xen/vm # xl -v create domU_test -d 
Parsing config from domU_test
unable to format domain config as JSON (YAJL:1)
libxl: detail: libxl_dom.c:195:numa_place_domain: NUMA placement candidate with 1 nodes, 1 cpus and 1629 KB free selected
domainbuilder: detail: xc_dom_allocate: cmdline="", features="(null)"
domainbuilder: detail: xc_dom_kernel_file: filename="/root/domU/zImage_dtb"
domainbuilder: detail: xc_dom_malloc_filemap    : 2029 kB
domainbuilder: detail: xc_dom_boot_xen_init: ver 4.4, caps xen-3.0-armv7l 
domainbuilder: detail: xc_dom_parse_image: called
domainbuilder: detail: xc_dom_find_loader: trying multiboot-binary loader ... 
domainbuilder: detail: loader probe failed
domainbuilder: detail: xc_dom_find_loader: trying Linux zImage (ARM) loader ... 
domainbuilder: detail: xc_dom_probe_zimage_kernel: found an appended DTB
domainbuilder: detail: loader probe OK
domainbuilder: detail: xc_dom_parse_zimage_kernel: called
domainbuilder: detail: xc_dom_parse_zimage_kernel: xen-3.0-armv7l: RAM starts at 80000
domainbuilder: detail: xc_dom_parse_zimage_kernel: xen-3.0-armv7l: 0x80008000 -> 0x80203487
domainbuilder: detail: xc_dom_mem_init: mem 128 MB, pages 0x8000 pages, 4k each
domainbuilder: detail: xc_dom_mem_init: 0x8000 pages
domainbuilder: detail: xc_dom_boot_mem_init: called
domainbuilder: detail: xc_dom_malloc            : 256 kB
domainbuilder: detail: xc_dom_build_image: called
domainbuilder: detail: xc_dom_alloc_segment:   kernel       : 0x80008000 -> 0x80204000  (pfn 0x80008 + 0x1fc pages)
domainbuilder: detail: xc_dom_pfn_to_ptr_retcount: domU mapping: pfn 0x80008+0x1fc at 0xb6873000
domainbuilder: detail: xc_dom_load_zimage_kernel: called
domainbuilder: detail: xc_dom_load_zimage_kernel: kernel sed 0x80008000-0x80204000
domainbuilder: detail: xc_dom_load_zimage_kernel: copy 2077831 bytes from blob 0xb6ab0000 to dst 0xb6873000
domainbuilder: detail: alloc_magic_pages: called
domainbuilder: detail: count_pgtables_arm: called
domainbuilder: detail: xc_dom_build_image  : virt_alloc_end : 0x80204000
domainbuilder: detail: xc_dom_build_image  : virt_pgtab_end : 0x0
domainbuilder: detail: xc_dom_boot_image: called
domainbuilder: detail: arch_setup_bootearly: doing nothing
domainbuilder: detail: xc_dom_compat_check: supported guest type: xen-3.0-armv7l <= matches
domainbuilder: detail: setup_pgtables_arm: called
domainbuilder: detail: clear_page: pfn 0x88000, mfn 0x88000
domainbuilder: detail: clear_page: pfn 0x88001, mfn 0x88001
domainbuilder: detail: start_info_arm: called
domainbuilder: detail: domain builder memory footprint
domainbuilder: detail:    allocated
domainbuilder: detail:       malloc             : 269 kB
domainbuilder: detail:       anon mmap          : 0 bytes
domainbuilder: detail:    mapped
domainbuilder: detail:       file mmap          : 2029 kB
domainbuilder: detail:       domU mmap          : 2032 kB
domainbuilder: detail: vcpu_arm: called
domainbuilder: detail: Initial state CPSR 0x1d3 PC 0x80008000
domainbuilder: detail: launch_vm: called, ctxt=0xb6f81004
domainbuilder: detail: xc_dom_release: called
Daemon running with PID 231

(2), kernel message duing xl create:
# [  540.202580] Failed to unmap pfn:4c025 rc:-2
[  540.208174] Failed to unmap pfn:4c024 rc:-2
[  540.220047] Failed to unmap pfn:4c025 rc:-2
[  540.225907] Failed to unmap pfn:4c024 rc:-2
[  540.236635] Failed to unmap pfn:4c022 rc:-2
[  540.245590] Failed to unmap pfn:4c021 rc:-2

(3), 
cubiebox:/etc/xen/vm # xenstore-ls
tool = ""
 xenstored = ""
local = ""
 domain = ""
  0 = ""
   name = "Domain-0"
   libxl = ""
    disable_udev = "1"
   backend = ""
    vbd = ""
     1 = ""
      51712 = ""
       frontend = "/local/domain/1/device/vbd/51712"
       params = "/dev/loop0"
       script = "/etc/xen/scripts/block"
       physical-device = "7:0"
       frontend-id = "1"
       online = "1"
       removable = "0"
       bootable = "1"
       state = "2"
       dev = "xvda"
       type = "phy"
       mode = "w"
       device-type = "disk"
    console = ""
     1 = ""
      0 = ""
       frontend = "/local/domain/1/console"
       frontend-id = "1"
       online = "1"
       state = "1"
       domain = "domU"
       protocol = "vt100"
  1 = ""
   vm = "/vm/d03ecd47-3359-4f7b-9077-7a3f0f293cfa"
   name = "domU"
   cpu = ""
    0 = ""
     availability = "online"
   memory = ""
    static-max = "131072"
    target = "131073"
    videoram = "-1"
   device = ""
    suspend = ""
     event-channel = ""
    vbd = ""
     51712 = ""
      backend = "/local/domain/0/backend/vbd/1/51712"
      backend-id = "0"
      state = "1"
      virtual-device = "51712"
      device-type = "disk"
      protocol = "arm-abi"
   control = ""
    shutdown = ""
    platform-feature-multiprocessor-suspend = "1"
    platform-feature-xs_reset_watches = "1"
   data = ""
   domid = "1"
   store = ""
    port = "1"
    ring-ref = "557057"
   console = ""
    backend = "/local/domain/0/backend/console/1/0"
    backend-id = "0"
    limit = "1048576"
    type = "xenconsoled"
    output = "pty"
    tty = "/dev/pts/1"
    port = "2"
    ring-ref = "557056"
vm = ""
 d03ecd47-3359-4f7b-9077-7a3f0f293cfa = ""
  uuid = "d03ecd47-3359-4f7b-9077-7a3f0f293cfa"
  name = "domU"
  image = ""
   ostype = "linux"
   kernel = "/root/domU/zImage_dtb"
   cmdline = ""
  start_time = "544.66"
libxl = ""
 1 = ""
  dm-version = "qemu_xen_traditional"
cubiebox:/etc/xen/vm # 

9), try this one:
ref: http://blog.csdn.net/starshine/article/details/6990599
   修改后的配置文件内容如下：

   1）ifcfg-eth0

      DEVICE=eth0
      ONBOOT=yes
      BRIDGE=virbr0
      BOOTPROTO=dhcp
      TYPE=Ethernet

   2）ifcfg-virbr0
      
      DEVICE=virbr0
      TYPE=Bridge 
      ONBOOT=yes
      DELAY=0
      BOOTPROTO=none
      IPADDR=10.100.0.3
      NETMASK=255.255.255.0
      GATEWAY=10.100.0.254     

10), \TODO: try libvirt?

