基本信息
张宇博士, 路佳亮博士,范佳璐,
abc123shift123

11:21 2007-4-4
待做, 下载
下载没有破解的winrar

15:10 2007-4-4
待做
1, imode2环境。
2, 传感网络（不需要专门看zigbee），佳璐推荐《无线传感网络》
17:13 2007-04-04
问题：
使用skyeye的xcale工具链后，提示找不到头文件。应该是libc环境变量设置有问题。

23:53 2007-4-4
拔硬盘时, 一定要先同步!!!sync
10:29 2007-04-05
硬盘自动挂载的问题还没有解决

11:24 2007-04-05
看blob的Makefile.platx，arm-linux-gcc是3.3.2。
(12:53 2007-04-05)
Boot Process - Platformx Wiki.pdf
Linux version 2.6.14_r0.5 (eepp@Bonnie) (gcc version 3.4.1)
这两条信息的gcc不同。

11:43 2007-04-05
Linux
[root@localhost linux-2.6.14]# make menuconfig
scripts/kconfig/mconf arch/arm/Kconfig
#
# using defaults found in .config
#
\

*** End of Linux kernel configuration.
*** Execute 'make' to build the kernel or try 'make help'.

make[1]: execvp: scripts/platx_config: 权限不够
make[1]: *** [menuconfig] 错误 127
make: *** [menuconfig] 错误 2
解决见(14:03 2007-04-05)

11:50 2007-04-05
bootloader, blob, TFTP
自: Blob_ TFTP images - Platformx Wiki.pdf
下载映象到im2后，用md5sum保证MD5 (128-bit) checksums与上位机的checksum一致。

12:57 2007-04-05
自: Boot Process - Platformx Wiki.pdf
OPTIONAL - First Boot: The "Platx" splash tells us that the files system had not been configured for
the Intel Mote 2 or Stargate 2. If that is the case, enter one of the following depending on your
hardware. The key difference between these configurations is the contents of the /etc/modules file
and whether wired networking is started. See Initial File System Configuration for details.
./configure-im2
./configure-sg2

13:08 2007-04-05
The key fingerprint is:
64:17:31:6b:0b:23:28:b3:29:a2:a4:4b:d6:2a:68:68 bamv26@localhost.localdomain
./misc.sh: line 38: /home/bamv26/.ssh/authorized_keys: 没有那个文件或目录
make[1]: *** [misc.ipk] 错误 1
make[1]: Leaving directory `/usr/src/SG2Release-1_0/buildTree/platx/corefs'
make: *** [corefs/corefs.ipk] 错误 2


13:10 2007-04-05
[bamv26@localhost platx]$ make
Processing Stargate core filesystem (corefs) from corefs/platx_config.in
Processing Stargate linux 2.6.x kernel (kernel) from linux-2.6.14/platx_config.in
make[1]: Entering directory `/usr/src/SG2Release-1_0/buildTree/platx/util'
make[1]: Nothing to be done for `build'.
make[1]: Leaving directory `/usr/src/SG2Release-1_0/buildTree/platx/util'
make[1]: Entering directory `/usr/src/SG2Release-1_0/buildTree/platx/corefs'
Generating public/private rsa1 key pair.
Your identification has been saved in misc/ssh_host_key.
Your public key has been saved in misc/ssh_host_key.pub.
The key fingerprint is:
1d:0f:a3:aa:a1:52:9a:69:e3:59:43:6f:98:91:ca:3e bamv26@localhost.localdomain
Generating public/private dsa key pair.
Your identification has been saved in misc/ssh_host_dsa_key.
Your public key has been saved in misc/ssh_host_dsa_key.pub.
The key fingerprint is:
b0:c3:15:4c:c0:39:11:6a:36:0a:f0:b9:a3:58:3f:85 bamv26@localhost.localdomain
cp: 无法 stat “/home/bamv26/.ssh/id_dsa.pub”: 没有那个文件或目录
Updating misc.ipk...
add_packages packages-fam

Building clean file system image in packages-fam_image

Looking for file ...
Installing packages listed in packages-fam
      libc6
ls: /usr/src/SG2Release-1_0/buildTree/platx/packages/familiar.handhelds.org/releases/v0.8.2/feed/base/./*: 没有那个文件或目录
Package libc6 not found in http://familiar.handhelds.org/releases/v0.8.2/feed/base
Could not find libc6 in packages directory...
--13:09:27--  http://familiar.handhelds.org/releases/v0.8.2/feed/base/Packages
正在解析主机 familiar.handhelds.org... 失败：域名解析暂时失败。
egrep: /usr/src/SG2Release-1_0/buildTree/platx/packages/familiar.handhelds.org/releases/v0.8.2/feed/base/./Packages: 没有那个文件或目录
egrep: /usr/src/SG2Release-1_0/buildTree/platx/packages/familiar.handhelds.org/releases/v0.8.2/feed/base/./Packages: 没有那个文件或目录
Could not find libc6 in ./Packages
ls: /usr/src/SG2Release-1_0/buildTree/platx/packages/familiar.handhelds.org/releases/v0.8.2/feed/base/./*: 没有那个文件或目录
Package libc6 not found in http://familiar.handhelds.org/releases/v0.8.2/feed/base

Install failed.
make[1]: *** [packages-fam.tgz] 错误 22
make[1]: Leaving directory `/usr/src/SG2Release-1_0/buildTree/platx/corefs'
make: *** [corefs/corefs.ipk] 错误 2


13:11 2007-04-05
待做, 下载
Modifying the Configuration Options
The instructions for changing the build configuration options are available here.

13:14 2007-04-05
待做, 下载
libc6

14:03 2007-04-05
blob, 编译
根据"compiling Blob - Platformx Wiki.pdf"(有用的文档***)
执行:"make intelmote2_defconfig"，出错：
make[1]: execvp: scripts/platx_config: 权限不够
make[1]: *** [intelmote2_defconfig] 错误 127
make: *** [intelmote2_defconfig] 错误 2
查看该文件权限：
[root@localhost linux-2.6.14]# ll scripts/platx_config 
-rw-r--r-- 1 root root 960 04-05 00:15 scripts/platx_config
知道execvp是运行程序，所以加入执行权限。
[root@localhost linux-2.6.14]# chmod 755 scripts/platx_config 
(14:25 2007-04-05)接着
[root@localhost linux-2.6.14]# make
make zImage
  CHK     include/linux/version.h
  UPD     include/linux/version.h
  SPLIT   include/linux/autoconf.h -> include/config/*
  SYMLINK include/asm-arm/arch -> include/asm-arm/arch-pxa
  Generating include/asm-arm/mach-types.h
  SYMLINK include/asm -> include/asm-arm
  CC      arch/arm/kernel/asm-offsets.s
  GEN     include/asm-arm/asm-offsets.h
  CC      scripts/mod/empty.o
  HOSTCC  scripts/mod/mk_elfconfig
  MKELF   scripts/mod/elfconfig.h
  HOSTCC  scripts/mod/file2alias.o
  HOSTCC  scripts/mod/modpost.o
  HOSTCC  scripts/mod/sumversion.o
  HOSTLD  scripts/mod/modpost
  HOSTCC  scripts/kallsyms
  HOSTCC  scripts/pnmtologo
  HOSTCC  scripts/conmakehash
  CC      init/main.o
  CHK     include/linux/compile.h
  UPD     include/linux/compile.h
  CC      init/version.o
  CC      init/do_mounts.o
  LD      init/mounts.o
  CC      init/initramfs.o
  CC      init/calibrate.o
  LD      init/built-in.o
  HOSTCC  usr/gen_init_cpio
  CHK     usr/initramfs_list
  UPD     usr/initramfs_list
  CPIO    usr/initramfs_data.cpio
  GZIP    usr/initramfs_data.cpio.gz
  AS      usr/initramfs_data.o
  LD      usr/built-in.o
  CC      arch/arm/kernel/compat.o
  CC      arch/arm/kernel/dma.o
  AS      arch/arm/kernel/entry-armv.o
  AS      arch/arm/kernel/entry-common.o
  CC      arch/arm/kernel/irq.o
  CC      arch/arm/kernel/process.o
  CC      arch/arm/kernel/ptrace.o
  CC      arch/arm/kernel/semaphore.o
  CC      arch/arm/kernel/setup.o
  CC      arch/arm/kernel/signal.o
arch/arm/kernel/signal.c: In function `preserve_iwmmxt_context':
arch/arm/kernel/signal.c:205: warning: passing arg 5 of `copy_locked' from incompatible pointer type
arch/arm/kernel/signal.c: In function `restore_iwmmxt_context':
arch/arm/kernel/signal.c:227: warning: passing arg 5 of `copy_locked' from incompatible pointer type
  CC      arch/arm/kernel/sys_arm.o
  CC      arch/arm/kernel/time.o
  CC      arch/arm/kernel/traps.o
  CC      arch/arm/kernel/apm.o
  CC      arch/arm/kernel/armksyms.o
  CC      arch/arm/kernel/module.o
  AS      arch/arm/kernel/iwmmxt.o
  CC      arch/arm/kernel/io.o
  AS      arch/arm/kernel/debug.o
  LD      arch/arm/kernel/built-in.o
  AS      arch/arm/kernel/head.o
  CC      arch/arm/kernel/init_task.o
  LDS     arch/arm/kernel/vmlinux.lds
  CC      arch/arm/mm/consistent.o
  CC      arch/arm/mm/extable.o
  CC      arch/arm/mm/fault-armv.o
  CC      arch/arm/mm/fault.o
  CC      arch/arm/mm/flush.o
  CC      arch/arm/mm/init.o
  CC      arch/arm/mm/ioremap.o
  CC      arch/arm/mm/mmap.o
  CC      arch/arm/mm/mm-armv.o
  CC      arch/arm/mm/proc-syms.o
  CC      arch/arm/mm/alignment.o
  AS      arch/arm/mm/abort-ev5t.o
  CC      arch/arm/mm/copypage-xscale.o
  AS      arch/arm/mm/tlb-v4wbi.o
  AS      arch/arm/mm/proc-xscale.o
  LD      arch/arm/mm/built-in.o
  CC      arch/arm/common/rtctime.o
  LD      arch/arm/common/built-in.o
  CC      arch/arm/mach-pxa/generic.o
  CC      arch/arm/mach-pxa/irq.o
  CC      arch/arm/mach-pxa/dma.o
  CC      arch/arm/mach-pxa/time.o
  CC      arch/arm/mach-pxa/pxa27x.o
make[2]: *** 没有规则可以创建“arch/arm/mach-pxa/built-in.o”需要的目标“arch/arm/mach-pxa/intelmote2.o”。 停止。
make[1]: *** [arch/arm/mach-pxa] 错误 2
make: *** [arch/arm/boot/zImage] 错误 2
[root@localhost linux-2.6.14]# 
(13:30 2007-4-5)
Create the configure script. This must be done whenever configure.in is
modified or when
there is a clean check out from cvs. (Note - the following command is executed
twice.)
结果见"Imote2\make -f Makefile.cvs 1st time"和make -f Makefile.cvs 2nd time

14:34 2007-04-05
blob, 接上面
Configure the build
./configure --host=arm-linux --with-board=stargate2 \
--with-linux-prefix=/path/to/linux-2.6.9 \
--enable-xlli --enable-network --enable-xmodem
运行./configure --help看帮助：“
可知
stargate2代表Intel Stargate 2 and Mote 2
运行结果见："Imote2/configureBlob"

14:56 2007-04-05
blob, 编译
编译blob出错。两个出错信息都表明是头文件的问题，所以怀疑第一次配置Linux路径时使用相对路径出错。另外发现是没有看到需要进入blob的src目录。
决定重新配置blob。
出错，后来发现是把--with-linux-prefix=写成了--with-linux=prefix=。
修改后，配置成功。log见"Imote2/configureBlobwithFullPathLinuxFail"和"Imote2/configureBlobwithFullPathLinuxSuccess"
(15:31 2007-04-05)
发现开始使用gcc而不是arm-linux-gcc的原因是
1, 配置时"--host=arm-linux"写成了"--host==arm-linux"。(Imote2/configureBlobwithFullPathLinuxFail)
2, 编译配置blob之前没有把工具链arm-linux-加入PATH。造成checking for arm-linux-gcc... no，等arm-linux都是no。(Imote2/configureBlobwithFullPathLinuxFail2)
成功配置的文件见"Imote2/configureBlobwithFullPathLinuxSuccess"
进入src目录编译，但是出错。make clean后再编译成功。log见"Imote2/makeBlobSuccess200704051530"
编译后的blob在"src/blob/blob"，把四个可执行文件都复制到了log/Imote2/blob
blob编译成功！修改blob启动等待时间在同一个文件见"Changing Blob Timeout"
15:56 2007-04-05
待做, 
1, 未读文档
Console Serial.pdf
XSCALE_PXA27x_Optimizion_Guide_28000402.pdf, ***
Working with PlatX CVS.pdf, ***
WiFi FAQ.pdf, ***
Utilities FAQ.pdf
TFTPHowTo.pdf, TFTP文档***
Synchronizing a Sourceforge CVS Repository with a Local Repos...pdf
Serial Configuring.pdf, ***
PXA Registers.pdf
PlatformX Configuration Overview.pdf, ***再看
PCMCIA Flash FAQ.pdf, ***
PCMCIA FAQ.pdf
Onboard Ehternet FAQ.pdf, 网络, ***
Copying Files to Stargate,pdf, Zmodrm***
Networking FAQ.pdf, 网络, ***
Minicom.pdf, Minicom for Linux***
Kernel Parameters - Platformx Wiki.pdf
Kernel FAQ.pdf, ***
2, 有用的文档
Build All.pdf
Compiling Blob.pdf, 包括Linux配置。
Managing Partitions.pdf
Loading Images.pdf
Loading Images FAQ, 涉及TFTP, JTAG下载等
Initial File System Configuration - Platformx Wiki.pdf
How To Use GPIOs.pdf, How To Use GPIOs(Controlling LEDs), 
Flashing Images - Platformx Wiki.pdf
启动：
    Boot Process - Platformx Wiki.pdf, 启动过程说明和log。
    Booting the System.pdf
    Booting FAQs.pdf
(18:58 2007-4-19)
以下文档下载自imote2 yahoo group FILES目录。
imote2-ds-rev2.1=++.pdf
basic-sensor-board-rev3=+.pdf 
battery-board-rev1.1.pdf


16:00 2007-04-05
自: Windows HyperTerminal has proven to work well for downloading...pdf
Setting Up Hyperterm
Set Up
Windows HyperTerminal has proven to work well for downloading images onto the
board. In order to do
this, you will need a null cable (serial) connection and HyperTerminal set as
follows:
115200 baud
8-N-1
Flowcontrol set to None.

16:06 2007-04-05
自: usb.pdf
How do I enable USB to Serial?
Load the usb serial modules by typing:
/etc/rc2.d/K94loadserial
To test send a string to a serial device
cat > /dev/usb/tts/0
Check here for new pl2303 driver.(待做, 下载new pl2303 driver)

16:08 2007-04-05
连接lcd, 待做, 看下面两个网页
自: usb.pdf
I need to connect a LCD modules to stargate. Doese anyone like to > share some experiences?
How big an LCD? This is an LCD site for Linux:
http://lcd4linux.sourceforge.net/
I've wondered about USB possibilities. I haven't found anything appropriate yet. Here are some small
ones.
http://lcd4linux.sourceforge.net/display/usblcd/main.html

16:30 2007-04-05
Linux, 文件系统, NFS
自: NFS FAQ.pdf
Make sure you are mounting with -orsize=1024,wsize=1024 see mailing list archives for discussion of the
NFS mounting problem... :)

16:36 2007-04-05
Linux, 编译
自: Building a New Kernel and Modules.pdf
do NOT do a make mrproper.
不能进行"make mrproper"，原因未知。待做。

17:01 2007-04-05
Linux, 文件系统, 建立根文件系统
自: Creating a Root File System.pdf
../util/mkfs.jffs2 -r root -o root.jffs2 -e 0x40000 -p

17:04 2007-04-05
Imote2, 进展
完成昨天下载所有文件的阅读。
成功编译了blob和根文件系统。
编译Linux暂时没有成功。

17:08 2007-04-05
编译Linux仍然失败，错误同样：
make[2]: *** 没有规则可以创建“arch/arm/mach-pxa/built-in.o”需要的目标“arch/arm/mach-pxa/intelmote2.o”。 停止。
make[1]: *** [arch/arm/mach-pxa] 错误 2
make: *** [arch/arm/boot/zImage] 错误 2
看"arch/arm/mach-pxa"的Makefile，进行下面的修改：
# Specific board support
#changed by bamvor. 2007-4-5. because of no intelmote2.c exiting
#obj-$(CONFIG_MACH_INTELMOTE2) += intelmote2.o
obj-$(CONFIG_MACH_INTELMOTE2) += stargate2.o
obj-$(CONFIG_MACH_STARGATE2) += stargate2.o
这里是参考了同一文件的：
# Support for blinky lights
led-y := leds.o
led-$(CONFIG_MACH_INTELMOTE2) += leds-stargate2.o
led-$(CONFIG_MACH_STARGATE2) += leds-stargate2.o
即由于Imote2和Stargate2很接近，所以有些文件不需要改动。但是对于Specific board
support，可能还是不能混用，可以去maillist，待做,查。
[root@localhost linux-2.6.14]# make clean
  CLEAN   /usr/src/SG2Release-1_0/buildTree/platx/linux-2.6.14
  CLEAN   arch/arm/kernel
  CLEAN   init
  CLEAN   usr
  CLEAN   include/asm-arm/mach-types.h include/asm-arm/arch include/asm-arm/.arch
有很多deprecated的信息（deprecate反对），应该对编译结果没有影响。
编译Linux成功！

17:31 2007-04-05
待做, 下一步
1, 备份现有项目日志和编译结果(完成)
2, 重做所有操作，确定开始出问题的主要原因。猜测是配置文件和工具链的问题。找出所需的文件。（完成）
 (18:03 2007-04-05)
StarGateManual7430-0317-11_A.pdf
这个文档开始没有看，重新编译完Linux后完整看这个文档，如果先看，估计能少走一些弯路。
3, 使用platx的Makefile编译出正确结果。
4, 看Linux配置文件，和Makefile。
5, 阅读无线传感网络书.
6, 试验skyeye能否运行xscale Linux

17:56 2007-04-05
完整编译Linux, blob和文件系统的方法:
1, 解压缩"SG2Release-版本.tgz", 进入"SG2Release-版本"的platx目录.
untar platx-10.tgz
within the platx directory
  untar blob (located in the src subdirectory)
  untar linux 2.6.14 (located in the web)
  patch linux (patch located in src subdirectory)
2, 解压缩工具链. 到/usr/local/arm/版本/，并把"/usr/local/arm/版本/bin"加入搜索路径。注意如果编译前没有加入工具链，编译时会报错或使用gcc进行交叉编译。


18:19 2007-04-05
进展
忘了打Linux补丁，这样不对？"patch -p0 ../../src/patch-2.6.14-sg2-10"
所以没有对应的配置文件，查patch命令。
晚上回家看看有没有stargate2光盘可以下载。并下载其它资料。
脑子木了，下班：）

10:08 2007-04-06
完整编译Linux, blob和文件系统的方法:
1, 续。patch -p0 <../../src/patch-2.6.14-sg2-10
昨天patch命令果然错了，查手册发现是没有加"<"。
另外patch时需要root权限，否则有些文件无法打补丁。
3, 编译Linux
(1)建立配置Linux，见"14:03 2007-04-05"。日志见"Imote2/log/makeIM2Config"
(2)修改Linux Makefile，""arch/arm/mach-pxa/Makefile"，详见(17:08 2007-04-05)
(3)配置体系结构和工具链：
[root@localhost linux-2.6.14]# export ARCH=arm
[root@localhost linux-2.6.14]# export CROSS_COMPILE=arm-linux-
(4)然后make，日志见。
或者从第三步开始直接执行make -f Makefile.platx，Makefile.platx对于体系结构和工具链都进行了正确配置。
编译结果见"Imote2/compileResult/zImage-ba-0704061032_Makefile.platx.bin"
待做, 看"Makefile.platx"文件***，最终需要使用platx的脚本完成正确的编译。
4, 编译blob
直接参考"Compiling Blob.pdf"即可。相关错误见前面的日志。
注意配置时不要写错命令：--enable-xlli，是字母ll，不是数字11。另外Linux的路径需要使用完整路径。
发现原来配置的Blob有问题，--enable-xlli没有起作用。
配置log见，configureBlobwithFullPathLinuxwithxlliSuccess。
重新编译，使用3.4.1出错，日志见，makeBlobwithGCC3.4.1。
使用3.3.2正确，日志见，makeBlobwithGCC3.3.2。
5, 编译文件系统，jffs2，见"16:30 2007-04-05"

11:10 2007-04-06
待做
综合前面所有需要待做：
1,  "arch/arm/mach-pxa/Makefile"编译时进行了如下修改
# Specific board support
#changed by bamvor. 2007-4-5. because of no intelmote2.c exiting
#obj-$(CONFIG_MACH_INTELMOTE2) += intelmote2.o
obj-$(CONFIG_MACH_INTELMOTE2) += stargate2.o
obj-$(CONFIG_MACH_STARGATE2) += stargate2.o
即由于Imote2和Stargate2很接近，所以有些文件不需要改动。但是对于Specific board
support，可能还是不能混用，可以去maillist，待做,查，stargate2和intelmote2两个板子的区别。
2, 看"Makefile.platx"文件***，最终需要使用platx的脚本完成正确的编译。
3, USB下载问题。下载usb.pdf的Check here for new pl2303 driver.(待做, 下载new pl2303 driver)
4, 自 (18:03 2007-04-05)
(1)StarGateManual7430-0317-11_A.pdf
这个文档开始没有看，重新编译完Linux后完整看这个文档，如果先看，估计能少走一些弯>路。
(2), 使用platx的Makefile编译出正确结果。
(3), 看Linux配置文件，和Makefile。
(4), 阅读无线传感网络书.
(5), 试验skyeye能否运行xscale Linux
11:27 2007-04-06
USB与PC连接
自: Imote2_Datasheet.pdf
For PC USB connectivity, a driver for the
on-board FTDI chipset is automatically loaded
in Windows XP. For other operating systems,
drivers can be downloaded from the
FTDI Website http://www.ftdichip.com.

13:00 2007-4-6
拿到了imote板子，但是安装虚拟串口的驱动后，设置波特率115200，8个数据位，无奇偶校验，1位停止位，没有流控制，com4无内容。
只有按主板的sw1按键时有乱码。
(14:13 2007-4-6)
现在连按主板的sw1按键时的乱码也没有了。

14:12 2007-04-06
找到一根网线，windows下可以上网了，Linux不能，估计是设置问题。

14:19 2007-04-06
Linux, FTDI(serial->usb)
在Linux下连接线缆后，可以使用echo向串口写入数据，说明串口安装正确。其中USB0的LED靠近miniUSB口那个，USB2的LED远离miniUSB。
echo 1 > /dev/ttyUSB0
echo 1 > /dev/ttyUSB1
minicom!

17:12 2007-4-5
进展
1, 不接调试板，直接用把imote2接到PC机上，按下SW1后，可以看到LED灯有规律的闪动，这很像网上描述的tinyOS的demo很像。这样看来可能并没有bootloader。
另外从文档"imote2install.doc"的描述看，直接通过usb把imote2主板和PC机相连，会有HID设备，实际情况是插上USB线后，按一下按键，LED开始闪动，随后伴随着LED闪动，PC机会找到两个USB设备：HID-compliant device和USB Human Interface Device。参见该文档下面的描述：
*Debug through USB:
Connect the USB cable to the Intel Mote 2 board directly (J2) on one side and to the PC on the other side.
Push the power button of the Intel Mote 2.
The mote will be recognized as a USB human interface device

2, 调试板后面有开关，但是从标识和实验结果看，不需要改动。
3, 下午主要精力放在了找intel的jtag下载工具。找到了“JFlashMM”，大概是04年的，不知道能不能用。
4, 换一个思路搜索，查tinyOS的文档。

17:40 2007-4-5
有用的文档:
Intel C++ Software Development Tool Suite 2.01里面有xflash工具。

17:58 2007-4-5
经验
没有想到再重新看一下原来去过的网站和文档是个失误。

18:01 2007-4-5
进展
下面网址的内容表明，启动就是从FTDI的USB启动的。
http://embedded.seattle.intel-research.net/wiki/index.php?title=Console

18:13 2007-4-5
进展
1, 连接两跟USB线后，超级终端有了显示。是blue shell，没有烧录bootloader的功能。超级终端中运行结果如下：
BluSH>help
Blue Shell v1.1 (BluSH)
help - Display this list
ls - Display all application commands
history - Display the command history
prompt - Allows you to change the prompt
BluSH>ls
SwitchFreq
BatteryVoltage
ManualCharging
AutoCharging
ChargingStatus
NodeID
TestTaskQueue
GoToSleep
BluSH>
这和imote2install.doc文档中描述的tinyOS完全吻合。tinyOS以后有计划可以学一学基础的东西。
2, crossbow网站上有一个SOS的连接，是耶鲁大学做的一个操作系统。里面找到了Xflash。

18:34 2007-4-5
网址, 操作系统, 
1, tinyOS
http://www.tinyos.net/
http://sourceforge.net/projects/tinyos/
http://www.tinyos.net/scoop/special/support 
文档，包括很多入门文档，可以参考jtag下载部分。
2, Intel® C++ Software Development Tool Suite for Intel XScale® Microarchitecture, Professional – Product Overview
http://www.intel.com/cd/software/products/asmo-na/eng/225396.htm

18:47 2007-4-5
进展
1, 张雨博士去借JTAG(最好是intel Xscale使用的)，如果可能把MultiICE也一起借过来。
2, 回家下载Intel® C++ Software Development Tool Suite for Intel XScale® Microarchitecture, Professional – Product Overview，安装。周一使用JTAG下载bootloader, Linux和文件系统。
.LOG
10:20 2007-4-8
今日计划：
1, 使Linux支持ntfs（完成）
2, 解决Linux下不能上网的问题。（完成）
->先解决flash烧写的问题，详见11:42 2007-4-9, 2.
3, maillist提问，编译Linux时没有intelmote.c的问题；
4, 查imote2和stargate的原理图。
5, xflash的使用等；
6, bootloader的基本使用（可选）。

10:24 2007-4-8
Linux, NTFS
1, 自: http://www.gagme.com/greg/linux/fc6-tips.php#ntfs
Install NTFS driver
With repositories like Fedora Extras it's now very easy to add NTFS support to Fedora: 
# yum -y install ntfs-3g

Then you can simply mount NTFS file systems using the option -t ntfs-3g. You can find more detailed information about this driver at http://www.ntfs-3g.org/ 
2, http://www.ntfs-3g.org/
NTFS-3G Read/Write Driver
3, 自: http://www.mjmwired.net/resources/mjm-fedora-fc6.html#ntfs
Install NTFS Support

For yum users:

[mirandam@charon ~]$ sudo yum install fuse fuse-libs ntfs-3g ntfsprogs ntfsprogs-gnomevfs
Users without yum, download fuse, fuse-lib and ntfs-3g (ntfsprogs and ntfsprogs-gnomevfs are optional) from Fedora Extras. Save them to a separate directory (ntfs). They are less than 1MB download.

[mirandam@charon downloads]$ cd ntfs
[mirandam@charon ntfs]$ sudo rpm -ivh fuse* ntfs*

No kernel version checking is required, so long as you are using a FC6 kernel.

10:34 2007-4-8
上网
在法电上网需要使用"自动代理配置URL"(Firefox中工具菜单——选项——高级——网络——连接设置)，下面输入这个网址：
http://ch-proxyconf.rd.francetelecom.fr/

10:50 2007-4-9
使用sudo使某用户（以下称为用户甲）执行root才能执行的命令。
1, 修改/etc/sudoers使用户甲允许执行sudo，使用viudo可以保证修改sudoers文件没有语法错误；
[root@localhost NTFS]# /usr/sbin/visudo
在"root    ALL=(ALL)       ALL"加入"bamv26  localhost=(ALL) ALL"
修改后的文件如下图：
## Next comes the main part: which users can run what software on
## which machines (the sudoers file can be shared between multiple
## systems).
## Syntax:
##
##      user    MACHINE=COMMANDS
##
## The COMMANDS section may have other options added to it.
##
## Allow root to run any commands anywhere
root    ALL=(ALL)       ALL
bamv26  localhost=(ALL) ALL
输入":wq"，保存退出。如果有错visudo会提示那一行出错，并且询问如何处理，按e可以重新编辑，直接按回车可以显示命令表。

11:42 2007-4-9
进展
1，Linux下挂载NTFS分区，续。
mount ntfs成功，但有问题。
[bamv26@localhost media]$ sudo mount /dev/sda5 /media/FrDocuments/ -t ntfs-3g -r -o umask=0222
Password:
WARNING: Deficient Linux kernel detected. Some driver features are
         not available (swap file on NTFS, boot from NTFS by LILO), and
         unmount is not safe unless it's made sure the ntfs-3g process
         naturally terminates after calling 'umount'. If you wish this
         message to disappear then you should upgrade to at least kernel
         version 2.6.20, or request help from your distribution to fix
         the kernel problem. The below web page has more information:
         http://www.ntfs-3g.org/support.html#fuse26
查询http://www.ntfs-3g.org/support.html#fuse26，得知升级内核到2.6.20可以解决问题。
下载内核后在安装，rpm会首先检查依赖关系，如果不满足依赖关系会提示缺少那个包或库文件。提示缺少库文件可以去http://rpm.pbone.net/，查找这个库文件属于那个包。然后去http://download.fedora.redhat.com/pub/fedora/linux/core/updates/6/i386/下载FC6需要的包，其它fc版本在".../updatas/x/..."目录中。安装命令如下：
[bamv26@localhost Linux]$ sudo rpm -ivhU parted-1.8.2-2.fc6.i386.rpm nash-5.1.19.0.3-1.i386.rpm mkinitrd-5.1.19.0.3-1.i386.rpm kernel-2.6.20-1.2933.fc6.i686.rpm

注：
1), 如果不使用root运行rpm命令会有下面的错误：
[bamv26@localhost Linux]$ rpm -ivh parted-1.8.2-2.fc6.i386.rpm nash-5.1.19.0.3-1.i386.rpm mkinitrd-5.1.19.0.3-1.i386.rpm kernel-2.6.20-1.2933.fc6.i686.rpm 
warning: parted-1.8.2-2.fc6.i386.rpm: Header V3 DSA signature: NOKEY, key ID 4f2a6fd2
error: can't create transaction lock on /var/lib/rpm/__db.000
2), 如果不使用－U参数(升级)，Linux会说要安装的包与现有包有冲突。其实这个－U参数也不用记，可以用"rpm --help | grep upgrade"搜索到。

2, 已经借到JTAG和ICE，由于ICE可以在Linux下安装，所以打算先在Linux使用ICE，取保bootlaoder使用没有问题。另外同时在windwos下尝试安装xflash并保证可以烧写flash。

13:03 2007-4-9
待做
Linux下装IE，保证可以在Linux进行网上支付。

13:15 2007-4-9
Linux, Redhat, RPM, 下载
1, http://rpm.pbone.net/
可以安装rpm包内包含的文件搜索。
2, http://www.whichrpm.com/

13:34 2007-4-9
进展, Linux下挂载NTFS分区，续。
1, 升级内核后，重启机器再次挂载：
只读
sudo mount /dev/hda1 /media/c_drive -t ntfs-3g -r -o umask=0222
读写
sudo mount /dev/hda1 /media/c_drive -t ntfs-3g -rw -o umask=0000

14:43 2007-4-9
imote2, flash烧写, 下载bootlaoder
trace32只有网口的版本可以在Linux下使用。现在这个是USB接口的，只好的windows下装。



13:19 2007-4-9
intel xscale工具使用序列号
VGNR-F6D2R234


13:31 2007-4-9
jtag相关链接
http://www.olimex.com/dev/arm-jtag.html
ARM-JTAG DONGLE FOR PROGRAMMING AND DEBUGGING (MACRAIGOR WIGGLER COMPATIBLE)

13:58 2007-4-9
进展
1, 佳璐做网络算法的伪码。
2, 张健做开发平台的建立。

18:41 2007-4-9
JTAG有错
C:\Program Files\Intel\SDT2.0.1\xflash>xflash -p intelmote2 -tt "JTAG CPU" blob
    -offset 0x00000000
XFLASH - Intel(R) JTAG flash memory programmer - Version: 1.5.3
Copyright(C) 2001-2005 Intel Corporation. All rights reserved.

Selected platform: INTELMOTE2

Task             : burn flash
File to burn     : blob

Connecting to target via "lpt1:1" ...
JTAG debug handler uses virtual address range 0x01000020..0x010007FF
E-2201: target error : Device: not attached to port or no power
怀疑是并口线有问题。

18:48 2007-4-9
今日总结：
1, 解决了NTFS分区挂载问题，到14点左右；
2, 由于没有带移动硬盘外加机器感染病毒，intel SDT重新下载并安装。至16点以后；
3, 尝试烧写flash未成功，详见“18:41 2007-4-9”；

18:51 2007-4-9
晚上计划：
1, 学习trace32，看如何烧写flash；
2, 详细看Linux编译和烧写flash的文档；
晚上由于处理实验室开发板项目事宜，什么也没做。

10:45 2007-4-10
fatal error
mac_mot.sys

10:54 2007-4-10
http://www.efw520.com/download.html
[E.F.W]嵌入式发烧友主页空间

14:07 2007-4-10
PAX271, flash编程
1, TRACE32中定义的PXA271 flash类型
PXA271  	INTEL  	I28F200K3  	processor internal
2, flash映射地址


