U-Boot SPL 2013.10-rc2-00585-gb5a4ae8-dirty (Oct 09 2013 - 20:15:32)
Board: Cubieboard2
DRAM: 1024 MiB
CPU: 960000000Hz, AXI/AHB/APB: 3/2/2
spl: not an uImage at 1600


U-Boot 2013.10-rc2-00585-gb5a4ae8-dirty (Oct 09 2013 - 20:15:32) Allwinner Technology

CPU:   Allwinner A20 (SUN7I)
Board: Cubieboard2
I2C:   ready
DRAM:  1 GiB
MMC:   SUNXI SD/MMC: 0
*** Warning - bad CRC, using default environment

In:    serial
Out:   serial
Err:   serial
Net:   emac
Hit any key to stop autoboot:  3  2  0 
sun7i# fatload mmc 0 45000000 xen-uImage
reading xen-uImage
956164 bytes read in 87 ms (10.5 MiB/s)
sun7i# bootm       fatload mmc 0 50000000 xen     zImage
reading zImage
8467192 bytes read in 737 ms (11 MiB/s)
sun7i# bootm 45000000
## Booting kernel from Legacy Image at 45000000 ...
   Image Name:   
   Created:      2013-10-10   5:54:10 UTC
   Image Type:   ARM Linux Kernel Image (uncompressed)
   Data Size:    956100 Bytes = 933.7 KiB
   Load Address: 40200000
   Entry Point:  40200000
   Verifying Checksum ... OK
   Loading Kernel Image ... OK
WARNING: ignoring attempt to set core boot address 7ff88454 on core -1
WARNING: Not kicking secondary CPUs

Starting kernel ...

- UART enabled -
- CPU 00000000 booting -
- Xen starting in Hyp mode -
- Zero BSS -
- Setting up control registers -
- Turning on paging -
- Ready -
Checking for initrd in /chosen
RAM: 0000000040000000 - 00000000bfffffff

MODULE[1]: 00000000402e7700 - 00000000402e96c4 
MODULE[2]: 0000000050000000 - 0000000050f00000 
MODULE[3]: 0000000060000000 - 0000000060a00000 
Placing Xen at 0x00000000bfe00000-0x00000000c0000000
Xen heap: 00000000ae000000-00000000be000000 (65536 pages)
Dom heap: 458752 pages
Looking for UART console serial0
 __  __            _  _   _  _                      _        _     _      
 \ \/ /___ _ __   | || | | || |     _   _ _ __  ___| |_ __ _| |__ | | ___ 
  \  // _ \ '_ \  | || |_| || |_ __| | | | '_ \/ __| __/ _` | '_ \| |/ _ \
  /  \  __/ | | | |__   _|__   _|__| |_| | | | \__ \ || (_| | |_) | |  __/
 /_/\_\___|_| |_|    |_|(_) |_|     \__,_|_| |_|___/\__\__,_|_.__/|_|\___|
                                                                          
(XEN) Xen version 4.4-unstable (bamvor@(none)) (arm-linux-gnueabihf-gcc (crosstool-NG linaro-1.13.1-4.8-2013.04-20130417 - Linaro GCC 2013.04) 4.8.1 20130401 (prerelease)) debug=y Thu Oct 10 13:53:56 CST 2013
(XEN) Latest ChangeSet: Tue Oct 8 17:48:33 2013 +0100 git:c4d3ccb
(XEN) Console output is synchronous.
(XEN) Processor: 410fc074: "ARM Limited", variant: 0x0, part 0xc07, rev 0x4
(XEN) 32-bit Execution:
(XEN)   Processor Features: 00001131:00011011
(XEN)     Instruction Sets: AArch32 Thumb Thumb-2 ThumbEE Jazelle
(XEN)     Extensions: GenericTimer Security
(XEN)   Debug Features: 02010555
(XEN)   Auxiliary Features: 00000000
(XEN)   Memory Model Features: 10101105 40000000 01240000 02102211
(XEN)  ISA Features: 02101110 13112111 21232041 11112131 10011142 00000000
(XEN) WARNING: Unrecognized/unsupported device tree compatible list
(XEN) Available platform support:
(XEN)     - VERSATILE EXPRESS
(XEN)     - SAMSUNG EXYNOS5
(XEN)     - CALXEDA MIDWAY
(XEN)     - TI OMAP5
(XEN) Generic Timer IRQ: phys=30 hyp=26 virt=27
(XEN) Using generic timer at 24000 KHz
(XEN) GIC initialization:
(XEN)         gic_dist_addr=0000000001c81000
(XEN)         gic_cpu_addr=0000000001c82000
(XEN)         gic_hyp_addr=0000000001c84000
(XEN)         gic_vcpu_addr=0000000001c86000
(XEN)         gic_maintenance_irq=25
(XEN) GIC: 160 lines, 2 cpus, secure (IID 0100143b).
(XEN) Using scheduler: SMP Credit Scheduler (credit)
(XEN) Allocated console ring of 16 KiB.
(XEN) VFP implementer 0x41 architecture 2 part 0x30 variant 0x7 rev 0x4
(XEN) Brought up 1 CPUs
(XEN) *** LOADING DOMAIN 0 ***
(XEN) Populate P2M 0x40000000->0x50000000
(XEN) Loading kernel from boot module 2
(XEN) Loading zImage from 0000000050000000 to 0000000047600000-0000000047e132f8
(XEN) Loading dom0 initrd from 0000000060000000 to 0x0000000048200000-0x0000000048c00000
(XEN) Loading dom0 DTB to 0x0000000048000000-0x0000000048001e14
(XEN) Std. Loglevel: All
(XEN) Guest Loglevel: All
(XEN) **********************************************
(XEN) ******* WARNING: CONSOLE OUTPUT IS SYNCHRONOUS
(XEN) ******* This option is intended to aid debugging of Xen by ensuring
(XEN) ******* that all output is synchronously delivered on the serial line.
(XEN) ******* However it can introduce SIGNIFICANT latencies and affect
(XEN) ******* timekeeping. It is NOT recommended for production use!
(XEN) **********************************************
(XEN) 3... 2... 1... 
(XEN) *** Serial input -> DOM0 (type 'CTRL-a' three times to switch input to Xen)
(XEN) Freed 264kB init memory.
(XEN) DOM0: Uncompressing Linux... done, booting the kernel.
(XEN) DOM0: [    0.000000] Booting Linux on physical CPU 0x0
(XEN) DOM0: [    0.000000] Linux version 3.11.0-rc1 (bamvor@linux-rd.site) (gcc version 4.8.1 20130401 (prerelease) (crosstool-NG linaro-1
(XEN) DOM0: .13.1-4.8-2013.04-20130417 - Linaro GCC 2013.04) ) #11 SMP Thu Oct 10 15:54:45 CST 2013
(XEN) DOM0: [    0.000000] CPU: ARMv7 Processor [410fc074] revision 4 (ARMv7), cr=10c5387d
(XEN) DOM0: [    0.000000] CPU: PIPT / VIPT nonaliasing data cache, VIPT aliasing instruction cache
(XEN) DOM0: [    0.000000] Machine: Generic DT based system, model: Mele A100 Dual
(XEN) DOM0: [    0.000000] debug: ignoring loglevel setting.
(XEN) DOM0: [    0.000000] bootconsole [earlycon0] enabled
(XEN) DOM0: [    0.000000] Memory policy: ECC disabled, Data cache writealloc
(XEN) DOM0: [    0.000000] On node 0 totalpages: 65536
(XEN) DOM0: [    0.000000] free_area_init_node: node 0, pgdat c0bff8c0, node_mem_map c0c49000
(XEN) DOM0: [    0.000000]   DMA zone: 512 pages used for memmap
(XEN) DOM0: [    0.000000]   DMA zone: 0 pages reserved
(XEN) DOM0: [    0.000000]   DMA zone: 65536 pages, LIFO batch:15
(XEN) DOM0: [    0.000000] psci: probing function IDs from device-tree
(XEN) DOM0: [    0.000000] PERCPU: Embedded 5 pages/cpu @c0e4f000 s7808 r0 d12672 u32768
(XEN) DOM0: [    0.000000] pcpu-alloc: s7808 r0 d12672 u32768 alloc=8*4096
(XEN) DOM0: [    0.000000] pcpu-alloc: [0] 0 
(XEN) DOM0: [    0.000000] Built 1 zonelists in Zone order, mobility grouping on.  Total pages: 65024
(XEN) DOM0: [    0.000000] Kernel command line: console=hvc0,115200n8 debug ignore_loglevel rw rootwait earlyprintk=xen clk_ignore_unused
(XEN) DOM0: [    0.000000] PID hash table entries: 1024 (order: 0, 4096 bytes)
(XEN) DOM0: [    0.000000] Dentry cache hash table entries: 32768 (order: 5, 131072 bytes)
(XEN) DOM0: [    0.000000] Inode-cache hash table entries: 16384 (order: 4, 65536 bytes)
(XEN) DOM0: [    0.000000] Memory: 237016K/262144K available (5072K kernel code, 569K rwdata, 1428K rodata, 5183K init, 288K bss, 25128K r
(XEN) DOM0: eserved, 0K highmem)
(XEN) DOM0: [    0.000000] Virtual kernel memory layout:
(XEN) DOM0: [    0.000000]     vector  : 0xffff0000 - 0xffff1000   (   4 kB)
(XEN) DOM0: [    0.000000]     fixmap  : 0xfff00000 - 0xfffe0000   ( 896 kB)
(XEN) DOM0: [    0.000000]     vmalloc : 0xd0800000 - 0xff000000   ( 744 MB)
(XEN) DOM0: [    0.000000]     lowmem  : 0xc0000000 - 0xd0000000   ( 256 MB)
(XEN) DOM0: [    0.000000]     pkmap   : 0xbfe00000 - 0xc0000000   (   2 MB)
(XEN) DOM0: [    0.000000]       .text : 0xc0008000 - 0xc06616b0   (6502 kB)
(XEN) DOM0: [    0.000000]       .init : 0xc0662000 - 0xc0b71e80   (5184 kB)
(XEN) DOM0: [    0.000000]       .data : 0xc0b72000 - 0xc0c006a0   ( 570 kB)
(XEN) DOM0: [    0.000000]        .bss : 0xc0c006a0 - 0xc0c486d4   ( 289 kB)
(XEN) DOM0: [    0.000000] SLUB: HWalign=64, Order=0-3, MinObjects=0, CPUs=1, Nodes=1
(XEN) DOM0: [    0.000000] Hierarchical RCU implementation.
(XEN) DOM0: [    0.000000] 	RCU restricting CPUs from NR_CPUS=4 to nr_cpu_ids=1.
(XEN) DOM0: [    0.000000] NR_IRQS:16 nr_irqs:16 16
(XEN) DOM0: [    0.000000] Architected local timer running at 24.00MHz (virt).
(XEN) DOM0: [    0.000000] Switching to timer-based delay loop
(XEN) DOM0: [    0.000000] sched_clock: ARM arch timer >56 bits at 24000kHz, resolution 41ns
(XEN) DOM0: [    0.000000] sched_clock: 32 bits at 100 Hz, resolution 10000000ns, wraps every 4294967286ms
(XEN) DOM0: [    0.000000] Console: colour dummy device 80x30
(XEN) DOM0: [    3.869682] Calibrating delay loop (skipped), value calculated using timer frequency.. 48.00 BogoMIPS (lpj=240000)
(XEN) DOM0: [    3.881004] pid_max: default: 32768 minimum: 301
(XEN) DOM0: [    3.886658] Mount-cache hash table entries: 512
(XEN) DOM0: [    3.894002] CPU: Testing write buffer coherency: ok
(XEN) DOM0: [    3.900096] /cpus/cpu@0 missing clock-frequency property
(XEN) DOM0: [    3.906409] CPU0: thread -1, cpu 0, socket 0, mpidr 80000000
(XEN) DOM0: [    3.913014] Setting up static identity map for 0xc04ce338 - 0xc04ce3d0
(XEN) DOM0: [    3.920544] unable to find compatible sirf rstc node in dtb
(XEN) DOM0: [    3.927609] Brought up 1 CPUs
(XEN) DOM0: [    3.931547] SMP: Total of 1 processors activated (48.00 BogoMIPS).
(XEN) DOM0: [    3.938611] CPU: All CPU(s) started in SVC mode.
(XEN) DOM0: [    3.944871] devtmpfs: initialized
(XEN) DOM0: [    3.952978] Xen 4.4 support found, events_irq=31 gnttab_frame_pfn=b0000
(XEN) DOM0: [    3.960697] xen:grant_table: Grant tables using version 1 layout
(XEN) DOM0: [    3.967652] Grant table initialized
(XEN) DOM0: [    3.972324] pinctrl core: initialized pinctrl subsystem
(XEN) DOM0: [    3.978857] regulator-dummy: no parameters
(XEN) DOM0: [    3.984265] NET: Registered protocol family 16
(XEN) DOM0: [    3.989961] Xen: initializing cpu0
(XEN) DOM0: [    3.994586] DMA: preallocated 256 KiB pool for atomic coherent allocations
(XEN) DOM0: [    4.002514] unable to find compatible sirf pwrc node in dtb
(XEN) DOM0: [    4.011598] Serial: AMBA PL011 UART driver
(XEN) DOM0: [    4.021325] bio: create slab <bio-0> at 0
(XEN) DOM0: [    4.027238] edma-dma-engine edma-dma-engine.0: Can't allocate PaRAM dummy slot
(XEN) DOM0: [    4.035495] edma-dma-engine: probe of edma-dma-engine.0 failed with error -5
(XEN) DOM0: [    4.043591] xen:balloon: Initialising balloon driver
(XEN) DOM0: [    4.050248] vgaarb: loaded
(XEN) DOM0: [    4.054172] SCSI subsystem initialized
(XEN) DOM0: [    4.058974] libata version 3.00 loaded.
(XEN) DOM0: [    4.064030] usbcore: registered new interface driver usbfs
(XEN) DOM0: [    4.070445] usbcore: registered new interface driver hub
(XEN) DOM0: [    4.076818] usbcore: registered new device driver usb
(XEN) DOM0: [    4.083159] pps_core: LinuxPPS API ver. 1 registered
(XEN) DOM0: [    4.089064] pps_core: Software ver. 5.3.6 - Copyright 2005-2007 Rodolfo Giometti <giometti@linux.it>
(XEN) DOM0: [    4.099139] PTP clock support registered
(XEN) DOM0: [    4.103987] EDAC MC: Ver: 3.0.0
(XEN) DOM0: [    4.109240] Switched to clocksource arch_sys_counter
(XEN) DOM0: [    4.122978] NET: Registered protocol family 2
(XEN) DOM0: [    4.128867] TCP established hash table entries: 2048 (order: 2, 16384 bytes)
(XEN) DOM0: [    4.136925] TCP bind hash table entries: 2048 (order: 2, 16384 bytes)
(XEN) DOM0: [    4.144349] TCP: Hash tables configured (established 2048 bind 2048)
(XEN) DOM0: [    4.151666] TCP: reno registered
(XEN) DOM0: [    4.155791] UDP hash table entries: 256 (order: 1, 8192 bytes)
(XEN) DOM0: [    4.162558] UDP-Lite hash table entries: 256 (order: 1, 8192 bytes)
(XEN) DOM0: [    4.169985] NET: Registered protocol family 1
(XEN) DOM0: [    4.175650] RPC: Registered named UNIX socket transport module.
(XEN) DOM0: [    4.182562] RPC: Registered udp transport module.
(XEN) DOM0: [    4.188164] RPC: Registered tcp transport module.
(XEN) DOM0: [    4.193789] RPC: Registered tcp NFSv4.1 backchannel transport module.
(XEN) DOM0: [    4.201134] PCI: CLS 0 bytes, default 64
(XEN) DOM0: [    4.544257] Trying to unpack rootfs image as initramfs...
(XEN) DOM0: [    4.896763] rootfs image is not initramfs (junk in compressed archive); looks like an initrd
(XEN) DOM0: [    4.940575] Freeing initrd memory: 10240K (c8200000 - c8c00000)
(XEN) DOM0: [    4.947712] NetWinder Floating Point Emulator V0.97 (extended precision)
(XEN) DOM0: [    4.965550] NFS: Registering the id_resolver key type
(XEN) DOM0: [    4.971632] Key type id_resolver registered
(XEN) DOM0: [    4.976754] Key type id_legacy registered
(XEN) DOM0: [    4.981984] Block layer SCSI generic (bsg) driver version 0.4 loaded (major 251)
(XEN) DOM0: [    4.990321] io scheduler noop registered
(XEN) DOM0: [    4.995183] io scheduler deadline registered
(XEN) DOM0: [    5.000496] io scheduler cfq registered (default)
(XEN) DOM0: [    5.007401] xen:xen_evtchn: Event-channel device installed
[    5.061112] console [hvc0] enabled, bootconsole disabled
(XEN) DOM0: [    5.061112] console [hvc0] enabled, bootconsole disabled
[    5.072639] Serial: IMX driver
[    5.076045] serial: Freescale lpuart driver
[    5.080291] [drm] Initialized drm 1.1.0 20060810
[    5.091049] brd: module loaded
[    5.097305] loop: module loaded
[    5.101746] xen_netfront: Initialising Xen virtual ethernet driver
[    5.107858] ehci_hcd: USB 2.0 'Enhanced' Host Controller (EHCI) Driver
[    5.114245] ehci-pci: EHCI PCI platform driver
[    5.118705] ehci-platform: EHCI generic platform driver
[    5.123962] ehci-mxc: Freescale On-Chip EHCI Host driver
[    5.129212] ehci-omap: OMAP-EHCI Host Controller driver
[    5.134450] ehci-orion: EHCI orion driver
[    5.138407] SPEAr-ehci: EHCI SPEAr driver
[    5.142437] tegra-ehci: Tegra EHCI driver
[    5.146641] usbcore: registered new interface driver usb-storage
[    5.153169] mousedev: PS/2 mouse device common for all mice
[    5.159346] sdhci: Secure Digital Host Controller Interface driver
[    5.165400] sdhci: Copyright(c) Pierre Ossman
[    5.169891] sdhci-pltfm: SDHCI platform and OF driver helper
[    5.175912] usbcore: registered new interface driver usbhid
[    5.181332] usbhid: USB HID core driver
[    5.185464] TCP: cubic registered
[    5.189254] NET: Registered protocol family 10
[    5.194345] sit: IPv6 over IPv4 tunneling driver
[    5.199565] Key type dns_resolver registered
[    5.203908] VFP support v0.3: implementor 41 architecture 2 part 30 variant 7 rev 4
[    5.211395] Registering SWP/SWPB emulation handler
[    5.216993] drivers/rtc/hctosys.c: unable to open rtc device (rtc0)
[    5.223236] clk: Not disabling unused clocks
[    5.233540] Freeing unused kernel memory: 5180K (c0662000 - c0b71000)

login[47]: root login on 'hvc0'
# 
