=~=~=~=~=~=~=~=~=~=~=~= PuTTY log 2012.03.25 17:34:54 =~=~=~=~=~=~=~=~=~=~=~=
sbamvor
If 'bamvor' is not a typo you can use command-not-found to lookup the package that contains it, like this:
    cnf bamvor
bamvor@localhost:~> su
Password: 
localhost:/home/bamvor # reboot
[  414.768816] bootsplash: status on console 0 changed to on
[  415.079094] haveged[821]: haveged stopping due to signal 15
[  415.081697] avahi-daemon[752]: Got SIGTERM, quitting.
[  415.082972] avahi-daemon[752]: Leaving mDNS multicast group on interface br0.IPv4 with address 192.168.40.128.
[  415.088626] avahi-daemon[752]: avahi-daemon 0.6.30 exiting.
[  415.091846] sshd[4114]: Received signal 15; terminating.
[  415.093393] bluez-coldplug[4493]: ..done
[  415.094535] mcelog[4483]: Shutting down mcelog... ..done
[  415.095948] nscd[4461]: Shutting down Name Service Cache Daemon..done
[  415.097689] xendomains[4470]: xendomains ..done
[  415.098955] sshd[4476]: Shutting down SSH daemon..done
[  415.100957] cups[4502]: Shutting down cupsd..done
[  415.102264] vmtoolsd[4467]: Shutting down vmtoolsd umount: /proc/fs/vmblock/mountPoint: not mounted
[  415.105189] vmtoolsd[352]: ..done
[  415.141464] xend[4607]: xend ..done
[  416.339908] network-remotefs[4458]: Shutting down (remotefs) network interfaces:
[  416.343766] network-remotefs[4458]: Shutting down service (remotefs) network  .  .  .  .  .  .  .  .  ...done
[  416.718158] mtrr: no MTRR for d0000000,8000000 found
[  416.908250] xdm[4454]: Shutting down service gdm..done
[  416.927463] acpid[756]: exiting
[  417.253922] umount[4977]: umount: /var/run: device is busy.
[  417.259007] umount[4977]: (In some cases useful info about processes that use
[  417.261085] umount[4977]: the device is found by lsof(8) or fuser(1))
[  417.404620] systemd[1]: var-run.mount mount process exited, code=exited status=1
[  417.492684] systemd[1]: Shutting down.
Sending SIGTERM to remaining processes...
Sending SIGKILL to remaining processes...
Unmounting file systems.
Unmounted /sys/fs/fuse/connections.
Unmounted /dev/hugepages.
Unmounted /sys/kernel/security.
Unmounted /sys/kernel/debug.
Unmounted /dev/mqueue.
Unmounted /var/run.
[  418.480067] EXT4-fs (sda2): re-mounted. Opts: (null)
Disabling swaps.
Detaching loop devices.
Detaching DM devices.
[  418.559478] md: stopping all md devices.
[  419.560129] ehci_hcd 0000:02:03.0: PCI INT A disabled
[  419.572481] br0: port 1(eth0) entering forwarding state
[  419.601813] e1000 0000:02:01.0: PCI INT A disabled
[  419.604941] Restarting system.
[  419.605789] machine restart
[  419.606899] ACPI MEMORY or I/O RESET_REG.
early console in setup code
[    0.000000] Initializing cgroup subsys cpuset
[    0.000000] Initializing cgroup subsys cpu
[    0.000000] Linux version 3.1.0-1.2-desktop (geeko@buildhost) (gcc version 4.6.2 (SUSE Linux) ) #1 SMP PREEMPT Thu Nov 3 14:45:45 UTC 2011 (187dde0)
[    0.000000] Command line: root=/dev/sda2 resume=/dev/sda1 splash=silent quiet vga=0x317 console=tty0 console=ttyS1,115200 debug earlycon=ttyS1,115200 earlyprintk=ttyS1,115200 loglevel=8
[    0.000000] Disabled fast string operations
[    0.000000] BIOS-provided physical RAM map:
[    0.000000]  BIOS-e820: 0000000000000000 - 000000000009f400 (usable)
[    0.000000]  BIOS-e820: 000000000009f400 - 00000000000a0000 (reserved)
[    0.000000]  BIOS-e820: 00000000000ca000 - 00000000000cc000 (reserved)
[    0.000000]  BIOS-e820: 00000000000dc000 - 0000000000100000 (reserved)
[    0.000000]  BIOS-e820: 0000000000100000 - 000000003fee0000 (usable)
[    0.000000]  BIOS-e820: 000000003fee0000 - 000000003feff000 (ACPI data)
[    0.000000]  BIOS-e820: 000000003feff000 - 000000003ff00000 (ACPI NVS)
[    0.000000]  BIOS-e820: 000000003ff00000 - 0000000040000000 (usable)
[    0.000000]  BIOS-e820: 00000000e0000000 - 00000000f0000000 (reserved)
[    0.000000]  BIOS-e820: 00000000fec00000 - 00000000fec10000 (reserved)
[    0.000000]  BIOS-e820: 00000000fee00000 - 00000000fee01000 (reserved)
[    0.000000]  BIOS-e820: 00000000fffe0000 - 0000000100000000 (reserved)
[    0.000000] bootconsole [earlyser0] enabled
[    0.000000] NX (Execute Disable) protection: active
[    0.000000] DMI present.
[    0.000000] DMI: VMware, Inc. VMware Virtual Platform/440BX Desktop Reference Platform, BIOS 6.00 06/02/2011
[    0.000000] Hypervisor detected: VMware
[    0.000000] e820 update range: 0000000000000000 - 0000000000010000 (usable) ==> (reserved)
[    0.000000] e820 remove range: 00000000000a0000 - 0000000000100000 (usable)
[    0.000000] No AGP bridge found
[    0.000000] last_pfn = 0x40000 max_arch_pfn = 0x400000000
[    0.000000] MTRR default type: uncachable
[    0.000000] MTRR fixed ranges enabled:
[    0.000000]   00000-9FFFF write-back
[    0.000000]   A0000-BFFFF uncachable
[    0.000000]   C0000-CBFFF write-protect
[    0.000000]   CC000-EFFFF uncachable
[    0.000000]   F0000-FFFFF write-protect
[    0.000000] MTRR variable ranges enabled:
[    0.000000]   0 base 0000000000 mask FFC0000000 write-back
[    0.000000]   1 disabled
[    0.000000]   2 disabled
[    0.000000]   3 disabled
[    0.000000]   4 disabled
[    0.000000]   5 disabled
[    0.000000]   6 disabled
[    0.000000]   7 disabled
[    0.000000] x86 PAT enabled: cpu 0, old 0x0, new 0x7010600070106
[    0.000000] found SMP MP-table at [ffff8800000f6bc0] f6bc0
[    0.000000] initial memory mapped : 0 - 20000000
[    0.000000] Base memory trampoline at [ffff88000009a000] 9a000 size 20480
[    0.000000] init_memory_mapping: 0000000000000000-0000000040000000
[    0.000000]  0000000000 - 0040000000 page 2M
[    0.000000] kernel direct mapping tables up to 40000000 @ 1fffe000-20000000
[    0.000000] RAMDISK: 37760000 - 37ff0000
[    0.000000] ACPI: RSDP 00000000000f6b50 00024 (v02 PTLTD )
[    0.000000] ACPI: XSDT 000000003feeec5c 0005C (v01 INTEL  440BX    06040000 VMW  01324272)
[    0.000000] ACPI: FACP 000000003fefee98 000F4 (v04 INTEL  440BX    06040000 PTL  000F4240)
[    0.000000] ACPI: DSDT 000000003feef327 0FB71 (v01 PTLTD  Custom   06040000 MSFT 03000001)
[    0.000000] ACPI: FACS 000000003fefffc0 00040
[    0.000000] ACPI: BOOT 000000003feef2ff 00028 (v01 PTLTD  $SBFTBL$ 06040000  LTP 00000001)
[    0.000000] ACPI: APIC 000000003feef0fd 00202 (v01 PTLTD  ? APIC   06040000  LTP 00000000)
[    0.000000] ACPI: MCFG 000000003feef0c1 0003C (v01 PTLTD  $PCITBL$ 06040000  LTP 00000001)
[    0.000000] ACPI: SRAT 000000003feeed58 002A8 (v02 VMWARE MEMPLUG  06040000 VMW  00000001)
[    0.000000] ACPI: HPET 000000003feeed20 00038 (v01 VMWARE VMW HPET 06040000 VMW  00000001)
[    0.000000] ACPI: WAET 000000003feeecf8 00028 (v01 VMWARE VMW WAET 06040000 VMW  00000001)
[    0.000000] ACPI: Local APIC address 0xfee00000
[    0.000000] SRAT: PXM 0 -> APIC 0x00 -> Node 0
[    0.000000] SRAT: PXM 0 -> APIC 0x01 -> Node 0
[    0.000000] SRAT: PXM 0 -> APIC 0x02 -> Node 0
[    0.000000] SRAT: PXM 0 -> APIC 0x03 -> Node 0
[    0.000000] SRAT: PXM 0 -> APIC 0x04 -> Node 0
[    0.000000] SRAT: PXM 0 -> APIC 0x05 -> Node 0
[    0.000000] SRAT: PXM 0 -> APIC 0x06 -> Node 0
[    0.000000] SRAT: PXM 0 -> APIC 0x07 -> Node 0
[    0.000000] SRAT: PXM 0 -> APIC 0x08 -> Node 0
[    0.000000] SRAT: PXM 0 -> APIC 0x09 -> Node 0
[    0.000000] SRAT: PXM 0 -> APIC 0x0a -> Node 0
[    0.000000] SRAT: PXM 0 -> APIC 0x0b -> Node 0
[    0.000000] SRAT: PXM 0 -> APIC 0x0c -> Node 0
[    0.000000] SRAT: PXM 0 -> APIC 0x0d -> Node 0
[    0.000000] SRAT: PXM 0 -> APIC 0x0e -> Node 0
[    0.000000] SRAT: PXM 0 -> APIC 0x0f -> Node 0
[    0.000000] SRAT: PXM 0 -> APIC 0x10 -> Node 0
[    0.000000] SRAT: PXM 0 -> APIC 0x11 -> Node 0
[    0.000000] SRAT: PXM 0 -> APIC 0x12 -> Node 0
[    0.000000] SRAT: PXM 0 -> APIC 0x13 -> Node 0
[    0.000000] SRAT: PXM 0 -> APIC 0x14 -> Node 0
[    0.000000] SRAT: PXM 0 -> APIC 0x15 -> Node 0
[    0.000000] SRAT: PXM 0 -> APIC 0x16 -> Node 0
[    0.000000] SRAT: PXM 0 -> APIC 0x17 -> Node 0
[    0.000000] SRAT: PXM 0 -> APIC 0x18 -> Node 0
[    0.000000] SRAT: PXM 0 -> APIC 0x19 -> Node 0
[    0.000000] SRAT: PXM 0 -> APIC 0x1a -> Node 0
[    0.000000] SRAT: PXM 0 -> APIC 0x1b -> Node 0
[    0.000000] SRAT: PXM 0 -> APIC 0x1c -> Node 0
[    0.000000] SRAT: PXM 0 -> APIC 0x1d -> Node 0
[    0.000000] SRAT: PXM 0 -> APIC 0x1e -> Node 0
[    0.000000] SRAT: PXM 0 -> APIC 0x1f -> Node 0
[    0.000000] SRAT: Node 0 PXM 0 0-a0000
[    0.000000] SRAT: Node 0 PXM 0 100000-40000000
[    0.000000] SRAT: Node 0 PXM 0 40000000-c0000000
[    0.000000] NUMA: Node 0 [0,a0000) + [100000,40000000) -> [0,40000000)
[    0.000000] Initmem setup node 0 0000000000000000-0000000040000000
[    0.000000]   NODE_DATA [000000003ffec000 - 000000003fffffff]
[    0.000000]  [ffffea0000000000-ffffea0000dfffff] PMD -> [ffff88003e600000-ffff88003f3fffff] on node 0
[    0.000000] Zone PFN ranges:
[    0.000000]   DMA      0x00000010 -> 0x00001000
[    0.000000]   DMA32    0x00001000 -> 0x00100000
[    0.000000]   Normal   empty
[    0.000000] Movable zone start PFN for each node
[    0.000000] early_node_map[3] active PFN ranges
[    0.000000]     0: 0x00000010 -> 0x0000009f
[    0.000000]     0: 0x00000100 -> 0x0003fee0
[    0.000000]     0: 0x0003ff00 -> 0x00040000
[    0.000000] On node 0 totalpages: 261999
[    0.000000]   DMA zone: 56 pages used for memmap
[    0.000000]   DMA zone: 5 pages reserved
[    0.000000]   DMA zone: 3922 pages, LIFO batch:0
[    0.000000]   DMA32 zone: 3528 pages used for memmap
[    0.000000]   DMA32 zone: 254488 pages, LIFO batch:31
[    0.000000] ACPI: PM-Timer IO Port: 0x1008
[    0.000000] ACPI: Local APIC address 0xfee00000
[    0.000000] ACPI: LAPIC (acpi_id[0x00] lapic_id[0x00] enabled)
[    0.000000] ACPI: LAPIC (acpi_id[0x01] lapic_id[0x01] enabled)
[    0.000000] ACPI: LAPIC (acpi_id[0x02] lapic_id[0x02] disabled)
[    0.000000] ACPI: LAPIC (acpi_id[0x03] lapic_id[0x03] disabled)
[    0.000000] ACPI: LAPIC (acpi_id[0x04] lapic_id[0x04] disabled)
[    0.000000] ACPI: LAPIC (acpi_id[0x05] lapic_id[0x05] disabled)
[    0.000000] ACPI: LAPIC (acpi_id[0x06] lapic_id[0x06] disabled)
[    0.000000] ACPI: LAPIC (acpi_id[0x07] lapic_id[0x07] disabled)
[    0.000000] ACPI: LAPIC (acpi_id[0x08] lapic_id[0x08] disabled)
[    0.000000] ACPI: LAPIC (acpi_id[0x09] lapic_id[0x09] disabled)
[    0.000000] ACPI: LAPIC (acpi_id[0x0a] lapic_id[0x0a] disabled)
[    0.000000] ACPI: LAPIC (acpi_id[0x0b] lapic_id[0x0b] disabled)
[    0.000000] ACPI: LAPIC (acpi_id[0x0c] lapic_id[0x0c] disabled)
[    0.000000] ACPI: LAPIC (acpi_id[0x0d] lapic_id[0x0d] disabled)
[    0.000000] ACPI: LAPIC (acpi_id[0x0e] lapic_id[0x0e] disabled)
[    0.000000] ACPI: LAPIC (acpi_id[0x0f] lapic_id[0x0f] disabled)
[    0.000000] ACPI: LAPIC (acpi_id[0x10] lapic_id[0x10] disabled)
[    0.000000] ACPI: LAPIC (acpi_id[0x11] lapic_id[0x11] disabled)
[    0.000000] ACPI: LAPIC (acpi_id[0x12] lapic_id[0x12] disabled)
[    0.000000] ACPI: LAPIC (acpi_id[0x13] lapic_id[0x13] disabled)
[    0.000000] ACPI: LAPIC (acpi_id[0x14] lapic_id[0x14] disabled)
[    0.000000] ACPI: LAPIC (acpi_id[0x15] lapic_id[0x15] disabled)
[    0.000000] ACPI: LAPIC (acpi_id[0x16] lapic_id[0x16] disabled)
[    0.000000] ACPI: LAPIC (acpi_id[0x17] lapic_id[0x17] disabled)
[    0.000000] ACPI: LAPIC (acpi_id[0x18] lapic_id[0x18] disabled)
[    0.000000] ACPI: LAPIC (acpi_id[0x19] lapic_id[0x19] disabled)
[    0.000000] ACPI: LAPIC (acpi_id[0x1a] lapic_id[0x1a] disabled)
[    0.000000] ACPI: LAPIC (acpi_id[0x1b] lapic_id[0x1b] disabled)
[    0.000000] ACPI: LAPIC (acpi_id[0x1c] lapic_id[0x1c] disabled)
[    0.000000] ACPI: LAPIC (acpi_id[0x1d] lapic_id[0x1d] disabled)
[    0.000000] ACPI: LAPIC (acpi_id[0x1e] lapic_id[0x1e] disabled)
[    0.000000] ACPI: LAPIC (acpi_id[0x1f] lapic_id[0x1f] disabled)
[    0.000000] ACPI: LAPIC_NMI (acpi_id[0x00] high edge lint[0x1])
[    0.000000] ACPI: LAPIC_NMI (acpi_id[0x01] high edge lint[0x1])
[    0.000000] ACPI: LAPIC_NMI (acpi_id[0x02] high edge lint[0x1])
[    0.000000] ACPI: LAPIC_NMI (acpi_id[0x03] high edge lint[0x1])
[    0.000000] ACPI: LAPIC_NMI (acpi_id[0x04] high edge lint[0x1])
[    0.000000] ACPI: LAPIC_NMI (acpi_id[0x05] high edge lint[0x1])
[    0.000000] ACPI: LAPIC_NMI (acpi_id[0x06] high edge lint[0x1])
[    0.000000] ACPI: LAPIC_NMI (acpi_id[0x07] high edge lint[0x1])
[    0.000000] ACPI: LAPIC_NMI (acpi_id[0x08] high edge lint[0x1])
[    0.000000] ACPI: LAPIC_NMI (acpi_id[0x09] high edge lint[0x1])
[    0.000000] ACPI: LAPIC_NMI (acpi_id[0x0a] high edge lint[0x1])
[    0.000000] ACPI: LAPIC_NMI (acpi_id[0x0b] high edge lint[0x1])
[    0.000000] ACPI: LAPIC_NMI (acpi_id[0x0c] high edge lint[0x1])
[    0.000000] ACPI: LAPIC_NMI (acpi_id[0x0d] high edge lint[0x1])
[    0.000000] ACPI: LAPIC_NMI (acpi_id[0x0e] high edge lint[0x1])
[    0.000000] ACPI: LAPIC_NMI (acpi_id[0x0f] high edge lint[0x1])
[    0.000000] ACPI: LAPIC_NMI (acpi_id[0x10] high edge lint[0x1])
[    0.000000] ACPI: LAPIC_NMI (acpi_id[0x11] high edge lint[0x1])
[    0.000000] ACPI: LAPIC_NMI (acpi_id[0x12] high edge lint[0x1])
[    0.000000] ACPI: LAPIC_NMI (acpi_id[0x13] high edge lint[0x1])
[    0.000000] ACPI: LAPIC_NMI (acpi_id[0x14] high edge lint[0x1])
[    0.000000] ACPI: LAPIC_NMI (acpi_id[0x15] high edge lint[0x1])
[    0.000000] ACPI: LAPIC_NMI (acpi_id[0x16] high edge lint[0x1])
[    0.000000] ACPI: LAPIC_NMI (acpi_id[0x17] high edge lint[0x1])
[    0.000000] ACPI: LAPIC_NMI (acpi_id[0x18] high edge lint[0x1])
[    0.000000] ACPI: LAPIC_NMI (acpi_id[0x19] high edge lint[0x1])
[    0.000000] ACPI: LAPIC_NMI (acpi_id[0x1a] high edge lint[0x1])
[    0.000000] ACPI: LAPIC_NMI (acpi_id[0x1b] high edge lint[0x1])
[    0.000000] ACPI: LAPIC_NMI (acpi_id[0x1c] high edge lint[0x1])
[    0.000000] ACPI: LAPIC_NMI (acpi_id[0x1d] high edge lint[0x1])
[    0.000000] ACPI: LAPIC_NMI (acpi_id[0x1e] high edge lint[0x1])
[    0.000000] ACPI: LAPIC_NMI (acpi_id[0x1f] high edge lint[0x1])
[    0.000000] ACPI: IOAPIC (id[0x20] address[0xfec00000] gsi_base[0])
[    0.000000] IOAPIC[0]: apic_id 32, version 17, address 0xfec00000, GSI 0-23
[    0.000000] ACPI: INT_SRC_OVR (bus 0 bus_irq 0 global_irq 2 high edge)
[    0.000000] ACPI: IRQ0 used by override.
[    0.000000] ACPI: IRQ2 used by override.
[    0.000000] ACPI: IRQ9 used by override.
[    0.000000] Using ACPI (MADT) for SMP configuration information
[    0.000000] ACPI: HPET id: 0x8086af01 base: 0xfed00000
[    0.000000] SMP: Allowing 32 CPUs, 30 hotplug CPUs
[    0.000000] nr_irqs_gsi: 40
[    0.000000] PM: Registered nosave memory: 000000000009f000 - 00000000000a0000
[    0.000000] PM: Registered nosave memory: 00000000000a0000 - 00000000000ca000
[    0.000000] PM: Registered nosave memory: 00000000000ca000 - 00000000000cc000
[    0.000000] PM: Registered nosave memory: 00000000000cc000 - 00000000000dc000
[    0.000000] PM: Registered nosave memory: 00000000000dc000 - 0000000000100000
[    0.000000] PM: Registered nosave memory: 000000003fee0000 - 000000003feff000
[    0.000000] PM: Registered nosave memory: 000000003feff000 - 000000003ff00000
[    0.000000] Allocating PCI resources starting at 40000000 (gap: 40000000:a0000000)
[    0.000000] Booting paravirtualized kernel on bare hardware
[    0.000000] setup_percpu: NR_CPUS:512 nr_cpumask_bits:512 nr_cpu_ids:32 nr_node_ids:1
[    0.000000] PERCPU: Embedded 27 pages/cpu @ffff88003fa00000 s78208 r8192 d24192 u131072
[    0.000000] pcpu-alloc: s78208 r8192 d24192 u131072 alloc=1*2097152
[    0.000000] pcpu-alloc: [0] 00 01 02 03 04 05 06 07 08 09 10 11 12 13 14 15 
[    0.000000] pcpu-alloc: [0] 16 17 18 19 20 21 22 23 24 25 26 27 28 29 30 31 
[    0.000000] Built 1 zonelists in Node order, mobility grouping on.  Total pages: 258410
[    0.000000] Policy zone: DMA32
[    0.000000] Kernel command line: root=/dev/sda2 resume=/dev/sda1 splash=silent quiet vga=0x317 console=tty0 console=ttyS1,115200 debug earlycon=ttyS1,115200 earlyprintk=ttyS1,115200 loglevel=8
[    0.000000] bootsplash: silent mode.
[    0.000000] PID hash table entries: 4096 (order: 3, 32768 bytes)
[    0.000000] Checking aperture...
[    0.000000] No AGP bridge found
[    0.000000] Memory: 1004980k/1048576k available (5791k kernel code, 580k absent, 43016k reserved, 7776k data, 940k init)
[    0.000000] Preemptible hierarchical RCU implementation.
[    0.000000] NR_IRQS:33024 nr_irqs:936 16
[    0.000000] Extended CMOS year: 2000
[    0.000000] Console: colour dummy device 80x25
[    0.000000] console [tty0] enabled
[    0.000000] console [ttyS1] enabled, bootconsole disabled
[    0.000000] console [ttyS1] enabled, bootconsole disabled
[    0.000000] allocated 8388608 bytes of page_cgroup
[    0.000000] please try 'cgroup_disable=memory' option if you don't want memory cgroups
[    0.000000] hpet clockevent registered
[    0.001000] TSC freq read from hypervisor : 2499.999 MHz
[    0.002000] Detected 2499.999 MHz processor.
[    0.000015] Calibrating delay loop (skipped) preset value.. 4999.99 BogoMIPS (lpj=2499999)
[    0.002127] pid_max: default: 32768 minimum: 301
[    0.003392] Security Framework initialized
[    0.004481] AppArmor: AppArmor initialized
[    0.006222] Dentry cache hash table entries: 131072 (order: 8, 1048576 bytes)
[    0.008146] Inode-cache hash table entries: 65536 (order: 7, 524288 bytes)
[    0.010333] Mount-cache hash table entries: 256
[    0.012018] Initializing cgroup subsys cpuacct
[    0.013121] Initializing cgroup subsys memory
[    0.014141] Initializing cgroup subsys devices
[    0.015141] Initializing cgroup subsys freezer
[    0.016148] Initializing cgroup subsys net_cls
[    0.017387] Initializing cgroup subsys blkio
[    0.018504] Initializing cgroup subsys perf_event
[    0.019673] Disabled fast string operations
[    0.021001] mce: CPU supports 0 MCE banks
[    0.025580] ACPI: Core revision 20110623
[    0.042507] Switched APIC routing to physical flat.
[    0.044276] ..TIMER: vector=0x30 apic1=0 pin1=2 apic2=-1 pin2=-1
[    0.055448] CPU0: Intel(R) Core(TM)2 Quad  CPU   Q9300  @ 2.50GHz stepping 07
[    0.158573] Performance Events: Core2 events, Intel PMU driver.
[    0.160117] ... version:                2
[    0.161004] ... bit width:              40
[    0.161934] ... generic registers:      2
[    0.162821] ... value mask:             000000ffffffffff
[    0.164028] ... max period:             000000007fffffff
[    0.165191] ... fixed-purpose events:   3
[    0.166110] ... event mask:             0000000700000003
[    0.175701] NMI watchdog enabled, takes one hw-pmu counter.
[    0.184791] Booting Node   0, Processors  #1
[    0.185770] smpboot cpu 1: start_ip = 9a000
[    0.198162] Disabled fast string operations
[    0.199250] mce: CPU supports 0 MCE banks
[    0.200635] NMI watchdog enabled, takes one hw-pmu counter.
[    0.203710] Brought up 2 CPUs
[    0.204459] Total of 2 processors activated (9999.99 BogoMIPS).
[    0.206168] x86 PAT enabled: cpu 0, old 0x0, new 0x7010600070106
[    0.207772] x86 PAT enabled: cpu 1, old 0x0, new 0x7010600070106
[    0.210729] devtmpfs: initialized
[    0.212688] PM: Registering ACPI NVS region at 3feff000 (4096 bytes)
[    0.214375] print_constraints: dummy: 
[    0.215475] RTC time: 17:35:20, date: 03/25/12
[    0.216765] NET: Registered protocol family 16
[    0.218308] ACPI: bus type pci registered
[    0.219558] PCI: MMCONFIG for domain 0000 [bus 00-ff] at [mem 0xe0000000-0xefffffff] (base 0xe0000000)
[    0.221789] PCI: MMCONFIG at [mem 0xe0000000-0xefffffff] reserved in E820
[    0.258327] PCI: Using configuration type 1 for base access
[    0.261885] bio: create slab <bio-0> at 0
[    0.263506] ACPI: Added _OSI(Module Device)
[    0.264487] ACPI: Added _OSI(Processor Device)
[    0.265661] ACPI: Added _OSI(3.0 _SCP Extensions)
[    0.266802] ACPI: Added _OSI(Processor Aggregator Device)
[    0.272092] ACPI: EC: Look up EC in DSDT
[    0.283707] [Firmware Bug]: ACPI: BIOS _OSI(Linux) query ignored
[    0.390948] ACPI: Interpreter enabled
[    0.392061] ACPI: (supports S0 S1 S4 S5)
[    0.393484] ACPI: Using IOAPIC for interrupt routing
[    0.541937] ACPI: No dock devices found.
[    0.543081] HEST: Table not found.
[    0.544112] PCI: Using host bridge windows from ACPI; if necessary, use "pci=nocrs" and report a bug
[    0.548342] ACPI: PCI Root Bridge [PCI0] (domain 0000 [bus 00-ff])
[    0.552764] pci_root PNP0A03:00: host bridge window [mem 0x000a0000-0x000bffff]
[    0.555100] pci_root PNP0A03:00: host bridge window [mem 0x000cc000-0x000cffff]
[    0.557317] pci_root PNP0A03:00: host bridge window [mem 0x000d0000-0x000d3fff]
[    0.559596] pci_root PNP0A03:00: host bridge window [mem 0x000d4000-0x000d7fff]
[    0.561778] pci_root PNP0A03:00: host bridge window [mem 0x000d8000-0x000dbfff]
[    0.563826] pci_root PNP0A03:00: host bridge window [mem 0xc0000000-0xfebfffff]
[    0.565836] pci_root PNP0A03:00: host bridge window [io  0x0000-0x0cf7]
[    0.567760] pci_root PNP0A03:00: host bridge window [io  0x0d00-0xfeff]
[    0.569808] pci 0000:00:00.0: [8086:7190] type 0 class 0x000600
[    0.572190] pci 0000:00:01.0: [8086:7191] type 1 class 0x000604
[    0.574285] pci 0000:00:07.0: [8086:7110] type 0 class 0x000601
[    0.576296] pci 0000:00:07.1: [8086:7111] type 0 class 0x000101
[    0.579752] pci 0000:00:07.1: reg 20: [io  0x10c0-0x10cf]
[    0.582033] pci 0000:00:07.3: [8086:7113] type 0 class 0x000680
[    0.583981] pci 0000:00:07.3: quirk: [io  0x1000-0x103f] claimed by PIIX4 ACPI
[    0.585899] pci 0000:00:07.3: quirk: [io  0x1040-0x104f] claimed by PIIX4 SMB
[    0.587860] pci 0000:00:07.7: [15ad:0740] type 0 class 0x000880
[    0.590033] pci 0000:00:07.7: reg 10: [io  0x1080-0x10bf]
[    0.592373] pci 0000:00:07.7: reg 14: [mem 0xc8000000-0xc8001fff 64bit]
[    0.596907] pci 0000:00:0f.0: [15ad:0405] type 0 class 0x000300
[    0.601568] pci 0000:00:0f.0: reg 10: [io  0x10d0-0x10df]
[    0.605984] pci 0000:00:0f.0: reg 14: [mem 0xd0000000-0xd7ffffff pref]
[    0.611820] pci 0000:00:0f.0: reg 18: [mem 0xc8800000-0xc8ffffff]
[    0.626554] pci 0000:00:0f.0: reg 30: [mem 0x00000000-0x00007fff pref]
[    0.628563] pci 0000:00:10.0: [1000:0030] type 0 class 0x000100
[    0.630926] pci 0000:00:10.0: reg 10: [io  0x1400-0x14ff]
[    0.633327] pci 0000:00:10.0: reg 14: [mem 0xc8040000-0xc805ffff 64bit]
[    0.636412] pci 0000:00:10.0: reg 1c: [mem 0xc8020000-0xc803ffff 64bit]
[    0.639795] pci 0000:00:10.0: reg 30: [mem 0x00000000-0x00003fff pref]
[    0.641757] pci 0000:00:11.0: [15ad:0790] type 1 class 0x000604
[    0.643847] pci 0000:00:15.0: [15ad:07a0] type 1 class 0x000604
[    0.645872] pci 0000:00:15.0: PME# supported from D0 D3hot D3cold
[    0.647398] pci 0000:00:15.0: PME# disabled
[    0.648750] pci 0000:00:15.1: [15ad:07a0] type 1 class 0x000604
[    0.650733] pci 0000:00:15.1: PME# supported from D0 D3hot D3cold
[    0.652304] pci 0000:00:15.1: PME# disabled
[    0.653692] pci 0000:00:15.2: [15ad:07a0] type 1 class 0x000604
[    0.655619] pci 0000:00:15.2: PME# supported from D0 D3hot D3cold
[    0.656975] pci 0000:00:15.2: PME# disabled
[    0.658122] pci 0000:00:15.3: [15ad:07a0] type 1 class 0x000604
[    0.659949] pci 0000:00:15.3: PME# supported from D0 D3hot D3cold
[    0.661312] pci 0000:00:15.3: PME# disabled
[    0.662455] pci 0000:00:15.4: [15ad:07a0] type 1 class 0x000604
[    0.664504] pci 0000:00:15.4: PME# supported from D0 D3hot D3cold
[    0.666124] pci 0000:00:15.4: PME# disabled
[    0.667441] pci 0000:00:15.5: [15ad:07a0] type 1 class 0x000604
[    0.669502] pci 0000:00:15.5: PME# supported from D0 D3hot D3cold
[    0.671041] pci 0000:00:15.5: PME# disabled
[    0.672179] pci 0000:00:15.6: [15ad:07a0] type 1 class 0x000604
[    0.674196] pci 0000:00:15.6: PME# supported from D0 D3hot D3cold
[    0.675640] pci 0000:00:15.6: PME# disabled
[    0.676943] pci 0000:00:15.7: [15ad:07a0] type 1 class 0x000604
[    0.678959] pci 0000:00:15.7: PME# supported from D0 D3hot D3cold
[    0.680542] pci 0000:00:15.7: PME# disabled
[    0.681929] pci 0000:00:16.0: [15ad:07a0] type 1 class 0x000604
[    0.683882] pci 0000:00:16.0: PME# supported from D0 D3hot D3cold
[    0.685412] pci 0000:00:16.0: PME# disabled
[    0.686632] pci 0000:00:16.1: [15ad:07a0] type 1 class 0x000604
[    0.688603] pci 0000:00:16.1: PME# supported from D0 D3hot D3cold
[    0.690127] pci 0000:00:16.1: PME# disabled
[    0.691308] pci 0000:00:16.2: [15ad:07a0] type 1 class 0x000604
[    0.693094] pci 0000:00:16.2: PME# supported from D0 D3hot D3cold
[    0.694520] pci 0000:00:16.2: PME# disabled
[    0.695689] pci 0000:00:16.3: [15ad:07a0] type 1 class 0x000604
[    0.697829] pci 0000:00:16.3: PME# supported from D0 D3hot D3cold
[    0.699187] pci 0000:00:16.3: PME# disabled
[    0.700451] pci 0000:00:16.4: [15ad:07a0] type 1 class 0x000604
[    0.702406] pci 0000:00:16.4: PME# supported from D0 D3hot D3cold
[    0.703850] pci 0000:00:16.4: PME# disabled
[    0.705090] pci 0000:00:16.5: [15ad:07a0] type 1 class 0x000604
[    0.707252] pci 0000:00:16.5: PME# supported from D0 D3hot D3cold
[    0.708712] pci 0000:00:16.5: PME# disabled
[    0.709907] pci 0000:00:16.6: [15ad:07a0] type 1 class 0x000604
[    0.711928] pci 0000:00:16.6: PME# supported from D0 D3hot D3cold
[    0.713531] pci 0000:00:16.6: PME# disabled
[    0.714909] pci 0000:00:16.7: [15ad:07a0] type 1 class 0x000604
[    0.716726] pci 0000:00:16.7: PME# supported from D0 D3hot D3cold
[    0.718086] pci 0000:00:16.7: PME# disabled
[    0.719781] pci 0000:00:17.0: [15ad:07a0] type 1 class 0x000604
[    0.721600] pci 0000:00:17.0: PME# supported from D0 D3hot D3cold
[    0.722954] pci 0000:00:17.0: PME# disabled
[    0.724108] pci 0000:00:17.1: [15ad:07a0] type 1 class 0x000604
[    0.725976] pci 0000:00:17.1: PME# supported from D0 D3hot D3cold
[    0.727549] pci 0000:00:17.1: PME# disabled
[    0.728838] pci 0000:00:17.2: [15ad:07a0] type 1 class 0x000604
[    0.730801] pci 0000:00:17.2: PME# supported from D0 D3hot D3cold
[    0.732361] pci 0000:00:17.2: PME# disabled
[    0.733610] pci 0000:00:17.3: [15ad:07a0] type 1 class 0x000604
[    0.735588] pci 0000:00:17.3: PME# supported from D0 D3hot D3cold
[    0.737188] pci 0000:00:17.3: PME# disabled
[    0.738559] pci 0000:00:17.4: [15ad:07a0] type 1 class 0x000604
[    0.740519] pci 0000:00:17.4: PME# supported from D0 D3hot D3cold
[    0.742057] pci 0000:00:17.4: PME# disabled
[    0.743339] pci 0000:00:17.5: [15ad:07a0] type 1 class 0x000604
[    0.745407] pci 0000:00:17.5: PME# supported from D0 D3hot D3cold
[    0.746963] pci 0000:00:17.5: PME# disabled
[    0.748126] pci 0000:00:17.6: [15ad:07a0] type 1 class 0x000604
[    0.749961] pci 0000:00:17.6: PME# supported from D0 D3hot D3cold
[    0.751541] pci 0000:00:17.6: PME# disabled
[    0.752825] pci 0000:00:17.7: [15ad:07a0] type 1 class 0x000604
[    0.754653] pci 0000:00:17.7: PME# supported from D0 D3hot D3cold
[    0.756034] pci 0000:00:17.7: PME# disabled
[    0.757383] pci 0000:00:18.0: [15ad:07a0] type 1 class 0x000604
[    0.759235] pci 0000:00:18.0: PME# supported from D0 D3hot D3cold
[    0.760635] pci 0000:00:18.0: PME# disabled
[    0.761922] pci 0000:00:18.1: [15ad:07a0] type 1 class 0x000604
[    0.763927] pci 0000:00:18.1: PME# supported from D0 D3hot D3cold
[    0.765491] pci 0000:00:18.1: PME# disabled
[    0.766811] pci 0000:00:18.2: [15ad:07a0] type 1 class 0x000604
[    0.768799] pci 0000:00:18.2: PME# supported from D0 D3hot D3cold
[    0.770307] pci 0000:00:18.2: PME# disabled
[    0.771751] pci 0000:00:18.3: [15ad:07a0] type 1 class 0x000604
[    0.773618] pci 0000:00:18.3: PME# supported from D0 D3hot D3cold
[    0.775197] pci 0000:00:18.3: PME# disabled
[    0.776518] pci 0000:00:18.4: [15ad:07a0] type 1 class 0x000604
[    0.778358] pci 0000:00:18.4: PME# supported from D0 D3hot D3cold
[    0.779761] pci 0000:00:18.4: PME# disabled
[    0.781071] pci 0000:00:18.5: [15ad:07a0] type 1 class 0x000604
[    0.783034] pci 0000:00:18.5: PME# supported from D0 D3hot D3cold
[    0.784416] pci 0000:00:18.5: PME# disabled
[    0.785574] pci 0000:00:18.6: [15ad:07a0] type 1 class 0x000604
[    0.787364] pci 0000:00:18.6: PME# supported from D0 D3hot D3cold
[    0.788765] pci 0000:00:18.6: PME# disabled
[    0.790037] pci 0000:00:18.7: [15ad:07a0] type 1 class 0x000604
[    0.791986] pci 0000:00:18.7: PME# supported from D0 D3hot D3cold
[    0.793422] pci 0000:00:18.7: PME# disabled
[    0.794916] pci 0000:00:01.0: PCI bridge to [bus 01-01]
[    0.796453] pci 0000:02:00.0: [15ad:0774] type 0 class 0x000c03
[    0.799865] pci 0000:02:00.0: reg 20: [io  0x2080-0x209f]
[    0.802047] pci 0000:02:01.0: [8086:100f] type 0 class 0x000200
[    0.804795] pci 0000:02:01.0: reg 10: [mem 0xc9020000-0xc903ffff 64bit]
[    0.807689] pci 0000:02:01.0: reg 18: [mem 0xc9000000-0xc900ffff 64bit]
[    0.810142] pci 0000:02:01.0: reg 20: [io  0x2000-0x203f]
[    0.813108] pci 0000:02:01.0: reg 30: [mem 0x00000000-0x0000ffff pref]
[    0.814842] pci 0000:02:02.0: [1274:1371] type 0 class 0x000401
[    0.816690] pci 0000:02:02.0: reg 10: [io  0x2040-0x207f]
[    0.820407] pci 0000:02:03.0: [15ad:0770] type 0 class 0x000c03
[    0.822453] pci 0000:02:03.0: reg 10: [mem 0xc9010000-0xc9010fff]
[    0.826406] pci 0000:00:11.0: PCI bridge to [bus 02-02] (subtractive decode)
[    0.828154] pci 0000:00:11.0:   bridge window [io  0x2000-0x3fff]
[    0.829791] pci 0000:00:11.0:   bridge window [mem 0xc9000000-0xca3fffff]
[    0.831724] pci 0000:00:11.0:   bridge window [mem 0xd8400000-0xd89fffff 64bit pref]
[    0.833650] pci 0000:00:11.0:   bridge window [mem 0x000a0000-0x000bffff] (subtractive decode)
[    0.835804] pci 0000:00:11.0:   bridge window [mem 0x000cc000-0x000cffff] (subtractive decode)
[    0.837957] pci 0000:00:11.0:   bridge window [mem 0x000d0000-0x000d3fff] (subtractive decode)
[    0.840124] pci 0000:00:11.0:   bridge window [mem 0x000d4000-0x000d7fff] (subtractive decode)
[    0.842130] pci 0000:00:11.0:   bridge window [mem 0x000d8000-0x000dbfff] (subtractive decode)
[    0.843995] pci 0000:00:11.0:   bridge window [mem 0xc0000000-0xfebfffff] (subtractive decode)
[    0.846152] pci 0000:00:11.0:   bridge window [io  0x0000-0x0cf7] (subtractive decode)
[    0.847984] pci 0000:00:11.0:   bridge window [io  0x0d00-0xfeff] (subtractive decode)
[    0.850312] pci 0000:00:15.0: PCI bridge to [bus 03-03]
[    0.851491] pci 0000:00:15.0:   bridge window [io  0x4000-0x4fff]
[    0.853010] pci 0000:00:15.0:   bridge window [mem 0xca400000-0xca4fffff]
[    0.854574] pci 0000:00:15.0:   bridge window [mem 0xd8a00000-0xd8afffff 64bit pref]
[    0.856901] pci 0000:00:15.1: PCI bridge to [bus 04-04]
[    0.858065] pci 0000:00:15.1:   bridge window [io  0x8000-0x8fff]
[    0.859758] pci 0000:00:15.1:   bridge window [mem 0xca800000-0xca8fffff]
[    0.861545] pci 0000:00:15.1:   bridge window [mem 0xd8e00000-0xd8efffff 64bit pref]
[    0.864082] pci 0000:00:15.2: PCI bridge to [bus 05-05]
[    0.865332] pci 0000:00:15.2:   bridge window [io  0xc000-0xcfff]
[    0.866927] pci 0000:00:15.2:   bridge window [mem 0xcac00000-0xcacfffff]
[    0.868777] pci 0000:00:15.2:   bridge window [mem 0xd9200000-0xd92fffff 64bit pref]
[    0.871066] pci 0000:00:15.3: PCI bridge to [bus 06-06]
[    0.872481] pci 0000:00:15.3:   bridge window [mem 0xcb000000-0xcb0fffff]
[    0.874321] pci 0000:00:15.3:   bridge window [mem 0xd9600000-0xd96fffff 64bit pref]
[    0.876779] pci 0000:00:15.4: PCI bridge to [bus 07-07]
[    0.878092] pci 0000:00:15.4:   bridge window [mem 0xcb400000-0xcb4fffff]
[    0.879702] pci 0000:00:15.4:   bridge window [mem 0xd9a00000-0xd9afffff 64bit pref]
[    0.881984] pci 0000:00:15.5: PCI bridge to [bus 08-08]
[    0.883246] pci 0000:00:15.5:   bridge window [mem 0xcb800000-0xcb8fffff]
[    0.884869] pci 0000:00:15.5:   bridge window [mem 0xd9e00000-0xd9efffff 64bit pref]
[    0.887679] pci 0000:00:15.6: PCI bridge to [bus 09-09]
[    0.888885] pci 0000:00:15.6:   bridge window [mem 0xcbc00000-0xcbcfffff]
[    0.890527] pci 0000:00:15.6:   bridge window [mem 0xda200000-0xda2fffff 64bit pref]
[    0.892762] pci 0000:00:15.7: PCI bridge to [bus 0a-0a]
[    0.893996] pci 0000:00:15.7:   bridge window [mem 0xcc000000-0xcc0fffff]
[    0.895566] pci 0000:00:15.7:   bridge window [mem 0xda600000-0xda6fffff 64bit pref]
[    0.897744] pci 0000:00:16.0: PCI bridge to [bus 0b-0b]
[    0.899046] pci 0000:00:16.0:   bridge window [io  0x5000-0x5fff]
[    0.900455] pci 0000:00:16.0:   bridge window [mem 0xca500000-0xca5fffff]
[    0.901979] pci 0000:00:16.0:   bridge window [mem 0xd8b00000-0xd8bfffff 64bit pref]
[    0.904182] pci 0000:00:16.1: PCI bridge to [bus 0c-0c]
[    0.905570] pci 0000:00:16.1:   bridge window [io  0x9000-0x9fff]
[    0.906966] pci 0000:00:16.1:   bridge window [mem 0xca900000-0xca9fffff]
[    0.908511] pci 0000:00:16.1:   bridge window [mem 0xd8f00000-0xd8ffffff 64bit pref]
[    0.910898] pci 0000:00:16.2: PCI bridge to [bus 0d-0d]
[    0.912126] pci 0000:00:16.2:   bridge window [io  0xd000-0xdfff]
[    0.913532] pci 0000:00:16.2:   bridge window [mem 0xcad00000-0xcadfffff]
[    0.915068] pci 0000:00:16.2:   bridge window [mem 0xd9300000-0xd93fffff 64bit pref]
[    0.917214] pci 0000:00:16.3: PCI bridge to [bus 0e-0e]
[    0.918407] pci 0000:00:16.3:   bridge window [mem 0xcb100000-0xcb1fffff]
[    0.919988] pci 0000:00:16.3:   bridge window [mem 0xd9700000-0xd97fffff 64bit pref]
[    0.922115] pci 0000:00:16.4: PCI bridge to [bus 0f-0f]
[    0.923529] pci 0000:00:16.4:   bridge window [mem 0xcb500000-0xcb5fffff]
[    0.925356] pci 0000:00:16.4:   bridge window [mem 0xd9b00000-0xd9bfffff 64bit pref]
[    0.927809] pci 0000:00:16.5: PCI bridge to [bus 10-10]
[    0.929104] pci 0000:00:16.5:   bridge window [mem 0xcb900000-0xcb9fffff]
[    0.930945] pci 0000:00:16.5:   bridge window [mem 0xd9f00000-0xd9ffffff 64bit pref]
[    0.933200] pci 0000:00:16.6: PCI bridge to [bus 11-11]
[    0.934578] pci 0000:00:16.6:   bridge window [mem 0xcbd00000-0xcbdfffff]
[    0.936335] pci 0000:00:16.6:   bridge window [mem 0xda300000-0xda3fffff 64bit pref]
[    0.938723] pci 0000:00:16.7: PCI bridge to [bus 12-12]
[    0.939996] pci 0000:00:16.7:   bridge window [mem 0xcc100000-0xcc1fffff]
[    0.941524] pci 0000:00:16.7:   bridge window [mem 0xda700000-0xda7fffff 64bit pref]
[    0.943858] pci 0000:00:17.0: PCI bridge to [bus 13-13]
[    0.945057] pci 0000:00:17.0:   bridge window [io  0x6000-0x6fff]
[    0.946411] pci 0000:00:17.0:   bridge window [mem 0xca600000-0xca6fffff]
[    0.947945] pci 0000:00:17.0:   bridge window [mem 0xd8c00000-0xd8cfffff 64bit pref]
[    0.950125] pci 0000:00:17.1: PCI bridge to [bus 14-14]
[    0.951494] pci 0000:00:17.1:   bridge window [io  0xa000-0xafff]
[    0.952975] pci 0000:00:17.1:   bridge window [mem 0xcaa00000-0xcaafffff]
[    0.954556] pci 0000:00:17.1:   bridge window [mem 0xd9000000-0xd90fffff 64bit pref]
[    0.957004] pci 0000:00:17.2: PCI bridge to [bus 15-15]
[    0.958361] pci 0000:00:17.2:   bridge window [io  0xe000-0xefff]
[    0.959978] pci 0000:00:17.2:   bridge window [mem 0xcae00000-0xcaefffff]
[    0.961685] pci 0000:00:17.2:   bridge window [mem 0xd9400000-0xd94fffff 64bit pref]
[    0.963997] pci 0000:00:17.3: PCI bridge to [bus 16-16]
[    0.965450] pci 0000:00:17.3:   bridge window [mem 0xcb200000-0xcb2fffff]
[    0.967137] pci 0000:00:17.3:   bridge window [mem 0xd9800000-0xd98fffff 64bit pref]
[    0.969573] pci 0000:00:17.4: PCI bridge to [bus 17-17]
[    0.970930] pci 0000:00:17.4:   bridge window [mem 0xcb600000-0xcb6fffff]
[    0.972598] pci 0000:00:17.4:   bridge window [mem 0xd9c00000-0xd9cfffff 64bit pref]
[    0.974763] pci 0000:00:17.5: PCI bridge to [bus 18-18]
[    0.976078] pci 0000:00:17.5:   bridge window [mem 0xcba00000-0xcbafffff]
[    0.977662] pci 0000:00:17.5:   bridge window [mem 0xda000000-0xda0fffff 64bit pref]
[    0.980065] pci 0000:00:17.6: PCI bridge to [bus 19-19]
[    0.981389] pci 0000:00:17.6:   bridge window [mem 0xcbe00000-0xcbefffff]
[    0.983090] pci 0000:00:17.6:   bridge window [mem 0xda400000-0xda4fffff 64bit pref]
[    0.985270] pci 0000:00:17.7: PCI bridge to [bus 1a-1a]
[    0.986718] pci 0000:00:17.7:   bridge window [mem 0xcc200000-0xcc2fffff]
[    0.988240] pci 0000:00:17.7:   bridge window [mem 0xda800000-0xda8fffff 64bit pref]
[    0.990408] pci 0000:00:18.0: PCI bridge to [bus 1b-1b]
[    0.991819] pci 0000:00:18.0:   bridge window [io  0x7000-0x7fff]
[    0.993431] pci 0000:00:18.0:   bridge window [mem 0xca700000-0xca7fffff]
[    0.995198] pci 0000:00:18.0:   bridge window [mem 0xd8d00000-0xd8dfffff 64bit pref]
[    0.997799] pci 0000:00:18.1: PCI bridge to [bus 1c-1c]
[    0.999081] pci 0000:00:18.1:   bridge window [io  0xb000-0xbfff]
[    1.000598] pci 0000:00:18.1:   bridge window [mem 0xcab00000-0xcabfffff]
[    1.002221] pci 0000:00:18.1:   bridge window [mem 0xd9100000-0xd91fffff 64bit pref]
[    1.004476] pci 0000:00:18.2: PCI bridge to [bus 1d-1d]
[    1.005658] pci 0000:00:18.2:   bridge window [io  0xf000-0xffff]
[    1.007077] pci 0000:00:18.2:   bridge window [mem 0xcaf00000-0xcaffffff]
[    1.008853] pci 0000:00:18.2:   bridge window [mem 0xd9500000-0xd95fffff 64bit pref]
[    1.011624] pci 0000:00:18.3: PCI bridge to [bus 1e-1e]
[    1.012835] pci 0000:00:18.3:   bridge window [mem 0xcb300000-0xcb3fffff]
[    1.014687] pci 0000:00:18.3:   bridge window [mem 0xd9900000-0xd99fffff 64bit pref]
[    1.017204] pci 0000:00:18.4: PCI bridge to [bus 1f-1f]
[    1.018605] pci 0000:00:18.4:   bridge window [mem 0xcb700000-0xcb7fffff]
[    1.020391] pci 0000:00:18.4:   bridge window [mem 0xd9d00000-0xd9dfffff 64bit pref]
[    1.022880] pci 0000:00:18.5: PCI bridge to [bus 20-20]
[    1.024304] pci 0000:00:18.5:   bridge window [mem 0xcbb00000-0xcbbfffff]
[    1.026207] pci 0000:00:18.5:   bridge window [mem 0xda100000-0xda1fffff 64bit pref]
[    1.028395] pci 0000:00:18.6: PCI bridge to [bus 21-21]
[    1.029611] pci 0000:00:18.6:   bridge window [mem 0xcbf00000-0xcbffffff]
[    1.031228] pci 0000:00:18.6:   bridge window [mem 0xda500000-0xda5fffff 64bit pref]
[    1.033678] pci 0000:00:18.7: PCI bridge to [bus 22-22]
[    1.034913] pci 0000:00:18.7:   bridge window [mem 0xcc300000-0xcc3fffff]
[    1.036563] pci 0000:00:18.7:   bridge window [mem 0xda900000-0xda9fffff 64bit pref]
[    1.040793] ACPI: PCI Interrupt Routing Table [\_SB_.PCI0._PRT]
[    1.043148]  pci0000:00: Requesting ACPI _OSC control (0x1d)
[    1.044994]  pci0000:00: ACPI _OSC control (0x15) granted
[    1.164507] ACPI: PCI Interrupt Link [LNKA] (IRQs 3 4 5 6 7 *9 10 11 14 15)
[    1.166773] ACPI: PCI Interrupt Link [LNKB] (IRQs 3 4 5 6 7 9 10 *11 14 15)
[    1.169056] ACPI: PCI Interrupt Link [LNKC] (IRQs 3 4 5 6 7 9 *10 11 14 15)
[    1.171381] ACPI: PCI Interrupt Link [LNKD] (IRQs 3 4 *5 6 7 9 10 11 14 15)
[    1.173987] vgaarb: device added: PCI:0000:00:0f.0,decodes=io+mem,owns=io+mem,locks=none
[    1.175958] vgaarb: loaded
[    1.176642] vgaarb: bridge control possible 0000:00:0f.0
[    1.178440] SCSI subsystem initialized
[    1.179580] libata version 3.00 loaded.
[    1.180728] usbcore: registered new interface driver usbfs
[    1.182342] usbcore: registered new interface driver hub
[    1.183852] usbcore: registered new device driver usb
[    1.185363] PCI: Using ACPI for IRQ routing
[    1.252795] PCI: pci_cache_line_size set to 64 bytes
[    1.254083] pci 0000:00:18.2: no compatible bridge window for [io  0xf000-0xffff]
[    1.256806] reserve RAM buffer: 000000000009f400 - 000000000009ffff 
[    1.258388] reserve RAM buffer: 000000003fee0000 - 000000003fffffff 
[    1.260251] NetLabel: Initializing
[    1.261230] NetLabel:  domain hash size = 128
[    1.262216] NetLabel:  protocols = UNLABELED CIPSOv4
[    1.263507] NetLabel:  unlabeled traffic allowed by default
[    1.265149] HPET: 16 timers in total, 0 timers will be used for per-cpu timer
[    1.266960] hpet0: at MMIO 0xfed00000, IRQs 2, 8, 0, 0, 0, 0, 0, 0, 0, 0, 0, 0, 0, 0, 0, 0
[    1.269687] hpet0: 16 comparators, 64-bit 14.318180 MHz counter
[    1.279215] Switching to clocksource hpet
[    1.281063] Switched to NOHz mode on CPU #0
[    1.281071] Switched to NOHz mode on CPU #1
[    1.287935] AppArmor: AppArmor Filesystem Enabled
[    1.289189] pnp: PnP ACPI init
[    1.289967] ACPI: bus type pnp registered
[    1.292023] pnp 00:00: [bus 00-ff]
[    1.292881] pnp 00:00: [mem 0x000a0000-0x000bffff window]
[    1.294373] pnp 00:00: [mem 0x000c0000-0x000c3fff window]
[    1.295723] pnp 00:00: [mem 0x000c4000-0x000c7fff window]
[    1.297045] pnp 00:00: [mem 0x000c8000-0x000cbfff window]
[    1.298493] pnp 00:00: [mem 0x000cc000-0x000cffff window]
[    1.299824] pnp 00:00: [mem 0x000d0000-0x000d3fff window]
[    1.301242] pnp 00:00: [mem 0x000d4000-0x000d7fff window]
[    1.302606] pnp 00:00: [mem 0x000d8000-0x000dbfff window]
[    1.303975] pnp 00:00: [mem 0x000dc000-0x000dffff window]
[    1.305367] pnp 00:00: [mem 0x000e0000-0x000e3fff window]
[    1.306632] pnp 00:00: [mem 0x000e4000-0x000e7fff window]
[    1.307816] pnp 00:00: [mem 0x000e8000-0x000ebfff window]
[    1.309056] pnp 00:00: [mem 0x000ec000-0x000effff window]
[    1.310470] pnp 00:00: [mem 0xc0000000-0xfebfffff window]
[    1.311743] pnp 00:00: [io  0x0cf8-0x0cff]
[    1.312724] pnp 00:00: [io  0x0000-0x0cf7 window]
[    1.313856] pnp 00:00: [io  0x0d00-0xfeff window]
[    1.315175] pnp 00:00: Plug and Play ACPI device, IDs PNP0a03 PNP0a08 (active)
[    1.316972] pnp 00:01: [io  0x0010-0x001f]
[    1.317890] pnp 00:01: [io  0x0024-0x0025]
[    1.318961] pnp 00:01: [io  0x0028-0x0029]
[    1.319892] pnp 00:01: [io  0x002c-0x002d]
[    1.320829] pnp 00:01: [io  0x002e-0x002f]
[    1.321805] pnp 00:01: [io  0x0030-0x0031]
[    1.322812] pnp 00:01: [io  0x0034-0x0035]
[    1.323843] pnp 00:01: [io  0x0038-0x0039]
[    1.324963] pnp 00:01: [io  0x003c-0x003d]
[    1.325886] pnp 00:01: [io  0x0050-0x0053]
[    1.326820] pnp 00:01: [io  0x0072-0x0077]
[    1.327804] pnp 00:01: [io  0x0080]
[    1.328667] pnp 00:01: [io  0x0090-0x009f]
[    1.329643] pnp 00:01: [io  0x00a4-0x00a5]
[    1.330584] pnp 00:01: [io  0x00a8-0x00a9]
[    1.331519] pnp 00:01: [io  0x00ac-0x00ad]
[    1.332442] pnp 00:01: [io  0x00b0-0x00b5]
[    1.333361] pnp 00:01: [io  0x00b8-0x00b9]
[    1.334408] pnp 00:01: [io  0x00bc-0x00bd]
[    1.335513] pnp 00:01: [io  0x1000-0x103f]
[    1.336438] pnp 00:01: [io  0x1040-0x104f]
[    1.337341] pnp 00:01: [io  0x0cf0-0x0cf1]
[    1.338545] system 00:01: [io  0x1000-0x103f] has been reserved
[    1.339913] system 00:01: [io  0x1040-0x104f] has been reserved
[    1.341211] system 00:01: [io  0x0cf0-0x0cf1] has been reserved
[    1.342741] system 00:01: Plug and Play ACPI device, IDs PNP0c02 (active)
[    1.345083] pnp 00:02: [io  0x0000-0x000f]
[    1.346283] pnp 00:02: [io  0x0081-0x008f]
[    1.347449] pnp 00:02: [io  0x00c0-0x00df]
[    1.348487] pnp 00:02: [dma 4]
[    1.349309] pnp 00:02: Plug and Play ACPI device, IDs PNP0200 (active)
[    1.351041] pnp 00:03: [io  0x0020-0x0021]
[    1.352129] pnp 00:03: [io  0x00a0-0x00a1]
[    1.353156] pnp 00:03: [io  0x04d0-0x04d1]
[    1.354176] pnp 00:03: [irq 2 disabled]
[    1.355232] pnp 00:03: Plug and Play ACPI device, IDs PNP0001 (active)
[    1.356720] pnp 00:04: [io  0x0070-0x0071]
[    1.357780] pnp 00:04: [irq 8]
[    1.358583] pnp 00:04: Plug and Play ACPI device, IDs PNP0b00 (active)
[    1.360099] pnp 00:05: [io  0x0061]
[    1.361014] pnp 00:05: Plug and Play ACPI device, IDs PNP0800 (active)
[    1.362560] pnp 00:06: [io  0x0060]
[    1.363428] pnp 00:06: [io  0x0064]
[    1.364253] pnp 00:06: [irq 1]
[    1.365061] pnp 00:06: Plug and Play ACPI device, IDs PNP0303 (active)
[    1.366698] pnp 00:07: [irq 12]
[    1.367581] pnp 00:07: Plug and Play ACPI device, IDs PNP0f13 (active)
[    1.369843] pnp 00:08: [mem 0xfed00000-0xfed003ff]
[    1.371169] system 00:08: [mem 0xfed00000-0xfed003ff] has been reserved
[    1.372695] system 00:08: Plug and Play ACPI device, IDs PNP0103 PNP0c01 (active)
[    1.381491] pnp 00:09: [io  0x0378-0x037f]
[    1.382562] pnp 00:09: [irq 7]
[    1.385245] pnp 00:09: Plug and Play ACPI device, IDs PNP0400 (active)
[    1.393325] pnp 00:0a: [io  0x03f8-0x03ff]
[    1.394407] pnp 00:0a: [irq 4]
[    1.396748] pnp 00:0a: Plug and Play ACPI device, IDs PNP0501 (active)
[    1.403765] pnp 00:0b: [io  0x02f8-0x02ff]
[    1.404783] pnp 00:0b: [irq 3]
[    1.407187] pnp 00:0b: Plug and Play ACPI device, IDs PNP0501 (active)
[    1.415701] pnp 00:0c: [io  0x03f0-0x03f5]
[    1.416732] pnp 00:0c: [io  0x03f7]
[    1.417762] pnp 00:0c: [irq 6]
[    1.418715] pnp 00:0c: [dma 2]
[    1.421045] pnp 00:0c: Plug and Play ACPI device, IDs PNP0700 (active)
[    1.422941] pnp 00:0d: [mem 0xe0000000-0xefffffff]
[    1.424154] pnp 00:0d: [io  0x1060-0x107f]
[    1.425233] pnp 00:0d: [mem 0xc8200000-0xc83fffff]
[    1.426475] system 00:0d: [io  0x1060-0x107f] has been reserved
[    1.427948] system 00:0d: [mem 0xe0000000-0xefffffff] has been reserved
[    1.429510] system 00:0d: [mem 0xc8200000-0xc83fffff] has been reserved
[    1.431509] system 00:0d: Plug and Play ACPI device, IDs PNP0c02 (active)
[    1.815867] pnp: PnP ACPI: found 14 devices
[    1.817076] ACPI: ACPI bus type pnp unregistered
[    1.832404] PCI: max bus depth: 1 pci_try_num: 2
[    1.835742] pci 0000:00:0f.0: BAR 6: assigned [mem 0xc0000000-0xc0007fff pref]
[    1.837397] pci 0000:00:10.0: BAR 6: assigned [mem 0xc0008000-0xc000bfff pref]
[    1.838978] pci 0000:00:18.7: BAR 13: can't assign io (size 0x1000)
[    1.840553] pci 0000:00:18.6: BAR 13: can't assign io (size 0x1000)
[    1.842074] pci 0000:00:18.5: BAR 13: can't assign io (size 0x1000)
[    1.843536] pci 0000:00:18.4: BAR 13: can't assign io (size 0x1000)
[    1.845012] pci 0000:00:18.3: BAR 13: can't assign io (size 0x1000)
[    1.846456] pci 0000:00:18.2: BAR 13: can't assign io (size 0x1000)
[    1.847934] pci 0000:00:17.7: BAR 13: can't assign io (size 0x1000)
[    1.849427] pci 0000:00:17.6: BAR 13: can't assign io (size 0x1000)
[    1.850929] pci 0000:00:17.5: BAR 13: can't assign io (size 0x1000)
[    1.852396] pci 0000:00:17.4: BAR 13: can't assign io (size 0x1000)
[    1.853799] pci 0000:00:17.3: BAR 13: can't assign io (size 0x1000)
[    1.855173] pci 0000:00:16.7: BAR 13: can't assign io (size 0x1000)
[    1.856665] pci 0000:00:16.6: BAR 13: can't assign io (size 0x1000)
[    1.858121] pci 0000:00:16.5: BAR 13: can't assign io (size 0x1000)
[    1.859590] pci 0000:00:16.4: BAR 13: can't assign io (size 0x1000)
[    1.860977] pci 0000:00:16.3: BAR 13: can't assign io (size 0x1000)
[    1.862375] pci 0000:00:15.7: BAR 13: can't assign io (size 0x1000)
[    1.863758] pci 0000:00:15.6: BAR 13: can't assign io (size 0x1000)
[    1.865277] pci 0000:00:15.5: BAR 13: can't assign io (size 0x1000)
[    1.866663] pci 0000:00:15.4: BAR 13: can't assign io (size 0x1000)
[    1.868134] pci 0000:00:15.3: BAR 13: can't assign io (size 0x1000)
[    1.869600] pci 0000:00:01.0: PCI bridge to [bus 01-01]
[    1.870894] pci 0000:02:01.0: BAR 6: assigned [mem 0xd8400000-0xd840ffff pref]
[    1.872637] pci 0000:00:11.0: PCI bridge to [bus 02-02]
[    1.873855] pci 0000:00:11.0:   bridge window [io  0x2000-0x3fff]
[    1.875358] pci 0000:00:11.0:   bridge window [mem 0xc9000000-0xca3fffff]
[    1.876864] pci 0000:00:11.0:   bridge window [mem 0xd8400000-0xd89fffff 64bit pref]
[    1.878753] pci 0000:00:15.0: PCI bridge to [bus 03-03]
[    1.879944] pci 0000:00:15.0:   bridge window [io  0x4000-0x4fff]
[    1.881334] pci 0000:00:15.0:   bridge window [mem 0xca400000-0xca4fffff]
[    1.882962] pci 0000:00:15.0:   bridge window [mem 0xd8a00000-0xd8afffff 64bit pref]
[    1.885011] pci 0000:00:15.1: PCI bridge to [bus 04-04]
[    1.886282] pci 0000:00:15.1:   bridge window [io  0x8000-0x8fff]
[    1.887765] pci 0000:00:15.1:   bridge window [mem 0xca800000-0xca8fffff]
[    1.889343] pci 0000:00:15.1:   bridge window [mem 0xd8e00000-0xd8efffff 64bit pref]
[    1.891157] pci 0000:00:15.2: PCI bridge to [bus 05-05]
[    1.892395] pci 0000:00:15.2:   bridge window [io  0xc000-0xcfff]
[    1.893862] pci 0000:00:15.2:   bridge window [mem 0xcac00000-0xcacfffff]
[    1.895469] pci 0000:00:15.2:   bridge window [mem 0xd9200000-0xd92fffff 64bit pref]
[    1.897334] pci 0000:00:15.3: PCI bridge to [bus 06-06]
[    1.898570] pci 0000:00:15.3:   bridge window [mem 0xcb000000-0xcb0fffff]
[    1.900229] pci 0000:00:15.3:   bridge window [mem 0xd9600000-0xd96fffff 64bit pref]
[    1.902030] pci 0000:00:15.4: PCI bridge to [bus 07-07]
[    1.903529] pci 0000:00:15.4:   bridge window [mem 0xcb400000-0xcb4fffff]
[    1.905975] pci 0000:00:15.4:   bridge window [mem 0xd9a00000-0xd9afffff 64bit pref]
[    1.907861] pci 0000:00:15.5: PCI bridge to [bus 08-08]
[    1.909070] pci 0000:00:15.5:   bridge window [mem 0xcb800000-0xcb8fffff]
[    1.910583] pci 0000:00:15.5:   bridge window [mem 0xd9e00000-0xd9efffff 64bit pref]
[    1.912443] pci 0000:00:15.6: PCI bridge to [bus 09-09]
[    1.913646] pci 0000:00:15.6:   bridge window [mem 0xcbc00000-0xcbcfffff]
[    1.915240] pci 0000:00:15.6:   bridge window [mem 0xda200000-0xda2fffff 64bit pref]
[    1.917061] pci 0000:00:15.7: PCI bridge to [bus 0a-0a]
[    1.918469] pci 0000:00:15.7:   bridge window [mem 0xcc000000-0xcc0fffff]
[    1.920171] pci 0000:00:15.7:   bridge window [mem 0xda600000-0xda6fffff 64bit pref]
[    1.921961] pci 0000:00:16.0: PCI bridge to [bus 0b-0b]
[    1.923215] pci 0000:00:16.0:   bridge window [io  0x5000-0x5fff]
[    1.924675] pci 0000:00:16.0:   bridge window [mem 0xca500000-0xca5fffff]
[    1.926249] pci 0000:00:16.0:   bridge window [mem 0xd8b00000-0xd8bfffff 64bit pref]
[    1.928035] pci 0000:00:16.1: PCI bridge to [bus 0c-0c]
[    1.929300] pci 0000:00:16.1:   bridge window [io  0x9000-0x9fff]
[    1.930705] pci 0000:00:16.1:   bridge window [mem 0xca900000-0xca9fffff]
[    1.932305] pci 0000:00:16.1:   bridge window [mem 0xd8f00000-0xd8ffffff 64bit pref]
[    1.934351] pci 0000:00:16.2: PCI bridge to [bus 0d-0d]
[    1.935879] pci 0000:00:16.2:   bridge window [io  0xd000-0xdfff]
[    1.937363] pci 0000:00:16.2:   bridge window [mem 0xcad00000-0xcadfffff]
[    1.938941] pci 0000:00:16.2:   bridge window [mem 0xd9300000-0xd93fffff 64bit pref]
[    1.940877] pci 0000:00:16.3: PCI bridge to [bus 0e-0e]
[    1.942132] pci 0000:00:16.3:   bridge window [mem 0xcb100000-0xcb1fffff]
[    1.943784] pci 0000:00:16.3:   bridge window [mem 0xd9700000-0xd97fffff 64bit pref]
[    1.945693] pci 0000:00:16.4: PCI bridge to [bus 0f-0f]
[    1.947082] pci 0000:00:16.4:   bridge window [mem 0xcb500000-0xcb5fffff]
[    1.948874] pci 0000:00:16.4:   bridge window [mem 0xd9b00000-0xd9bfffff 64bit pref]
[    1.950779] pci 0000:00:16.5: PCI bridge to [bus 10-10]
[    1.952406] pci 0000:00:16.5:   bridge window [mem 0xcb900000-0xcb9fffff]
[    1.954068] pci 0000:00:16.5:   bridge window [mem 0xd9f00000-0xd9ffffff 64bit pref]
[    1.955977] pci 0000:00:16.6: PCI bridge to [bus 11-11]
[    1.957319] pci 0000:00:16.6:   bridge window [mem 0xcbd00000-0xcbdfffff]
[    1.958981] pci 0000:00:16.6:   bridge window [mem 0xda300000-0xda3fffff 64bit pref]
[    1.960918] pci 0000:00:16.7: PCI bridge to [bus 12-12]
[    1.962272] pci 0000:00:16.7:   bridge window [mem 0xcc100000-0xcc1fffff]
[    1.963884] pci 0000:00:16.7:   bridge window [mem 0xda700000-0xda7fffff 64bit pref]
[    1.965667] pci 0000:00:17.0: PCI bridge to [bus 13-13]
[    1.967247] pci 0000:00:17.0:   bridge window [io  0x6000-0x6fff]
[    1.969139] pci 0000:00:17.0:   bridge window [mem 0xca600000-0xca6fffff]
[    1.970976] pci 0000:00:17.0:   bridge window [mem 0xd8c00000-0xd8cfffff 64bit pref]
[    1.973304] pci 0000:00:17.1: PCI bridge to [bus 14-14]
[    1.974743] pci 0000:00:17.1:   bridge window [io  0xa000-0xafff]
[    1.976365] pci 0000:00:17.1:   bridge window [mem 0xcaa00000-0xcaafffff]
[    1.978276] pci 0000:00:17.1:   bridge window [mem 0xd9000000-0xd90fffff 64bit pref]
[    1.980968] pci 0000:00:17.2: PCI bridge to [bus 15-15]
[    1.982658] pci 0000:00:17.2:   bridge window [io  0xe000-0xefff]
[    1.984608] pci 0000:00:17.2:   bridge window [mem 0xcae00000-0xcaefffff]
[    1.986505] pci 0000:00:17.2:   bridge window [mem 0xd9400000-0xd94fffff 64bit pref]
[    1.989058] pci 0000:00:17.3: PCI bridge to [bus 16-16]
[    1.990822] pci 0000:00:17.3:   bridge window [mem 0xcb200000-0xcb2fffff]
[    1.996822] pci 0000:00:17.3:   bridge window [mem 0xd9800000-0xd98fffff 64bit pref]
[    1.999743] pci 0000:00:17.4: PCI bridge to [bus 17-17]
[    2.001839] pci 0000:00:17.4:   bridge window [mem 0xcb600000-0xcb6fffff]
[    2.004704] pci 0000:00:17.4:   bridge window [mem 0xd9c00000-0xd9cfffff 64bit pref]
[    2.007498] pci 0000:00:17.5: PCI bridge to [bus 18-18]
[    2.009406] pci 0000:00:17.5:   bridge window [mem 0xcba00000-0xcbafffff]
[    2.011913] pci 0000:00:17.5:   bridge window [mem 0xda000000-0xda0fffff 64bit pref]
[    2.014748] pci 0000:00:17.6: PCI bridge to [bus 19-19]
[    2.016602] pci 0000:00:17.6:   bridge window [mem 0xcbe00000-0xcbefffff]
[    2.019212] pci 0000:00:17.6:   bridge window [mem 0xda400000-0xda4fffff 64bit pref]
[    2.022026] pci 0000:00:17.7: PCI bridge to [bus 1a-1a]
[    2.028230] pci 0000:00:17.7:   bridge window [mem 0xcc200000-0xcc2fffff]
[    2.030491] pci 0000:00:17.7:   bridge window [mem 0xda800000-0xda8fffff 64bit pref]
[    2.033274] pci 0000:00:18.0: PCI bridge to [bus 1b-1b]
[    2.035303] pci 0000:00:18.0:   bridge window [io  0x7000-0x7fff]
[    2.037276] pci 0000:00:18.0:   bridge window [mem 0xca700000-0xca7fffff]
[    2.039733] pci 0000:00:18.0:   bridge window [mem 0xd8d00000-0xd8dfffff 64bit pref]
[    2.042763] pci 0000:00:18.1: PCI bridge to [bus 1c-1c]
[    2.044514] pci 0000:00:18.1:   bridge window [io  0xb000-0xbfff]
[    2.046644] pci 0000:00:18.1:   bridge window [mem 0xcab00000-0xcabfffff]
[    2.048922] pci 0000:00:18.1:   bridge window [mem 0xd9100000-0xd91fffff 64bit pref]
[    2.051960] pci 0000:00:18.2: PCI bridge to [bus 1d-1d]
[    2.053868] pci 0000:00:18.2:   bridge window [mem 0xcaf00000-0xcaffffff]
[    2.060115] pci 0000:00:18.2:   bridge window [mem 0xd9500000-0xd95fffff 64bit pref]
[    2.064490] pci 0000:00:18.3: PCI bridge to [bus 1e-1e]
[    2.065957] pci 0000:00:18.3:   bridge window [mem 0xcb300000-0xcb3fffff]
[    2.067798] pci 0000:00:18.3:   bridge window [mem 0xd9900000-0xd99fffff 64bit pref]
[    2.070005] pci 0000:00:18.4: PCI bridge to [bus 1f-1f]
[    2.071601] pci 0000:00:18.4:   bridge window [mem 0xcb700000-0xcb7fffff]
[    2.073746] pci 0000:00:18.4:   bridge window [mem 0xd9d00000-0xd9dfffff 64bit pref]
[    2.076431] pci 0000:00:18.5: PCI bridge to [bus 20-20]
[    2.078131] pci 0000:00:18.5:   bridge window [mem 0xcbb00000-0xcbbfffff]
[    2.080361] pci 0000:00:18.5:   bridge window [mem 0xda100000-0xda1fffff 64bit pref]
[    2.083035] pci 0000:00:18.6: PCI bridge to [bus 21-21]
[    2.084775] pci 0000:00:18.6:   bridge window [mem 0xcbf00000-0xcbffffff]
[    2.087313] pci 0000:00:18.6:   bridge window [mem 0xda500000-0xda5fffff 64bit pref]
[    2.093956] pci 0000:00:18.7: PCI bridge to [bus 22-22]
[    2.095682] pci 0000:00:18.7:   bridge window [mem 0xcc300000-0xcc3fffff]
[    2.098046] pci 0000:00:18.7:   bridge window [mem 0xda900000-0xda9fffff 64bit pref]
[    2.100888] pci 0000:00:01.0: setting latency timer to 64
[    2.102578] pci 0000:00:15.0: setting latency timer to 64
[    2.107752] pci 0000:00:15.1: setting latency timer to 64
[    2.109646] pci 0000:00:15.2: setting latency timer to 64
[    2.111392] pci 0000:00:15.3: setting latency timer to 64
[    2.112774] pci 0000:00:15.4: setting latency timer to 64
[    2.114193] pci 0000:00:15.5: setting latency timer to 64
[    2.115755] pci 0000:00:15.6: setting latency timer to 64
[    2.117253] pci 0000:00:15.7: setting latency timer to 64
[    2.118921] pci 0000:00:16.0: setting latency timer to 64
[    2.122915] pci 0000:00:16.1: setting latency timer to 64
[    2.125030] pci 0000:00:16.2: setting latency timer to 64
[    2.126727] pci 0000:00:16.3: setting latency timer to 64
[    2.128430] pci 0000:00:16.4: setting latency timer to 64
[    2.130073] pci 0000:00:16.5: setting latency timer to 64
[    2.131899] pci 0000:00:16.6: setting latency timer to 64
[    2.133901] pci 0000:00:16.7: setting latency timer to 64
[    2.135905] pci 0000:00:17.0: setting latency timer to 64
[    2.137737] pci 0000:00:17.1: setting latency timer to 64
[    2.140178] pci 0000:00:17.2: setting latency timer to 64
[    2.142380] pci 0000:00:17.3: setting latency timer to 64
[    2.144433] pci 0000:00:17.4: setting latency timer to 64
[    2.146227] pci 0000:00:17.5: setting latency timer to 64
[    2.152393] pci 0000:00:17.6: setting latency timer to 64
[    2.154627] pci 0000:00:17.7: setting latency timer to 64
[    2.156483] pci 0000:00:18.0: setting latency timer to 64
[    2.158396] pci 0000:00:18.1: setting latency timer to 64
[    2.160314] pci 0000:00:18.2: setting latency timer to 64
[    2.162496] pci 0000:00:18.3: setting latency timer to 64
[    2.164384] pci 0000:00:18.4: setting latency timer to 64
[    2.166268] pci 0000:00:18.5: setting latency timer to 64
[    2.168964] pci 0000:00:18.6: setting latency timer to 64
[    2.170767] pci 0000:00:18.7: setting latency timer to 64
[    2.172567] pci_bus 0000:00: resource 4 [mem 0x000a0000-0x000bffff]
[    2.174730] pci_bus 0000:00: resource 5 [mem 0x000cc000-0x000cffff]
[    2.176944] pci_bus 0000:00: resource 6 [mem 0x000d0000-0x000d3fff]
[    2.178834] pci_bus 0000:00: resource 7 [mem 0x000d4000-0x000d7fff]
[    2.185110] pci_bus 0000:00: resource 8 [mem 0x000d8000-0x000dbfff]
[    2.187175] pci_bus 0000:00: resource 9 [mem 0xc0000000-0xfebfffff]
[    2.189580] pci_bus 0000:00: resource 10 [io  0x0000-0x0cf7]
[    2.191383] pci_bus 0000:00: resource 11 [io  0x0d00-0xfeff]
[    2.193290] pci_bus 0000:02: resource 0 [io  0x2000-0x3fff]
[    2.195443] pci_bus 0000:02: resource 1 [mem 0xc9000000-0xca3fffff]
[    2.197567] pci_bus 0000:02: resource 2 [mem 0xd8400000-0xd89fffff 64bit pref]
[    2.200096] pci_bus 0000:02: resource 4 [mem 0x000a0000-0x000bffff]
[    2.202109] pci_bus 0000:02: resource 5 [mem 0x000cc000-0x000cffff]
[    2.204439] pci_bus 0000:02: resource 6 [mem 0x000d0000-0x000d3fff]
[    2.206581] pci_bus 0000:02: resource 7 [mem 0x000d4000-0x000d7fff]
[    2.208804] pci_bus 0000:02: resource 8 [mem 0x000d8000-0x000dbfff]
[    2.215247] pci_bus 0000:02: resource 9 [mem 0xc0000000-0xfebfffff]
[    2.217461] pci_bus 0000:02: resource 10 [io  0x0000-0x0cf7]
[    2.219470] pci_bus 0000:02: resource 11 [io  0x0d00-0xfeff]
[    2.221630] pci_bus 0000:03: resource 0 [io  0x4000-0x4fff]
[    2.223619] pci_bus 0000:03: resource 1 [mem 0xca400000-0xca4fffff]
[    2.225891] pci_bus 0000:03: resource 2 [mem 0xd8a00000-0xd8afffff 64bit pref]
[    2.228637] pci_bus 0000:04: resource 0 [io  0x8000-0x8fff]
[    2.230442] pci_bus 0000:04: resource 1 [mem 0xca800000-0xca8fffff]
[    2.232352] pci_bus 0000:04: resource 2 [mem 0xd8e00000-0xd8efffff 64bit pref]
[    2.238596] pci_bus 0000:05: resource 0 [io  0xc000-0xcfff]
[    2.240034] pci_bus 0000:05: resource 1 [mem 0xcac00000-0xcacfffff]
[    2.241487] pci_bus 0000:05: resource 2 [mem 0xd9200000-0xd92fffff 64bit pref]
[    2.243068] pci_bus 0000:06: resource 1 [mem 0xcb000000-0xcb0fffff]
[    2.246086] pci_bus 0000:06: resource 2 [mem 0xd9600000-0xd96fffff 64bit pref]
[    2.248964] pci_bus 0000:07: resource 1 [mem 0xcb400000-0xcb4fffff]
[    2.251306] pci_bus 0000:07: resource 2 [mem 0xd9a00000-0xd9afffff 64bit pref]
[    2.254054] pci_bus 0000:08: resource 1 [mem 0xcb800000-0xcb8fffff]
[    2.256415] pci_bus 0000:08: resource 2 [mem 0xd9e00000-0xd9efffff 64bit pref]
[    2.258854] pci_bus 0000:09: resource 1 [mem 0xcbc00000-0xcbcfffff]
[    2.260979] pci_bus 0000:09: resource 2 [mem 0xda200000-0xda2fffff 64bit pref]
[    2.263573] pci_bus 0000:0a: resource 1 [mem 0xcc000000-0xcc0fffff]
[    2.265838] pci_bus 0000:0a: resource 2 [mem 0xda600000-0xda6fffff 64bit pref]
[    2.268232] pci_bus 0000:0b: resource 0 [io  0x5000-0x5fff]
[    2.270345] pci_bus 0000:0b: resource 1 [mem 0xca500000-0xca5fffff]
[    2.272363] pci_bus 0000:0b: resource 2 [mem 0xd8b00000-0xd8bfffff 64bit pref]
[    2.275049] pci_bus 0000:0c: resource 0 [io  0x9000-0x9fff]
[    2.281759] pci_bus 0000:0c: resource 1 [mem 0xca900000-0xca9fffff]
[    2.283539] pci_bus 0000:0c: resource 2 [mem 0xd8f00000-0xd8ffffff 64bit pref]
[    2.286326] pci_bus 0000:0d: resource 0 [io  0xd000-0xdfff]
[    2.289266] pci_bus 0000:0d: resource 1 [mem 0xcad00000-0xcadfffff]
[    2.291602] pci_bus 0000:0d: resource 2 [mem 0xd9300000-0xd93fffff 64bit pref]
[    2.296921] pci_bus 0000:0e: resource 1 [mem 0xcb100000-0xcb1fffff]
[    2.298662] pci_bus 0000:0e: resource 2 [mem 0xd9700000-0xd97fffff 64bit pref]
[    2.300593] pci_bus 0000:0f: resource 1 [mem 0xcb500000-0xcb5fffff]
[    2.302677] pci_bus 0000:0f: resource 2 [mem 0xd9b00000-0xd9bfffff 64bit pref]
[    2.304751] pci_bus 0000:10: resource 1 [mem 0xcb900000-0xcb9fffff]
[    2.309278] pci_bus 0000:10: resource 2 [mem 0xd9f00000-0xd9ffffff 64bit pref]
[    2.311956] pci_bus 0000:11: resource 1 [mem 0xcbd00000-0xcbdfffff]
[    2.314188] pci_bus 0000:11: resource 2 [mem 0xda300000-0xda3fffff 64bit pref]
[    2.316780] pci_bus 0000:12: resource 1 [mem 0xcc100000-0xcc1fffff]
[    2.319793] pci_bus 0000:12: resource 2 [mem 0xda700000-0xda7fffff 64bit pref]
[    2.322248] pci_bus 0000:13: resource 0 [io  0x6000-0x6fff]
[    2.324153] pci_bus 0000:13: resource 1 [mem 0xca600000-0xca6fffff]
[    2.326275] pci_bus 0000:13: resource 2 [mem 0xd8c00000-0xd8cfffff 64bit pref]
[    2.328795] pci_bus 0000:14: resource 0 [io  0xa000-0xafff]
[    2.330752] pci_bus 0000:14: resource 1 [mem 0xcaa00000-0xcaafffff]
[    2.333035] pci_bus 0000:14: resource 2 [mem 0xd9000000-0xd90fffff 64bit pref]
[    2.338900] pci_bus 0000:15: resource 0 [io  0xe000-0xefff]
[    2.340676] pci_bus 0000:15: resource 1 [mem 0xcae00000-0xcaefffff]
[    2.343230] pci_bus 0000:15: resource 2 [mem 0xd9400000-0xd94fffff 64bit pref]
[    2.346155] pci_bus 0000:16: resource 1 [mem 0xcb200000-0xcb2fffff]
[    2.348240] pci_bus 0000:16: resource 2 [mem 0xd9800000-0xd98fffff 64bit pref]
[    2.350728] pci_bus 0000:17: resource 1 [mem 0xcb600000-0xcb6fffff]
[    2.352998] pci_bus 0000:17: resource 2 [mem 0xd9c00000-0xd9cfffff 64bit pref]
[    2.355852] pci_bus 0000:18: resource 1 [mem 0xcba00000-0xcbafffff]
[    2.358141] pci_bus 0000:18: resource 2 [mem 0xda000000-0xda0fffff 64bit pref]
[    2.360537] pci_bus 0000:19: resource 1 [mem 0xcbe00000-0xcbefffff]
[    2.362741] pci_bus 0000:19: resource 2 [mem 0xda400000-0xda4fffff 64bit pref]
[    2.365637] pci_bus 0000:1a: resource 1 [mem 0xcc200000-0xcc2fffff]
[    2.372535] pci_bus 0000:1a: resource 2 [mem 0xda800000-0xda8fffff 64bit pref]
[    2.375897] pci_bus 0000:1b: resource 0 [io  0x7000-0x7fff]
[    2.378199] pci_bus 0000:1b: resource 1 [mem 0xca700000-0xca7fffff]
[    2.380222] pci_bus 0000:1b: resource 2 [mem 0xd8d00000-0xd8dfffff 64bit pref]
[    2.382866] pci_bus 0000:1c: resource 0 [io  0xb000-0xbfff]
[    2.385246] pci_bus 0000:1c: resource 1 [mem 0xcab00000-0xcabfffff]
[    2.388131] pci_bus 0000:1c: resource 2 [mem 0xd9100000-0xd91fffff 64bit pref]
[    2.390852] pci_bus 0000:1d: resource 1 [mem 0xcaf00000-0xcaffffff]
[    2.393035] pci_bus 0000:1d: resource 2 [mem 0xd9500000-0xd95fffff 64bit pref]
[    2.395688] pci_bus 0000:1e: resource 1 [mem 0xcb300000-0xcb3fffff]
[    2.402804] pci_bus 0000:1e: resource 2 [mem 0xd9900000-0xd99fffff 64bit pref]
[    2.405923] pci_bus 0000:1f: resource 1 [mem 0xcb700000-0xcb7fffff]
[    2.408106] pci_bus 0000:1f: resource 2 [mem 0xd9d00000-0xd9dfffff 64bit pref]
[    2.410517] pci_bus 0000:20: resource 1 [mem 0xcbb00000-0xcbbfffff]
[    2.412643] pci_bus 0000:20: resource 2 [mem 0xda100000-0xda1fffff 64bit pref]
[    2.415881] pci_bus 0000:21: resource 1 [mem 0xcbf00000-0xcbffffff]
[    2.418493] pci_bus 0000:21: resource 2 [mem 0xda500000-0xda5fffff 64bit pref]
[    2.420864] pci_bus 0000:22: resource 1 [mem 0xcc300000-0xcc3fffff]
[    2.423084] pci_bus 0000:22: resource 2 [mem 0xda900000-0xda9fffff 64bit pref]
[    2.425753] NET: Registered protocol family 2
[    2.427394] IP route cache hash table entries: 32768 (order: 6, 262144 bytes)
[    2.435739] TCP established hash table entries: 131072 (order: 9, 2097152 bytes)
[    2.440088] TCP bind hash table entries: 65536 (order: 8, 1048576 bytes)
[    2.443083] TCP: Hash tables configured (established 131072 bind 65536)
[    2.445526] TCP reno registered
[    2.446510] UDP hash table entries: 512 (order: 2, 16384 bytes)
[    2.448365] UDP-Lite hash table entries: 512 (order: 2, 16384 bytes)
[    2.450812] NET: Registered protocol family 1
[    2.452066] pci 0000:00:00.0: Limiting direct PCI/PCI transfers
[    2.453812] pci 0000:00:0f.0: Boot video device
[    2.455840] PCI: CLS mismatch (32 != 64), using 64 bytes
[    2.457526] Unpacking initramfs...
[    2.649056] Freeing initrd memory: 8768k freed
[    2.654908] Simple Boot Flag at 0x36 set to 0x80
[    2.657396] audit: initializing netlink socket (disabled)
[    2.658826] type=2000 audit(1332696921.405:1): initialized
[    2.683296] HugeTLB registered 2 MB page size, pre-allocated 0 pages
[    2.691762] VFS: Disk quotas dquot_6.5.2
[    2.693030] Dquot-cache hash table entries: 512 (order 0, 4096 bytes)
[    2.696203] msgmni has been set to 1979
[    2.698550] Block layer SCSI generic (bsg) driver version 0.4 loaded (major 253)
[    2.700512] io scheduler noop registered
[    2.701434] io scheduler deadline registered
[    2.702538] io scheduler cfq registered (default)
[    2.704199] pcieport 0000:00:15.0: setting latency timer to 64
[    2.706006] pcieport 0000:00:15.0: irq 40 for MSI/MSI-X
[    2.707747] pcieport 0000:00:15.1: setting latency timer to 64
[    2.709901] pcieport 0000:00:15.1: irq 41 for MSI/MSI-X
[    2.711687] pcieport 0000:00:15.2: setting latency timer to 64
[    2.713495] pcieport 0000:00:15.2: irq 42 for MSI/MSI-X
[    2.715378] pcieport 0000:00:15.3: setting latency timer to 64
[    2.717378] pcieport 0000:00:15.3: irq 43 for MSI/MSI-X
[    2.719024] pcieport 0000:00:15.4: setting latency timer to 64
[    2.720789] pcieport 0000:00:15.4: irq 44 for MSI/MSI-X
[    2.722498] pcieport 0000:00:15.5: setting latency timer to 64
[    2.724325] pcieport 0000:00:15.5: irq 45 for MSI/MSI-X
[    2.725980] pcieport 0000:00:15.6: setting latency timer to 64
[    2.728043] pcieport 0000:00:15.6: irq 46 for MSI/MSI-X
[    2.730005] pcieport 0000:00:15.7: setting latency timer to 64
[    2.731894] pcieport 0000:00:15.7: irq 47 for MSI/MSI-X
[    2.733737] pcieport 0000:00:16.0: setting latency timer to 64
[    2.735657] pcieport 0000:00:16.0: irq 48 for MSI/MSI-X
[    2.737575] pcieport 0000:00:16.1: setting latency timer to 64
[    2.739549] pcieport 0000:00:16.1: irq 49 for MSI/MSI-X
[    2.741865] pcieport 0000:00:16.2: setting latency timer to 64
[    2.743692] pcieport 0000:00:16.2: irq 50 for MSI/MSI-X
[    2.745739] pcieport 0000:00:16.3: setting latency timer to 64
[    2.747638] pcieport 0000:00:16.3: irq 51 for MSI/MSI-X
[    2.749570] pcieport 0000:00:16.4: setting latency timer to 64
[    2.751558] pcieport 0000:00:16.4: irq 52 for MSI/MSI-X
[    2.753251] pcieport 0000:00:16.5: setting latency timer to 64
[    2.755236] pcieport 0000:00:16.5: irq 53 for MSI/MSI-X
[    2.757260] pcieport 0000:00:16.6: setting latency timer to 64
[    2.759164] pcieport 0000:00:16.6: irq 54 for MSI/MSI-X
[    2.761056] pcieport 0000:00:16.7: setting latency timer to 64
[    2.763022] pcieport 0000:00:16.7: irq 55 for MSI/MSI-X
[    2.764886] pcieport 0000:00:17.0: setting latency timer to 64
[    2.766834] pcieport 0000:00:17.0: irq 56 for MSI/MSI-X
[    2.768702] pcieport 0000:00:17.1: setting latency timer to 64
[    2.770668] pcieport 0000:00:17.1: irq 57 for MSI/MSI-X
[    2.772589] pcieport 0000:00:17.2: setting latency timer to 64
[    2.774423] pcieport 0000:00:17.2: irq 58 for MSI/MSI-X
[    2.776121] pcieport 0000:00:17.3: setting latency timer to 64
[    2.778006] pcieport 0000:00:17.3: irq 59 for MSI/MSI-X
[    2.779687] pcieport 0000:00:17.4: setting latency timer to 64
[    2.781443] pcieport 0000:00:17.4: irq 60 for MSI/MSI-X
[    2.783380] pcieport 0000:00:17.5: setting latency timer to 64
[    2.785262] pcieport 0000:00:17.5: irq 61 for MSI/MSI-X
[    2.787175] pcieport 0000:00:17.6: setting latency timer to 64
[    2.789169] pcieport 0000:00:17.6: irq 62 for MSI/MSI-X
[    2.790952] pcieport 0000:00:17.7: setting latency timer to 64
[    2.792740] pcieport 0000:00:17.7: irq 63 for MSI/MSI-X
[    2.794607] pcieport 0000:00:18.0: setting latency timer to 64
[    2.796571] pcieport 0000:00:18.0: irq 64 for MSI/MSI-X
[    2.798270] pcieport 0000:00:18.1: setting latency timer to 64
[    2.800285] pcieport 0000:00:18.1: irq 65 for MSI/MSI-X
[    2.802028] pcieport 0000:00:18.2: setting latency timer to 64
[    2.804023] pcieport 0000:00:18.2: irq 66 for MSI/MSI-X
[    2.805799] pcieport 0000:00:18.3: setting latency timer to 64
[    2.807592] pcieport 0000:00:18.3: irq 67 for MSI/MSI-X
[    2.809650] pcieport 0000:00:18.4: setting latency timer to 64
[    2.811558] pcieport 0000:00:18.4: irq 68 for MSI/MSI-X
[    2.813319] pcieport 0000:00:18.5: setting latency timer to 64
[    2.815071] pcieport 0000:00:18.5: irq 69 for MSI/MSI-X
[    2.816815] pcieport 0000:00:18.6: setting latency timer to 64
[    2.818880] pcieport 0000:00:18.6: irq 70 for MSI/MSI-X
[    2.821231] pcieport 0000:00:18.7: setting latency timer to 64
[    2.823112] pcieport 0000:00:18.7: irq 71 for MSI/MSI-X
[    2.825036] pcieport 0000:00:15.0: Signaling PME through PCIe PME interrupt
[    2.826887] pcie_pme 0000:00:15.0:pcie01: service driver pcie_pme loaded
[    2.828730] pcieport 0000:00:15.1: Signaling PME through PCIe PME interrupt
[    2.830621] pcie_pme 0000:00:15.1:pcie01: service driver pcie_pme loaded
[    2.832470] pcieport 0000:00:15.2: Signaling PME through PCIe PME interrupt
[    2.834277] pcie_pme 0000:00:15.2:pcie01: service driver pcie_pme loaded
[    2.835984] pcieport 0000:00:15.3: Signaling PME through PCIe PME interrupt
[    2.837686] pcie_pme 0000:00:15.3:pcie01: service driver pcie_pme loaded
[    2.839489] pcieport 0000:00:15.4: Signaling PME through PCIe PME interrupt
[    2.841040] pcie_pme 0000:00:15.4:pcie01: service driver pcie_pme loaded
[    2.842631] pcieport 0000:00:15.5: Signaling PME through PCIe PME interrupt
[    2.844377] pcie_pme 0000:00:15.5:pcie01: service driver pcie_pme loaded
[    2.846162] pcieport 0000:00:15.6: Signaling PME through PCIe PME interrupt
[    2.847805] pcie_pme 0000:00:15.6:pcie01: service driver pcie_pme loaded
[    2.849456] pcieport 0000:00:15.7: Signaling PME through PCIe PME interrupt
[    2.851008] pcie_pme 0000:00:15.7:pcie01: service driver pcie_pme loaded
[    2.852852] pcieport 0000:00:16.0: Signaling PME through PCIe PME interrupt
[    2.854460] pcie_pme 0000:00:16.0:pcie01: service driver pcie_pme loaded
[    2.856070] pcieport 0000:00:16.1: Signaling PME through PCIe PME interrupt
[    2.857624] pcie_pme 0000:00:16.1:pcie01: service driver pcie_pme loaded
[    2.859483] pcieport 0000:00:16.2: Signaling PME through PCIe PME interrupt
[    2.861150] pcie_pme 0000:00:16.2:pcie01: service driver pcie_pme loaded
[    2.862897] pcieport 0000:00:16.3: Signaling PME through PCIe PME interrupt
[    2.864727] pcie_pme 0000:00:16.3:pcie01: service driver pcie_pme loaded
[    2.866435] pcieport 0000:00:16.4: Signaling PME through PCIe PME interrupt
[    2.868036] pcie_pme 0000:00:16.4:pcie01: service driver pcie_pme loaded
[    2.869964] pcieport 0000:00:16.5: Signaling PME through PCIe PME interrupt
[    2.871692] pcie_pme 0000:00:16.5:pcie01: service driver pcie_pme loaded
[    2.873409] pcieport 0000:00:16.6: Signaling PME through PCIe PME interrupt
[    2.875029] pcie_pme 0000:00:16.6:pcie01: service driver pcie_pme loaded
[    2.876662] pcieport 0000:00:16.7: Signaling PME through PCIe PME interrupt
[    2.878340] pcie_pme 0000:00:16.7:pcie01: service driver pcie_pme loaded
[    2.879937] pcieport 0000:00:17.0: Signaling PME through PCIe PME interrupt
[    2.881540] pcie_pme 0000:00:17.0:pcie01: service driver pcie_pme loaded
[    2.883192] pcieport 0000:00:17.1: Signaling PME through PCIe PME interrupt
[    2.884949] pcie_pme 0000:00:17.1:pcie01: service driver pcie_pme loaded
[    2.886790] pcieport 0000:00:17.2: Signaling PME through PCIe PME interrupt
[    2.888364] pcie_pme 0000:00:17.2:pcie01: service driver pcie_pme loaded
[    2.889973] pcieport 0000:00:17.3: Signaling PME through PCIe PME interrupt
[    2.891530] pcie_pme 0000:00:17.3:pcie01: service driver pcie_pme loaded
[    2.893323] pcieport 0000:00:17.4: Signaling PME through PCIe PME interrupt
[    2.894886] pcie_pme 0000:00:17.4:pcie01: service driver pcie_pme loaded
[    2.896518] pcieport 0000:00:17.5: Signaling PME through PCIe PME interrupt
[    2.898111] pcie_pme 0000:00:17.5:pcie01: service driver pcie_pme loaded
[    2.899751] pcieport 0000:00:17.6: Signaling PME through PCIe PME interrupt
[    2.901820] pcie_pme 0000:00:17.6:pcie01: service driver pcie_pme loaded
[    2.903433] pcieport 0000:00:17.7: Signaling PME through PCIe PME interrupt
[    2.905018] pcie_pme 0000:00:17.7:pcie01: service driver pcie_pme loaded
[    2.906650] pcieport 0000:00:18.0: Signaling PME through PCIe PME interrupt
[    2.908248] pcie_pme 0000:00:18.0:pcie01: service driver pcie_pme loaded
[    2.910083] pcieport 0000:00:18.1: Signaling PME through PCIe PME interrupt
[    2.911801] pcie_pme 0000:00:18.1:pcie01: service driver pcie_pme loaded
[    2.913549] pcieport 0000:00:18.2: Signaling PME through PCIe PME interrupt
[    2.915123] pcie_pme 0000:00:18.2:pcie01: service driver pcie_pme loaded
[    2.917119] pcieport 0000:00:18.3: Signaling PME through PCIe PME interrupt
[    2.918980] pcie_pme 0000:00:18.3:pcie01: service driver pcie_pme loaded
[    2.920629] pcieport 0000:00:18.4: Signaling PME through PCIe PME interrupt
[    2.922199] pcie_pme 0000:00:18.4:pcie01: service driver pcie_pme loaded
[    2.923833] pcieport 0000:00:18.5: Signaling PME through PCIe PME interrupt
[    2.925400] pcie_pme 0000:00:18.5:pcie01: service driver pcie_pme loaded
[    2.927111] pcieport 0000:00:18.6: Signaling PME through PCIe PME interrupt
[    2.929237] pcie_pme 0000:00:18.6:pcie01: service driver pcie_pme loaded
[    2.930968] pcieport 0000:00:18.7: Signaling PME through PCIe PME interrupt
[    2.933090] pcie_pme 0000:00:18.7:pcie01: service driver pcie_pme loaded
[    2.934734] vesafb: mode is 1024x768x16, linelength=2048, pages=0
[    2.936112] vesafb: scrolling: redraw
[    2.937001] vesafb: Truecolor: size=0:5:6:5, shift=0:11:5:0
[    2.938905] vesafb: framebuffer at 0xd0000000, mapped to 0xffffc90010600000, using 3072k, total 131072k
[    2.941627] bootsplash 3.2.0-2010/03/31: looking for picture...
[    2.941632] bootsplash: silentjpeg size 89863 bytes
[    2.951907] bootsplash: ...found (1024x768, 36220 bytes, v3).
[    2.978413] Console: switching to colour frame buffer device 124x44
[    3.000197] fb0: VESA VGA frame buffer device
[    3.001303] ERST: Table is not found!
[    3.002311] GHES: HEST is not enabled!
[    3.003630] Serial: 8250/16550 driver, 8 ports, IRQ sharing disabled
[    3.035597] serial8250: ttyS0 at I/O 0x3f8 (irq = 4) is a 16550A
[    3.076423] serial8250: ttyS1 at I/O 0x2f8 (irq = 3) is a 16550A
[    3.217098] 00:0a: ttyS0 at I/O 0x3f8 (irq = 4) is a 16550A
[    3.261224] 00:0b: ttyS1 at I/O 0x2f8 (irq = 3) is a 16550A
[    3.272471] Non-volatile memory driver v1.3
[    3.273894] Linux agpgart interface v0.103
[    3.275481] agpgart-intel 0000:00:00.0: Intel 440BX Chipset
[    3.279292] agpgart-intel 0000:00:00.0: AGP aperture is 256M @ 0x0
[    3.281456] ata_piix 0000:00:07.1: version 2.13
[    3.283734] scsi0 : ata_piix
[    3.285023] scsi1 : ata_piix
[    3.286020] ata1: PATA max UDMA/33 cmd 0x1f0 ctl 0x3f6 bmdma 0x10c0 irq 14
[    3.288062] ata2: PATA max UDMA/33 cmd 0x170 ctl 0x376 bmdma 0x10c8 irq 15
[    3.290178] Fixed MDIO Bus: probed
[    3.291249] ehci_hcd: USB 2.0 'Enhanced' Host Controller (EHCI) Driver
[    3.293890] ehci_hcd 0000:02:03.0: PCI INT A -> GSI 17 (level, low) -> IRQ 17
[    3.296077] ehci_hcd 0000:02:03.0: EHCI Host Controller
[    3.297639] ehci_hcd 0000:02:03.0: new USB bus registered, assigned bus number 1
[    3.300174] ehci_hcd 0000:02:03.0: cache line size of 64 is not supported
[    3.302041] ehci_hcd 0000:02:03.0: irq 17, io mem 0xc9010000
[    3.309815] ehci_hcd 0000:02:03.0: USB 2.0 started, EHCI 1.00
[    3.311404] usb usb1: New USB device found, idVendor=1d6b, idProduct=0002
[    3.313154] usb usb1: New USB device strings: Mfr=3, Product=2, SerialNumber=1
[    3.315023] usb usb1: Product: EHCI Host Controller
[    3.316414] usb usb1: Manufacturer: Linux 3.1.0-1.2-desktop ehci_hcd
[    3.317877] usb usb1: SerialNumber: 0000:02:03.0
[    3.319323] hub 1-0:1.0: USB hub found
[    3.320377] hub 1-0:1.0: 6 ports detected
[    3.321859] ohci_hcd: USB 1.1 'Open' Host Controller (OHCI) Driver
[    3.323402] uhci_hcd: USB Universal Host Controller Interface driver
[    3.324947] uhci_hcd 0000:02:00.0: PCI INT A -> GSI 18 (level, low) -> IRQ 18
[    3.326612] uhci_hcd 0000:02:00.0: UHCI Host Controller
[    3.327843] uhci_hcd 0000:02:00.0: new USB bus registered, assigned bus number 2
[    3.329811] uhci_hcd 0000:02:00.0: irq 18, io base 0x00002080
[    3.331305] usb usb2: New USB device found, idVendor=1d6b, idProduct=0001
[    3.333024] usb usb2: New USB device strings: Mfr=3, Product=2, SerialNumber=1
[    3.334887] usb usb2: Product: UHCI Host Controller
[    3.336178] usb usb2: Manufacturer: Linux 3.1.0-1.2-desktop uhci_hcd
[    3.337808] usb usb2: SerialNumber: 0000:02:00.0
[    3.339429] hub 2-0:1.0: USB hub found
[    3.340467] hub 2-0:1.0: 2 ports detected
[    3.342066] Initializing USB Mass Storage driver...
[    3.343496] usbcore: registered new interface driver usb-storage
[    3.345082] USB Mass Storage support registered.
[    3.346335] usbcore: registered new interface driver ums-alauda
[    3.348121] usbcore: registered new interface driver ums-cypress
[    3.349530] usbcore: registered new interface driver ums-datafab
[    3.350949] usbcore: registered new interface driver ums-freecom
[    3.352599] usbcore: registered new interface driver ums-isd200
[    3.354065] usbcore: registered new interface driver ums-jumpshot
[    3.355528] usbcore: registered new interface driver ums-karma
[    3.357016] usbcore: registered new interface driver ums-onetouch
[    3.358584] usbcore: registered new interface driver ums-sddr09
[    3.359961] usbcore: registered new interface driver ums-sddr55
[    3.361485] usbcore: registered new interface driver ums-usbat
[    3.362897] i8042: PNP: PS/2 Controller [PNP0303:KBC,PNP0f13:MOUS] at 0x60,0x64 irq 1,12
[    3.488670] ata1.00: ATAPI: VMware Virtual IDE CDROM Drive, 00000001, max UDMA/33
[    3.490957] ata2.00: ATAPI: VMware Virtual IDE CDROM Drive, 00000001, max UDMA/33
[    3.496661] ata1.00: configured for UDMA/33
[    3.497955] ata2.00: configured for UDMA/33
[    3.883806] Refined TSC clocksource calibration: 2499.999 MHz.
[    3.885053] serio: i8042 KBD port at 0x60,0x64 irq 1
[    3.885239] serio: i8042 AUX port at 0x60,0x64 irq 12
[    3.885584] mousedev: PS/2 mouse device common for all mice
[    3.890097] Switching to clocksource tsc
[    3.890228] scsi 0:0:0:0: CD-ROM            NECVMWar VMware IDE CDR00 1.00 PQ: 0 ANSI: 5
[    3.895630] scsi 1:0:0:0: CD-ROM            NECVMWar VMware IDE CDR10 1.00 PQ: 0 ANSI: 5
[    3.898627] input: AT Translated Set 2 keyboard as /devices/platform/i8042/serio0/input/input0
[    3.913515] rtc_cmos 00:04: rtc core: registered rtc_cmos as rtc0
[    3.915453] rtc0: alarms up to one month, y3k, 114 bytes nvram, hpet irqs
[    3.917176] cpuidle: using governor ladder
[    3.918299] cpuidle: using governor menu
[    3.919379] EFI Variables Facility v0.08 2004-May-17
[    3.921116] usbcore: registered new interface driver usbhid
[    3.922629] usbhid: USB HID core driver
[    3.924238] TCP cubic registered
[    3.925427] NET: Registered protocol family 10
[    3.927713] lib80211: common routines for IEEE802.11 drivers
[    3.929249] lib80211_crypt: registered algorithm 'NULL'
[    3.930765] Registering the dns_resolver key type
[    3.932126] libceph: loaded (mon/osd proto 15/24, osdmap 5/6 5/6)
[    3.933993] PM: Checking hibernation image partition /dev/sda1
[    4.085772] usb 2-1: new full speed USB device number 2 using uhci_hcd
[    4.110628] input: ImPS/2 Generic Wheel Mouse as /devices/platform/i8042/serio1/input/input1
[    4.113489] PM: Hibernation image not present or could not be loaded.
[    4.115670] registered taskstats version 1
[    4.134193]   Magic number: 4:692:593
[    4.135446] pcie_pme 0000:00:17.1:pcie01: hash matches
[    4.137176] pci_bus 0000:10: hash matches
[    4.138749] rtc_cmos 00:04: setting system clock to 2012-03-25 17:35:23 UTC (1332696923)
[    4.143898] Freeing unused kernel memory: 940k freed
[    4.145568] Write protecting the kernel read-only data: 12288k
[    4.148571] Freeing unused kernel memory: 336k freed
[    4.156218] Freeing unused kernel memory: 2020k freed
doing fast boot
[    4.218718] usb 2-1: New USB device found, idVendor=0e0f, idProduct=0003
[    4.220402] usb 2-1: New USB device strings: Mfr=1, Product=2, SerialNumber=0
[    4.222355] usb 2-1: Product: VMware Virtual USB Mouse
[    4.223785] usb 2-1: Manufacturer: VMware
[    4.236383] input: VMware VMware Virtual USB Mouse as /devices/pci0000:00/0000:00:11.0/0000:02:00.0/usb2/2-1/2-1:1.0/input/input2
[    4.239752] generic-usb 0003:0E0F:0003.0001: input,hidraw0: USB HID v1.10 Mouse [VMware VMware Virtual USB Mouse] on usb-0000:02:00.0-1/input0
[    4.250351] input: VMware VMware Virtual USB Mouse as /devices/pci0000:00/0000:00:11.0/0000:02:00.0/usb2/2-1/2-1:1.1/input/input3
[    4.253866] generic-usb 0003:0E0F:0003.0002: input,hidraw1: USB HID v1.10 Mouse [VMware VMware Virtual USB Mouse] on usb-0000:02:00.0-1/input1
[    4.308951] Fusion MPT base driver 3.04.19
[    4.310042] Copyright (c) 1999-2008 LSI Corporation
[    4.312972] Fusion MPT SPI Host driver 3.04.19
[    4.314236] mptspi 0000:00:10.0: PCI INT A -> GSI 17 (level, low) -> IRQ 17
[    4.316661] mptbase: ioc0: Initiating bringup
[    4.336614] ioc0: LSI53C1030 B0: Capabilities={Initiator}
[    4.358397] usb 2-2: new full speed USB device number 3 using uhci_hcd
[    4.379378] scsi2 : ioc0: LSI53C1030 B0, FwRev=01032920h, Ports=1, MaxQ=128, IRQ=17
[    4.409621] scsi 2:0:0:0: Direct-Access     VMware,  VMware Virtual S 1.0  PQ: 0 ANSI: 2
[    4.411889] scsi target2:0:0: Beginning Domain Validation
[    4.414184] scsi target2:0:0: Domain Validation skipping write tests
[    4.415638] scsi target2:0:0: Ending Domain Validation
[    4.417075] scsi target2:0:0: FAST-40 WIDE SCSI 80.0 MB/s ST (25 ns, offset 127)
[    4.419309] sd 2:0:0:0: [sda] 41943040 512-byte logical blocks: (21.4 GB/20.0 GiB)
[    4.421412] sd 2:0:0:0: [sda] Write Protect is off
[    4.422557] sd 2:0:0:0: [sda] Mode Sense: 61 00 00 00
[    4.423832] sd 2:0:0:0: [sda] Cache data unavailable
[    4.425069] sd 2:0:0:0: [sda] Assuming drive cache: write through
[    4.429132] sd 2:0:0:0: [sda] Cache data unavailable
[    4.430448] sd 2:0:0:0: [sda] Assuming drive cache: write through
[    4.432519]  sda: sda1 sda2
[    4.434374] sd 2:0:0:0: [sda] Cache data unavailable
[    4.435770] sd 2:0:0:0: [sda] Assuming drive cache: write through
[    4.437592] sd 2:0:0:0: [sda] Attached SCSI disk
preping 03-rtc.sh
preping 03-storage.sh
running 03-storage.sh
preping 04-udev.sh
running 04-udev.sh
Creating device nodes with udev
[    4.472943] udevd[100]: starting version 173
[    4.485742] usb 2-2: New USB device found, idVendor=0e0f, idProduct=0002
[    4.487357] usb 2-2: New USB device strings: Mfr=0, Product=1, SerialNumber=0
[    4.489304] usb 2-2: Product: VMware Virtual USB Hub
[    4.502927] hub 2-2:1.0: USB hub found
[    4.506264] hub 2-2:1.0: 7 ports detected
[    4.583657] ACPI: acpi_idle registered with cpuidle
udevd[212]: failed to execute '/etc/sysconfig/network/scripts/ifup-sysctl' '/etc/sysconfig/network/scripts/ifup-sysctl lo -o hotplug': No such file or directory

preping 05-clock.sh
running 05-clock.sh
preping 06-blogd.sh
running 06-blogd.sh
preping 11-block.sh
running 11-block.sh
preping 11-usb.sh
running 11-usb.sh
preping 21-devinit_done.sh
running 21-devinit_done.sh
preping 81-resume.userspace.sh
running 81-resume.userspace.sh
Trying manual resume from /dev/sda1
Invoking userspace resume from /dev/sda1
resume: libgcrypt version: 1.5.0
preping 82-resume.kernel.sh
running 82-resume.kernel.sh
Trying manual resume from /dev/sda1
Invoking in-kern[    5.223364] PM: Starting manual resume from disk
el resume from /[    5.224766] PM: Hibernation image partition 8:1 present
dev/sda1
[    5.226327] PM: Looking for hibernation image.
[    5.228045] PM: Image not found (code -22)
[    5.229246] PM: Hibernation image not present or could not be loaded.
preping 83-mount.sh
running 83-mount.sh
Waiting for device /dev/sda2 to appear:  ok
fsck from util-linux 2.20.1
[/sbin/fsck.ext4 (1) -- /] fsck.ext4 -a /dev/sda2 
/dev/sda2: clean, 255418/1240320 files, 1554842/4957696 blocks
fsck succeeded. Mounting root device read-write.
Mounting root /dev/sda2
mount -o rw,acl,user_xattr -t ext4 /dev/sda2 /root
[    5.335642] EXT4-fs (sda2): mounted filesystem with ordered data mode. Opts: acl,user_xattr
preping 84-remount.sh
running 84-remount.sh
[    5.439902] EXT4-fs (sda2): re-mounted. Opts: acl,user_xattr
preping 91-createfb.sh
running 91-createfb.sh
preping 91-killblogd.sh
running 91-killblogd.sh
preping 91-killudev.sh
running 91-killudev.sh
preping 91-mtab.sh
running 91-mtab.sh
preping 91-shell.sh
running 91-shell.sh
preping 92-killblogd2.sh
running 92-killblogd2.sh
preping 93-boot.sh
running 93-boot.sh
[    6.058727] systemd[1]: systemd 37 running in system mode. (+PAM +LIBWRAP +AUDIT +SELINUX +SYSVINIT +LIBCRYPTSETUP; suse)
[    6.426811] systemd[1]: Set hostname to <linux-bhost.site>.
[    8.263561] udevd[343]: starting version 173
[    8.493012] systemd-readahead-collect[327]: Disabling readahead collector due to execution in virtualized environment.
[    8.671868] boot.lvm[370]: Waiting for udev to settle...
[    8.703768] boot.localnet[380]: Using boot-specified hostname 'linux-bhost.site'
[    8.861561] boot.localnet[380]: Setting up hostname 'linux-bhost'..done
[    8.931288] boot.localnet[380]: Setting up loopback interface RTNETLINK answers: File exists
[    8.937780] boot.localnet[380]: ..done
[    9.043373] EXT4-fs (sda2): re-mounted. Opts: acl,user_xattr
[    9.369913] input: Power Button as /devices/LNXSYSTM:00/LNXPWRBN:00/input/input4
[    9.374132] ACPI: Deprecated procfs I/F for AC is loaded, please retry with CONFIG_ACPI_PROCFS_POWER cleared
[    9.381963] ACPI: Power Button [PWRF]
[    9.383982] ACPI: AC Adapter [ACAD] (on-line)
[    9.594603] [445]: VMCI: shared components initialized.
[    9.597018] Probing for vmci/PCI.
[    9.598142] vmci 0000:00:07.7: PCI INT A -> GSI 16 (level, low) -> IRQ 16
[    9.601089] Found vmci/PCI at 0x1080, irq 16.
[    9.603845] VMCI: using capabilities 0xc.
[    9.606622] [445]: VMCI: Host capability check: PASSED.
[    9.608788] vmci 0000:00:07.7: irq 72 for MSI/MSI-X
[    9.610780] vmci 0000:00:07.7: irq 73 for MSI/MSI-X
[    9.614086] Registered vmci device.
[    9.615843] [445]: VMCI: Using guest personality
[    9.617663] [445]: VMCI: host components initialized.
[    9.619334] [445]: VMCI: Module registered (name=vmci,major=10,minor=59).
[    9.621395] [445]: VMCI: Using host personality
[    9.622826] [445]: VMCI: Module (name=vmci) is initialized
[    9.703339] piix4_smbus 0000:00:07.3: Host SMBus controller not enabled!
[    9.708718] pci_hotplug: PCI Hot Plug PCI Core version: 0.5
[    9.726634] e1000: Intel(R) PRO/1000 Network Driver - version 7.3.21-k8-NAPI
[    9.737286] e1000: Copyright (c) 1999-2006 Intel Corporation.
[    9.743100] parport_pc 00:09: reported by Plug and Play ACPI
[    9.744717] parport0: PC-style at 0x378
[    9.747528] e1000 0000:02:01.0: PCI INT A -> GSI 19 (level, low) -> IRQ 19
[    9.749443] e1000 0000:02:01.0: setting latency timer to 64
[    9.750840] , irq 7 [PCSPP,TRISTATE]
[    9.768741] Fusion MPT misc device (ioctl) driver 3.04.19
[    9.771531] mptctl: Registered with Fusion MPT base driver
[    9.774524] mptctl: /dev/mptctl @ (major,minor=10,220)
[    9.794521] Floppy drive(s): fd0 is 1.44M
[    9.807901] input: PC Speaker as /devices/platform/pcspkr/input/input5
[    9.813469] FDC 0 is a post-1991 82077
[    9.843630] sr 0:0:0:0: Attached scsi generic sg0 type 5
[    9.845347] scsi 1:0:0:0: Attached scsi generic sg1 type 5
[    9.846847] sd 2:0:0:0: Attached scsi generic sg2 type 0
[    9.863623] sr0: scsi3-mmc drive: 1x/1x writer dvd-ram cd/rw xa/form2 cdda tray
[    9.873924] cdrom: Uniform CD-ROM driver Revision: 3.20
[    9.888875] sr 0:0:0:0: Attached scsi CD-ROM sr0
[    9.916392] sr1: scsi3-mmc drive: 1x/1x writer dvd-ram cd/rw xa/form2 cdda tray
[    9.919029] sr 1:0:0:0: Attached scsi CD-ROM sr1
[    9.940537] ppdev: user-space parallel port driver
[   10.001538] shpchp: Standard Hot Plug PCI Controller Driver version: 0.4
[   10.272564] e1000 0000:02:01.0: eth0: (PCI:66MHz:32-bit) 00:0c:29:7f:e4:72
[   10.274568] e1000 0000:02:01.0: eth0: Intel(R) PRO/1000 Network Connection
[   10.355505] snd_ens1371 0000:02:02.0: PCI INT A -> GSI 16 (level, low) -> IRQ 16
[   10.489165] ifup[618]: Service network not started and mode 'auto' -> skipping
[   10.509039] Adding 1139708k swap on /dev/sda1.  Priority:0 extents:1 across:1139708k 
[   10.511510] boot.lvm[370]: Scanning for LVM volume groups...
[   10.578316] boot.lvm[370]: No volume groups found
[   10.633171] device-mapper: uevent: version 1.0.3
[   10.634590] device-mapper: ioctl: 4.21.0-ioctl (2011-07-06) initialised: dm-devel@redhat.com
[   10.637783] boot.lvm[370]: No volume groups found
[   10.647498] boot.lvm[370]: Reading all physical volumes.  This may take a while...
[   10.650232] boot.lvm[370]: Activating LVM volume groups...
[   10.660412] boot.lvm[370]: No volume groups found
[   10.663161] boot.lvm[370]: ..done

Welcome to openSUSE 12.1 "Asparagus" - Kernel 3.1.0-1.2-desktop (ttyS1).


linux-bhost login: [   15.242729] e1000: eth0 NIC Link is Up 1000 Mbps Full Duplex, Flow Control: None
[   15.430845] bootsplash: status on console 0 changed to on
[   18.162217] Bridge firewalling registered
[   18.201479] device eth0 entered promiscuous mode
[   18.230493] br0: port 1(eth0) entering forwarding state
[   18.231714] br0: port 1(eth0) entering forwarding state
[   19.364232] NET: Registered protocol family 17
[   20.230687] fuse init (API version 7.17)
[   25.980624] eth0: no IPv6 routers present
[   28.377200] br0: no IPv6 routers present
