> qemu-system-aarch64 -machine virt -cpu cortex-a57 -nographic -m 1024  -kernel ~/obs/work/source/kernel/linux/arch/arm64/boot/Image -append "console=ttyAMA0 root=/dev/vda2" -initrd ~/obs/work/download/opensuse/openSUSE-Factory-ARM-JeOS-vexpress64.aarch64-1.12.1-Build218.2/initrd -drive if=none,file=~/obs/work/download/opensuse/openSUSE-Factory-ARM-JeOS-vexpress64.aarch64-1.12.1-Build218.2.raw,id=vda -device virtio-blk-device,drive=vda
Warning: default mac address being used, creating potential for address conflict
[    0.000000] Initializing cgroup subsys cpu
[    0.000000] Linux version 3.17.0-rc6+ (z00293696@linux-smd9) (gcc version 4.9.1 20140529 (prerelease) (crosstool-NG linaro-1.13.1-4.9-2014.08 - Linaro GCC 4.9-2014.08) ) #1 SMP PREEMPT Fri Sep 26 11:58:12 CST 2014
[    0.000000] CPU: AArch64 Processor [411fd070] revision 0
[    0.000000] Detected PIPT I-cache on CPU0
[    0.000000] efi: Getting EFI parameters from FDT:
[    0.000000] efi: UEFI not found.
[    0.000000] cma: Reserved 16 MiB at 7f000000
[    0.000000] PERCPU: Embedded 12 pages/cpu @ffffffc03efe3000 s17408 r8192 d23552 u49152
[    0.000000] Built 1 zonelists in Zone order, mobility grouping on.  Total pages: 258560
[    0.000000] Kernel command line: console=ttyAMA0 root=/dev/vda2
[    0.000000] PID hash table entries: 4096 (order: 3, 32768 bytes)
[    0.000000] Dentry cache hash table entries: 131072 (order: 8, 1048576 bytes)
[    0.000000] Inode-cache hash table entries: 65536 (order: 7, 524288 bytes)
[    0.000000] Memory: 959224K/1048576K available (5500K kernel code, 599K rwdata, 2180K rodata, 477K init, 235K bss, 89352K reserved)
[    0.000000] Virtual kernel memory layout:
[    0.000000]     vmalloc : 0xffffff8000000000 - 0xffffffbdffff0000   (   247 GB)
[    0.000000]     vmemmap : 0xffffffbe00000000 - 0xffffffbfc0000000   (     7 GB maximum)
[    0.000000]               0xffffffbe00e00000 - 0xffffffbe01c00000   (    14 MB actual)
[    0.000000]     PCI I/O : 0xffffffbffa000000 - 0xffffffbffb000000   (    16 MB)
[    0.000000]     fixed   : 0xffffffbffbdfe000 - 0xffffffbffbdff000   (     4 KB)
[    0.000000]     modules : 0xffffffbffc000000 - 0xffffffc000000000   (    64 MB)
[    0.000000]     memory  : 0xffffffc000000000 - 0xffffffc040000000   (  1024 MB)
[    0.000000]       .init : 0xffffffc000802000 - 0xffffffc000879400   (   477 KB)
[    0.000000]       .text : 0xffffffc000080000 - 0xffffffc000801204   (  7685 KB)
[    0.000000]       .data : 0xffffffc00087a000 - 0xffffffc00090fec0   (   600 KB)
[    0.000000] SLUB: HWalign=64, Order=0-3, MinObjects=0, CPUs=1, Nodes=1
[    0.000000] Preemptible hierarchical RCU implementation.
[    0.000000]  RCU restricting CPUs from NR_CPUS=8 to nr_cpu_ids=1.
[    0.000000] RCU: Adjusting geometry for rcu_fanout_leaf=16, nr_cpu_ids=1
[    0.000000] NR_IRQS:64 nr_irqs:64 0
[    0.000000] GIC CPU mask not found - kernel will fail to boot.
[    0.000000] GIC CPU mask not found - kernel will fail to boot.
[    0.000000] Architected cp15 timer(s) running at 62.50MHz (virt).
[    0.000216] sched_clock: 56 bits at 62MHz, resolution 16ns, wraps every 2199023255552ns
[    0.003492] Console: colour dummy device 80x25
[    0.007741] allocated 4194304 bytes of page_cgroup
[    0.007796] please try 'cgroup_disable=memory' option if you don't want memory cgroups
[    0.008039] Calibrating delay loop (skipped), value calculated using timer frequency.. 125.00 BogoMIPS (lpj=625000)
[    0.008198] pid_max: default: 32768 minimum: 301
[    0.012275] Security Framework initialized
[    0.013361] Mount-cache hash table entries: 2048 (order: 2, 16384 bytes)
[    0.013410] Mountpoint-cache hash table entries: 2048 (order: 2, 16384 bytes)
[    0.023432] Initializing cgroup subsys memory
[    0.023684] Initializing cgroup subsys hugetlb
[    0.024076] ftrace: allocating 19653 entries in 77 pages
[    0.107941] hw perfevents: no hardware support available
[    0.108226] EFI services will not be available.
[    0.181693] Brought up 1 CPUs
[    0.181745] SMP: Total of 1 processors activated.
[    0.198117] devtmpfs: initialized
[    0.241592] regulator-dummy: no parameters
[    0.252113] NET: Registered protocol family 16
[    0.257567] vdso: 2 pages (1 code @ ffffffc000881000, 1 data @ ffffffc000880000)
[    0.257848] hw-breakpoint: found 6 breakpoint and 4 watchpoint registers.
[    0.266864] software IO TLB [mem 0x7cc00000-0x7d000000] (4MB) mapped at [ffffffc03cc00000-ffffffc03cffffff]
[    0.266981] Serial: AMBA PL011 UART driver
[    0.293093] 9000000.pl011: ttyAMA0 at MMIO 0x9000000 (irq = 33, base_baud = 0) is a PL011 rev1
[    0.302873] console [ttyAMA0] enabled
[    0.378042] SCSI subsystem initialized
[    0.382110] usbcore: registered new interface driver usbfs
[    0.382794] usbcore: registered new interface driver hub
[    0.384288] usbcore: registered new device driver usb
[    0.397346] Switched to clocksource arch_sys_counter
[    0.674030] NET: Registered protocol family 2
[    0.680504] TCP established hash table entries: 8192 (order: 4, 65536 bytes)
[    0.681117] TCP bind hash table entries: 8192 (order: 5, 131072 bytes)
[    0.681720] TCP: Hash tables configured (established 8192 bind 8192)
[    0.682920] TCP: reno registered
[    0.683214] UDP hash table entries: 512 (order: 2, 16384 bytes)
[    0.683621] UDP-Lite hash table entries: 512 (order: 2, 16384 bytes)
[    0.688310] NET: Registered protocol family 1
[    0.691596] RPC: Registered named UNIX socket transport module.
[    0.691954] RPC: Registered udp transport module.
[    0.692136] RPC: Registered tcp transport module.
[    0.692319] RPC: Registered tcp NFSv4.1 backchannel transport module.
[    0.697764] Unpacking initramfs...
[    6.114519] Freeing initrd memory: 47860K (ffffffc008000000 - ffffffc00aebd000)
[    6.116388] kvm [1]: HYP mode not available
[    6.124194] futex hash table entries: 256 (order: 2, 16384 bytes)
[    6.125190] audit: initializing netlink subsys (disabled)
[    6.127330] audit: type=2000 audit(6.090:1): initialized
[    6.131772] HugeTLB registered 2 MB page size, pre-allocated 0 pages
[    6.216514] NFS: Registering the id_resolver key type
[    6.217463] Key type id_resolver registered
[    6.217731] Key type id_legacy registered
[    6.218038] nfs4filelayout_init: NFSv4 File Layout Driver Registering...
[    6.218715] fuse init (API version 7.23)
[    6.222999] 9p: Installing v9fs 9p2000 file system support
[    6.224210] msgmni has been set to 1998
[    6.230900] io scheduler noop registered
[    6.232121] io scheduler cfq registered (default)
[    6.272549] Serial: 8250/16550 driver, 4 ports, IRQ sharing disabled
[    6.299608] loop: module loaded
[    6.302267] nbd: registered device at major 43
[    6.361386]  vda: vda1 vda2
[    6.373007] tun: Universal TUN/TAP device driver, 1.6
[    6.373255] tun: (C) 1999-2004 Max Krasnyansky <maxk@qualcomm.com>
[    6.379373] usbcore: registered new interface driver usb-storage
[    6.381977] mousedev: PS/2 mouse device common for all mice
[    6.390481] usbcore: registered new interface driver usbhid
[    6.390819] usbhid: USB HID core driver
[    6.391858] TCP: cubic registered
[    6.392161] NET: Registered protocol family 17
[    6.393547] 9pnet: Installing 9P2000 support
[    6.396159] Key type dns_resolver registered
[    6.399079] registered taskstats version 1
[    6.421124] Freeing unused kernel memory: 476K (ffffffc000802000 - ffffffc000879000)
setterm: cannot (un)set powersave mode: Inappropriate ioctl for device
Fri Sep 26 00:00:00 UTC 2014
[   17.874848] systemd-udevd[790]: starting version 210
[   17.920210] random: systemd-udevd urandom read with 4 bits of entropy available
[1411689605.726550] Including oem partition info file
[1411689606.908344] Searching for boot device...
[1411689607.535903] Found boot device: /dev/vda
[1411689615.264566] Requested sizes exceeds free space on the disk:
[1411689615.331471] Disk won't be re-partitioned !

     Minimum required additional size: 500 MB:
     ==> Swap's share is: 500 MB

     Free Space on disk: 1 MB

[1411689618.047062] Filesystem of OEM system is: ext4 -> /dev/vda2
[   44.747787] EXT4-fs (vda2): recovery complete
[   44.771520] EXT4-fs (vda2): mounted filesystem with ordered data mode. Opts: (null)
[   46.599053] kjournald starting.  Commit interval 5 seconds
[   46.600221] EXT3-fs (vda1): using internal journal
[   46.624511] EXT3-fs (vda1): recovery complete
[   46.625144] EXT3-fs (vda1): mounted filesystem with ordered data mode
[   50.119927] EXT3-fs (vda1): using internal journal
[   50.120361] EXT3-fs (vda1): mounted filesystem with ordered data mode
[   50.125791] kjournald starting.  Commit interval 5 seconds
/dev/vda1: LABEL="BOOT" UUID="f2626705-84e7-4031-8c32-a92abfc654b6" TYPE="ext3" PARTUUID="baf8895c-01"
[1411689627.969490] Creating boot loader configuration
[1411689638.891919] Activating Image: [/dev/vda2]
[1411689640.896162] Preparing preinit phase...

[1411689642.334754] Booting System:
[   69.643827] kjournald starting.  Commit interval 5 seconds
[   69.643936] EXT3-fs (vda1): using internal journal
[   69.644647] EXT3-fs (vda1): mounted filesystem with ordered data mode
[    0.529308] Calling pre-init stage in system image
[   80.243619] systemd-udevd[1899]: starting version 210
[    2.099635] Module dependency update failed.
[    2.165966] Creating dracut based initrd
[  165.735534] random: nonblocking pool is initialized
Image Name:   Boot-Script
Created:      Fri Sep 26 02:04:03 2014
Image Type:   ARM Linux Script (uncompressed)
Data Size:    1898 Bytes = 1.85 kB = 0.00 MB
Load Address: 00000000
Entry Point:  00000000
Contents:
   Image 0: 1890 Bytes = 1.85 kB = 0.00 MB
skiped writing MBR ID for aarch64
[  264.045161] systemd[1]: systemd 210 running in system mode. (+PAM -LIBWRAP +AUDIT +SELINUX -IMA +SYSVINIT +LIBCRYPTSETUP +GCRYPT +ACL +XZ -SECCOMP +APPARMOR)
[  264.077523] systemd[1]: Detected architecture 'arm64'.

Welcome to openSUSE Factory (Bottle) (aarch64)!

[  264.122966] systemd[1]: Failed to insert module 'autofs4'
[  264.124679] systemd[1]: Failed to insert module 'ipv6'
[  264.139718] systemd[1]: Set hostname to <linux>.
[  266.301712] systemd-fstab-generator[3968]: Checking was requested for /dev/vda2, but /sbin/fsck.ext4 cannot be used: No such file or directory
[  266.304585] systemd-fstab-generator[3968]: Checking was requested for /dev/vda1, but /sbin/fsck.ext3 cannot be used: No such file or directory
[  268.228560] systemd[1]: Unit boot.mount is bound to inactive service. Stopping, too.
[  268.237159] systemd[1]: Cannot add dependency job for unit display-manager.service, ignoring: Unit display-manager.service failed to load: No such file or directory.
[  268.249899] systemd[1]: Starting Remote File Systems (Pre).
[  OK  ] Reached target Remote File Systems (Pre).
[  268.256386] systemd[1]: Reached target Remote File Systems (Pre).
[  268.257059] systemd[1]: Starting Remote File Systems.
[  OK  ] Reached target Remote File Systems.
[  268.258731] systemd[1]: Reached target Remote File Systems.
[  268.259596] systemd[1]: Starting Dispatch Password Requests to Console Directory Watch.
[  268.262316] systemd[1]: Started Dispatch Password Requests to Console Directory Watch.
[  268.262782] systemd[1]: Starting Paths.
[  OK  ] Reached target Paths.
[  268.264475] systemd[1]: Reached target Paths.
[  268.266451] systemd[1]: Set up automount Arbitrary Executable File Formats File System Automount Point.
[  268.267062] systemd[1]: Starting Swap.
[  OK  ] Reached target Swap.
[  268.268636] systemd[1]: Reached target Swap.
[  268.269022] systemd[1]: Starting Root Slice.
[  OK  ] Created slice Root Slice.
[  268.332797] systemd[1]: Created slice Root Slice.
[  268.333404] systemd[1]: Starting udev Control Socket.
[  OK  ] Listening on udev Control Socket.
[  268.337537] systemd[1]: Listening on udev Control Socket.
[  268.338072] systemd[1]: Starting udev Kernel Socket.
[  OK  ] Listening on udev Kernel Socket.
[  268.340673] systemd[1]: Listening on udev Kernel Socket.
[  268.341229] systemd[1]: Starting Journal Socket.
[  OK  ] Listening on Journal Socket.
[  268.344271] systemd[1]: Listening on Journal Socket.
[  268.344858] systemd[1]: Starting Device-mapper event daemon FIFOs.
[  OK  ] Listening on Device-mapper event daemon FIFOs.
[  268.348934] systemd[1]: Listening on Device-mapper event daemon FIFOs.
[  268.349490] systemd[1]: Starting LVM2 metadata daemon socket.
[  OK  ] Listening on LVM2 metadata daemon socket.
[  268.351636] systemd[1]: Listening on LVM2 metadata daemon socket.
[  268.352020] systemd[1]: Starting Delayed Shutdown Socket.
[  OK  ] Listening on Delayed Shutdown Socket.
[  268.354326] systemd[1]: Listening on Delayed Shutdown Socket.
[  268.354720] systemd[1]: Starting /dev/initctl Compatibility Named Pipe.
[  OK  ] Listening on /dev/initctl Compatibility Named Pipe.
[  268.357401] systemd[1]: Listening on /dev/initctl Compatibility Named Pipe.
[  268.357952] systemd[1]: Starting Syslog Socket.
[  OK  ] Listening on Syslog Socket.
[  268.360033] systemd[1]: Listening on Syslog Socket.
[  268.360495] systemd[1]: Starting User and Session Slice.
[  OK  ] Created slice User and Session Slice.
[  268.366466] systemd[1]: Created slice User and Session Slice.
[  268.367072] systemd[1]: Starting System Slice.
[  OK  ] Created slice System Slice.
[  268.371091] systemd[1]: Created slice System Slice.
[  268.372208] systemd[1]: Mounting Huge Pages File System...
         Mounting Huge Pages File System...
[  268.397670] systemd[1]: Mounting POSIX Message Queue File System...
         Mounting POSIX Message Queue File System...
[  268.421884] systemd[1]: Started Create list of required static device nodes for the current kernel.
[  268.448269] systemd[1]: Starting Create static device nodes in /dev...
         Starting Create static device nodes in /dev...
[  268.531428] systemd[1]: Starting Journal Service...
         Starting Journal Service...
[  OK  ] Started Journal Service.
[  268.646247] systemd[1]: Started Journal Service.
[  OK  ] Created slice system-serial\x2dgetty.slice.
[  OK  ] Created slice system-getty.slice.
         Starting Device-mapper event daemon...
         Starting LVM2 metadata daemon...
         Starting Collect Read-Ahead Data...
         Starting Create dynamic rule for /dev/root link...
[  OK  ] Reached target Slices.
[  OK  ] Started Create static device nodes in /dev.
[  OK  ] Mounted Huge Pages File System.
[  OK  ] Mounted POSIX Message Queue File System.
[  OK  ] Started Device-mapper event daemon.
[  OK  ] Started LVM2 metadata daemon.
[  OK  ] Started Collect Read-Ahead Data.
         Starting Setup Virtual Console...
         Starting Load Kernel Modules...
         Starting Remount Root and Kernel File Systems...
[FAILED] Failed to start Load Kernel Modules.
See "systemctl status systemd-modules-load.service" for details.
         Mounting FUSE Control File System...
[  OK  ] Started Create dynamic rule for /dev/root link.
         Starting udev Kernel Device Manager...
[  OK  ] Mounted FUSE Control File System.
[  OK  ] Started udev Kernel Device Manager.
[  273.743241] EXT4-fs (vda2): re-mounted. Opts: nobarrier
[  OK  ] Started Remount Root and Kernel File Systems.
         Starting Load/Save Random Seed...
[  OK  ] Reached target Local File Systems (Pre).
         Mounting /sys/kernel/debug...
         Starting Apply Kernel Variables...
[  OK  ] Started Setup Virtual Console.
[  OK  ] Started Load/Save Random Seed.
[  OK  ] Started Apply Kernel Variables.
[  OK  ] Mounted /sys/kernel/debug.
         Starting udev Coldplug all Devices...
[  OK  ] Started udev Coldplug all Devices.
         Starting udev Wait for Complete Device Initialization...
[  OK  ] Started udev Wait for Complete Device Initialization.
         Starting Activation of LVM2 logical volumes...
[  OK  ] Started Activation of LVM2 logical volumes.
[  OK  ] Reached target Encrypted Volumes.
         Starting Activation of LVM2 logical volumes...
[  OK  ] Started Activation of LVM2 logical volumes.
[  OK  ] Reached target Local File Systems.
         Starting Trigger Flushing of Journal to Persistent Storage...
         Starting Create Volatile Files and Directories...
[  277.955894] systemd-journald[3974]: Received request to flush runtime journal from PID 1
[  OK  ] Started Trigger Flushing of Journal to Persistent Storage.
[  OK  ] Started Create Volatile Files and Directories.
         Starting Update UTMP about System Reboot/Shutdown...
[  OK  ] Started Update UTMP about System Reboot/Shutdown.
[  OK  ] Reached target System Initialization.
[  OK  ] Listening on D-Bus System Message Bus Socket.
[  OK  ] Reached target Sockets.
[  OK  ] Reached target Timers.
         Starting Restore Sound Card State...
[  OK  ] Reached target Basic System.
         Starting Permit User Sessions...
         Starting /etc/init.d/boot.local Compatibility...
         Starting System Logging Service...
         Starting Purge old kernels...
         Starting D-Bus System Message Bus...
[  OK  ] Started D-Bus System Message Bus.
         Starting wicked DHCPv4 supplicant service...
         Starting wicked DHCPv6 supplicant service...
         Starting wicked AutoIPv4 supplicant service...
         Starting Login Service...
[  OK  ] Started Restore Sound Card State.
[  OK  ] Started Permit User Sessions.
[  OK  ] Started /etc/init.d/boot.local Compatibility.
[  OK  ] Started wicked DHCPv6 supplicant service.
[  OK  ] Started wicked AutoIPv4 supplicant service.
[  OK  ] Started wicked DHCPv4 supplicant service.
[  OK  ] Started Login Service.
         Starting wicked network management service daemon...
         Starting Serial Getty on ttyAMA0...
[  OK  ] Started Serial Getty on ttyAMA0.
         Starting Getty on tty1...
[  OK  ] Started Getty on tty1.
[  OK  ] Reached target Login Prompts.
         Starting /etc/init.d/after.local Compatibility...
[  OK  ] Started /etc/init.d/after.local Compatibility.
[  OK  ] Started wicked network management service daemon.
         Starting wicked network nanny service...
[  OK  ] Started System Logging Service.
[  OK  ] Started wicked network nanny service.
         Starting wicked managed network interfaces...

Welcome to openSUSE Factory "Bottle" - Kernel 3.17.0-rc6+ (ttyAMA0).


linux login: root
Password:


Have a lot of fun...


linux:~ #
linux:~ #
linux:~ #
linux:~ #
linux:~ # ls
.bash_history  .gnupg  .local  bin
linux:~ # ps -ef
UID        PID  PPID  C STIME TTY          TIME CMD
root         1     0  4 01:59 ?        00:00:13 /bin/systemd
root         2     0  0 01:59 ?        00:00:00 [kthreadd]
root         3     2  0 01:59 ?        00:00:00 [ksoftirqd/0]
root         4     2  0 01:59 ?        00:00:00 [kworker/0:0]
root         5     2  0 01:59 ?        00:00:00 [kworker/0:0H]
root         6     2  0 01:59 ?        00:00:01 [kworker/u2:0]
root         7     2  1 01:59 ?        00:00:03 [rcu_preempt]
root         8     2  0 01:59 ?        00:00:00 [rcu_sched]
root         9     2  0 01:59 ?        00:00:00 [rcu_bh]
root        10     2  0 01:59 ?        00:00:00 [migration/0]
root        11     2  0 01:59 ?        00:00:00 [watchdog/0]
root        12     2  0 01:59 ?        00:00:00 [khelper]
root        13     2  0 01:59 ?        00:00:00 [kdevtmpfs]
root        14     2  0 01:59 ?        00:00:00 [kworker/u2:1]
root        98     2  0 01:59 ?        00:00:00 [khungtaskd]
root        99     2  0 01:59 ?        00:00:00 [writeback]
root       101     2  0 01:59 ?        00:00:00 [ksmd]
root       103     2  0 01:59 ?        00:00:00 [khugepaged]
root       105     2  0 01:59 ?        00:00:00 [crypto]
root       107     2  0 01:59 ?        00:00:00 [bioset]
root       109     2  0 01:59 ?        00:00:00 [kblockd]
root       111     2  0 01:59 ?        00:00:00 [ata_sff]
root       113     2  0 01:59 ?        00:00:00 [khubd]
root       253     2  0 01:59 ?        00:00:00 [kworker/0:1]
root       260     2  0 01:59 ?        00:00:00 [rpciod]
root       359     2  0 01:59 ?        00:00:00 [kswapd0]
root       384     2  0 01:59 ?        00:00:00 [fsnotify_mark]
root       396     2  0 01:59 ?        00:00:00 [nfsiod]
root       476     2  0 01:59 ?        00:00:00 [kpsmoused]
root       485     2  0 01:59 ?        00:00:00 [deferwq]
root       487     2  0 01:59 ?        00:00:00 [kworker/u2:2]
root      1497     2  0 02:00 ?        00:00:00 [kworker/0:1H]
root      1498     2  0 02:00 ?        00:00:01 [jbd2/vda2-8]
root      1499     2  0 02:00 ?        00:00:00 [ext4-rsv-conver]
root      1837     2  0 02:00 ?        00:00:00 [kjournald]
root      3974     1  2 02:04 ?        00:00:00 /usr/lib/systemd/systemd-journal
root      3975     2  0 02:04 ?        00:00:00 [kauditd]
root      3981     1  3 02:04 ?        00:00:01 /usr/lib/systemd/systemd-readahe
root      3982     1  0 02:04 ?        00:00:00 /sbin/dmeventd
root      3984     2  0 02:04 ?        00:00:00 [kworker/0:2]
root      3985     1  0 02:04 ?        00:00:00 /sbin/lvmetad
root      4003     1  1 02:04 ?        00:00:00 /usr/lib/systemd/systemd-udevd
root      4232     2  0 02:04 ?        00:00:00 [kworker/0:3]
message+  4431     1  1 02:04 ?        00:00:00 /bin/dbus-daemon --system --addr
root      4440     1  1 02:04 ?        00:00:00 /usr/lib/wicked/bin/wickedd-dhcp
root      4441     1  1 02:04 ?        00:00:00 /usr/lib/wicked/bin/wickedd-dhcp
root      4442     1  1 02:04 ?        00:00:00 /usr/lib/wicked/bin/wickedd-auto
root      4443     1  0 02:04 ?        00:00:00 /usr/lib/systemd/systemd-logind
root      4445     1  1 02:04 ?        00:00:00 /usr/sbin/rsyslogd -n
root      4461     1  1 02:04 ?        00:00:00 /usr/sbin/wickedd --systemd --fo
root      4463     1  1 02:04 ?        00:00:00 login -- root
root      4465     1  0 02:04 tty1     00:00:00 /sbin/agetty --noclear tty1 linu
root      4472     1  0 02:04 ?        00:00:00 /usr/sbin/wickedd-nanny --system
root      4474     1  1 02:04 ?        00:00:00 /usr/sbin/wicked --systemd ifup
root      4604     1  4 02:04 ?        00:00:00 /usr/lib/systemd/systemd --user
root      4606  4604  0 02:04 ?        00:00:00 (sd-pam)
root      4607  4463  9 02:04 ttyAMA0  00:00:00 -bash
root      4642  4607 99 02:04 ttyAMA0  00:00:00 ps -ef
linux:~ # uname -a
Linux linux 3.17.0-rc6+ #1 SMP PREEMPT Fri Sep 26 11:58:12 CST 2014 aarch64 aarch64 aarch64 GNU/Linux
linux:~ # df -h
Filesystem      Size  Used Avail Use% Mounted on
/dev/vda2       737M  566M  119M  83% /
devtmpfs        469M  8.0K  469M   1% /dev
tmpfs           500M     0  500M   0% /dev/shm
tmpfs           500M  156M  345M  32% /run
/dev/vda1       196M   21M  165M  12% /boot
tmpfs           500M     0  500M   0% /sys/fs/cgroup
linux:~ #
linux:~ # poweroff
         Stopping LVM2 metadata daemon...
         Stopping User Manager for UID 0...
[  OK  ] Stopped target Graphical Interface.
[  OK  ] Stopped target Multi-User System.
         Stopping System Logging Service...
         Stopping NTP Server Daemon...
         Stopping OpenSSH Daemon...
         Stopping /etc/init.d/after.local Compatibility...
[  OK  ] Stopped /etc/init.d/after.local Compatibility.
[  OK  ] Stopped target Login Prompts.
         Stopping Serial Getty on ttyAMA0...
         Stopping Login Service...
         Stopping Getty on tty1...
         Starting Store Sound Card State...
[  OK  ] Stopped LVM2 metadata daemon.
[  OK  ] Stopped Login Service.
[  OK  ] Stopped System Logging Service.
[  OK  ] Stopped User Manager for UID 0.
[  OK  ] Stopped NTP Server Daemon.
[  OK  ] Stopped OpenSSH Daemon.
[FAILED] Failed to start Store Sound Card State.
See "systemctl status alsa-store.service" for details.
[  OK  ] Stopped target Network.
         Stopping wicked managed network interfaces...
[  OK  ] Removed slice user-0.slice.
[  OK  ] Stopped wicked managed network interfaces.
         Stopping wicked network nanny service...
[  OK  ] Stopped wicked network nanny service.
         Stopping wicked network management service daemon...
[  OK  ] Stopped wicked network management service daemon.
         Stopping wicked DHCPv4 supplicant service...
         Stopping wicked DHCPv6 supplicant service...
         Stopping wicked AutoIPv4 supplicant service...
[  OK  ] Stopped wicked DHCPv6 supplicant service.
[  OK  ] Stopped wicked DHCPv4 supplicant service.
[  OK  ] Stopped wicked AutoIPv4 supplicant service.
         Stopping D-Bus System Message Bus...
[  OK  ] Stopped D-Bus System Message Bus.
[  OK  ] Stopped Serial Getty on ttyAMA0.
[  OK  ] Stopped Getty on tty1.
[  OK  ] Removed slice system-getty.slice.
[  OK  ] Removed slice system-serial\x2dgetty.slice.
         Stopping /etc/init.d/boot.local Compatibility...
[  OK  ] Stopped /etc/init.d/boot.local Compatibility.
         Stopping Permit User Sessions...
[  OK  ] Stopped Permit User Sessions.
[  OK  ] Stopped target Basic System.
[  OK  ] Stopped target Slices.
[  OK  ] Removed slice User and Session Slice.
[  OK  ] Stopped target Paths.
[  OK  ] Stopped target Timers.
[  OK  ] Stopped target Sockets.
[  OK  ] Closed Syslog Socket.
[  OK  ] Closed D-Bus System Message Bus Socket.
[  OK  ] Stopped target System Initialization.
         Stopping Apply Kernel Variables...
[  OK  ] Stopped Apply Kernel Variables.
         Stopping Setup Virtual Console...
[  OK  ] Stopped Setup Virtual Console.
         Unmounting /sys/kernel/debug...
         Stopping Load/Save Random Seed...
[  OK  ] Stopped target Encrypted Volumes.
[  OK  ] Stopped target Swap.
         Stopping Update UTMP about System Reboot/Shutdown...
[  OK  ] Stopped target Remote File Systems.
[  OK  ] Stopped target Remote File Systems (Pre).
[  OK  ] Stopped Load/Save Random Seed.
[  OK  ] Stopped Update UTMP about System Reboot/Shutdown.
[  OK  ] Unmounted /sys/kernel/debug.
         Stopping Create Volatile Files and Directories...
[  OK  ] Stopped Create Volatile Files and Directories.
[  OK  ] Stopped target Local File Systems.
         Unmounting /var/lib/ntp/proc...
         Unmounting /boot...
         Unmounting Runtime Directory...
[  OK  ] Unmounted /var/lib/ntp/proc.
[  OK  ] Unmounted Runtime Directory.
[  OK  ] Unmounted /boot.
[  OK  ] Reached target Unmount All Filesystems.
[  OK  ] Stopped target Local File Systems (Pre).
         Stopping Remount Root and Kernel File Systems...
[  OK  ] Stopped Remount Root and Kernel File Systems.
         Stopping Collect Read-Ahead Data...
[  OK  ] Stopped Collect Read-Ahead Data.
[  OK  ] Reached target Shutdown.
[  693.801865] reboot: System halted

